[09:09:43.907] [N] CopilotBuddy v1.6.6 started. Original HonorBuddy by Apoc, raphus, highvoltz, bobby53, xanathos, chinajade. Ported to WotLK 3.3.5a by Likon69.
[09:09:44.241] [N] Searching for WoW process...
[09:09:44.350] [N] Please wait a few seconds while CopilotBuddy initializes.
[09:09:44.350] [D] Using WoW with process ID 25700
[09:09:44.350] [D] Platform: x86
[09:09:44.350] [D] Executable Path: D:\World of Warcraft 3.3.5a\CB\
[09:09:44.373] [D] [ObjectManager] WoW build 12340 detected - OK
[09:09:44.375] [D] [ObjectManager] D3DDevicePtr = 0x00C5DF88
[09:09:44.375] [D] [ObjectManager] devicePtrAddr = 0x052FCBD0
[09:09:44.375] [D] [ObjectManager] device = 0x0A4EFE60 (at 0x0530054C)
[09:09:44.375] [D] [ObjectManager] vtablePtr = 0x0A4F2DBC
[09:09:44.375] [D] [ObjectManager] endSceneAddr = 0x643348F0 (at 0x0A4F2E64)
[09:09:44.375] [D] [ObjectManager] D3D: Device=0x0A4EFE60, VTable=0x0A4F2DBC, EndScene=0x643348F0
[09:09:44.375] [D] [ObjectManager] Creating ExecutorRand...
[09:09:44.417] [D] [ObjectManager] ExecutorRand created, IsInitialized = True
[09:09:44.417] [D] [ObjectManager] EndScene hook succeeded
[09:09:44.422] [D] [ObjectManager] Initialized successfully
[09:09:44.423] [N] Attached to WoW with ID 25700
[09:09:44.424] [N] Character is a level 25 BloodElf Paladin
[09:09:44.425] [N] Current zone is The Barrens
[09:09:44.442] [D] [Settings] Loaded settings for character: Jeof
[09:09:44.442] [N] Initializing Combat Routines...
[09:09:44.445] [D] Looking for routines in: D:\World of Warcraft 3.3.5a\CB\Routines
[09:09:44.446] [D] Compiling Singular wotlk
[09:09:46.427] [N] Could not compile routine from: Singular wotlk
[09:09:46.427] [N] File: Rest.cs Line: 70 Error: The name 'LiquidEnvironment' does not exist in the current context
File: Rest.cs Line: 86 Error: The name 'LiquidEnvironment' does not exist in the current context

[09:09:46.427] [N] Loaded 0 combat routine(s)
[09:09:46.434] [N] Could not find a routine fitting for your class. Please make sure you have a proper combat class routine in your Routines folder, and restart CopilotBuddy. Using default.
[09:09:46.436] [D] Loading built-in bots from assembly: CopilotBuddy
[09:09:46.457] [D] Found bot type: PartyBot.DiscoBot
[09:09:46.458] [N] New bot added: Party Bot
[09:09:46.458] [D] Loaded built-in bot: Party Bot
[09:09:46.458] [D] Found bot type: Bots.Quest.QuestBot
[09:09:46.458] [N] New bot added: Questing
[09:09:46.458] [D] Loaded built-in bot: Questing
[09:09:46.458] [D] Found bot type: Bots.Grind.LevelBot
[09:09:46.458] [N] New bot added: Grind
[09:09:46.458] [D] Loaded built-in bot: Grind
[09:09:46.458] [D] Found bot type: Bots.Gatherbuddy.GatherbuddyBot
[09:09:46.458] [N] New bot added: GatherBuddy
[09:09:46.458] [D] Loaded built-in bot: GatherBuddy
[09:09:46.458] [D] Found bot type: Bots.DungeonBuddy.DungeonBuddy
[09:09:46.459] [N] New bot added: DungeonBuddy
[09:09:46.459] [D] Loaded built-in bot: DungeonBuddy
[09:09:46.459] [D] Found bot type: Bots.BGBuddy.BGBuddy
[09:09:46.459] [N] New bot added: BGBuddy
[09:09:46.459] [D] Loaded built-in bot: BGBuddy
[09:09:46.459] [D] Built-in bot loading complete. 6 bots loaded.
[09:09:46.463] [N] Loading bots from: D:\World of Warcraft 3.3.5a\CB\Bots
[09:09:46.472] [N] Found 122 source files
[09:09:46.478] [N] Found 0 dll files
[09:09:46.478] [N] Compiling: CombatBot.cs
[09:09:46.791] [N] Compiled successfully: CombatBot.cs
[09:09:46.791] [N] Compiling directory: Auto Angler 2/ (23 files)
[09:09:47.036] [N] Compiled successfully: Auto Angler 2/
[09:09:47.036] [N] Compiling directory: LazyRaider/ (4 files)
[09:09:47.220] [N] Compiled successfully: LazyRaider/
[09:09:47.220] [N] Compiling directory: ProfessionBuddy/ (52 files)
[09:09:47.768] [N] Compiled successfully: ProfessionBuddy/
[09:09:47.768] [N] Compiling directory: Templar/ (27 files)
[09:09:48.055] [N] Compiled successfully: Templar/
[09:09:48.055] [N] Compiling directory: Tyrael/ (5 files)
[09:09:48.194] [N] Compiled successfully: Tyrael/
[09:09:48.194] [N] Compiling directory: WholesomeAutoQuest-master/ (10 files)
[09:09:48.621] [N] Compiled successfully: WholesomeAutoQuest-master/
[09:09:48.621] [N] ClassCollection contains 7 compiled bots
[09:09:48.621] [N] Adding bot: Combat Bot
[09:09:48.621] [N] New bot added: Combat Bot
[09:09:48.621] [N] Adding bot: AutoAngler
[09:09:48.621] [N] New bot added: AutoAngler
[09:09:48.621] [N] Adding bot: LazyRaider
[09:09:48.621] [N] New bot added: LazyRaider
[09:09:48.621] [N] Adding bot: ProfessionBuddy
[09:09:48.622] [N] New bot added: ProfessionBuddy
[09:09:48.622] [N] Adding bot: Templar
[09:09:48.622] [N] New bot added: Templar
[09:09:48.622] [N] Adding bot: Tyrael
[09:09:48.622] [N] New bot added: Tyrael
[09:09:48.622] [N] Adding bot: Wholesome Auto Quest
[09:09:48.622] [N] New bot added: Wholesome Auto Quest
[09:09:48.622] [N] Bot loading complete. 13 bots loaded.
[09:09:48.622] [N] Initializing Plugins...
[09:09:49.315] [D] [WeightSet] Selected weight set: Paladin-Holy
[09:09:50.558] [N] [DeathStallRecovery] Enabled. The bot will stop if corpse recovery makes no movement progress for 60 seconds.
[09:09:51.473] [D] Rarekiller: Loading config file: D:\World of Warcraft 3.3.5a\CB\Plugins\RareKiller\config\Rarekiller.config
[09:09:51.473] [D] Root element is missing.
[09:09:51.473] [N] Rarekiller: Continuing with Default Config Values
[09:09:51.474] [D] Rarekiller: Loading config file: D:\World of Warcraft 3.3.5a\CB\Plugins\RareKiller\config\Rarekiller.config
[09:09:51.474] [D] Root element is missing.
[09:09:51.474] [N] Rarekiller: Continuing with Default Config Values
[09:09:51.475] [N] Rare Mob Killer - Version 3.3 Loaded.
[09:09:51.475] [N] Rarekiller Part Tamer: I'm no Hunter. Deactivate the Tamer Part
[09:09:52.014] [N] [VendorRecovery] Enabled. Failed Sell/Repair vendors will be skipped after 35 seconds at the NPC.
[09:09:52.206] [N] Plugin loading complete. 16 plugins loaded.
[09:09:52.206] [N] Plugins refreshed successfully.
[09:09:52.209] [N] Changing current bot to: Wholesome Auto Quest
[09:12:51.047] [D] [Settings] Saved all settings
[09:12:51.048] [N] Starting the bot.
[09:12:51.048] [N] Currently Using BotBase : Wholesome Auto Quest
[09:12:51.049] [N] Character is a level 25 BloodElf Paladin
[09:12:51.049] [N] Current zone is The Barrens
[09:12:51.058] [D] [WoWDb] Loaded 237 DBC tables
[09:12:51.059] [D] [WoWDb]   Key=235 (0x000000EB) Rows=1893
[09:12:51.059] [D] [WoWDb]   Key=236 (0x000000EC) Rows=7655
[09:12:51.059] [D] [WoWDb]   Key=237 (0x000000ED) Rows=86
[09:12:51.059] [D] [WoWDb]   Key=238 (0x000000EE) Rows=506
[09:12:51.059] [D] [WoWDb]   Key=239 (0x000000EF) Rows=291
[09:12:51.059] [D] [WoWDb] Lock DBC lookup: FOUND (rows=388)
[09:12:51.059] [D] [WoWDb] ClientDb.Lock enum value = 356 (0x00000164)
[09:12:51.059] [D] Loading profile from D:\World of Warcraft 3.3.5a\CB\Bots\WholesomeAutoQuest\WHOLESOME_AUTOQUESTER.xml
[09:12:51.101] [N] Profile loaded: WholesomeAQ - The Barrens
[09:12:51.102] [D] Selected sub-profile: WholesomeAQ - The Barrens (L1-80)
[09:12:51.285] [D] [WholesomeAQ] Navigation fingerprint unknown: provider or mesh-root stamp unavailable.
[09:12:51.872] [D] [QuestLog] Loaded 66 completed quests from Lua fallback
[09:12:51.905] [D] [ProfileBatchManager] Batch reset for new profile session.
[09:12:51.906] [N] [Wholesome Auto Quest] Class Paladin → PullDistance set to 24
[09:12:51.907] [N] [Wholesome Auto Quest] Initial scheduler build.
[09:12:52.323] [D] [WholesomeAQ] Quest chain correction: ancestor=1062; descendant=1063.
[09:12:52.323] [D] [WholesomeAQ] Quest chain correction: ancestor=1062; descendant=1068.
[09:12:52.326] [D] [WholesomeAQ] Quest chain correction: ancestor=6548; descendant=6629.
[09:12:52.367] [N] Loaded 0 global blackspots
[09:12:52.385] [D] [QuestRecovery] quest=9067, stage=Objective, old=Quarantined, new=Quarantined, reason=InvalidQuestData, episode=1, attempt=1, retry=5/9/2026 7:12:52 AM
[09:12:52.403] [D] Loading profile from D:\World of Warcraft 3.3.5a\CB\Bots\WholesomeAutoQuest\WHOLESOME_AUTOQUESTER.xml
[09:12:52.408] [N] Profile loaded: WholesomeAQ - The Barrens
[09:12:52.436] [D] Selected sub-profile: WholesomeAQ - The Barrens (L1-80)
[09:12:52.436] [N] [Wholesome Auto Quest] Profile refreshed - Selected 1 quest work candidate(s). selected quest=6548;stage=AncestorCorrection;state=Eligible. excluded quest=104;stage=Pickup;npc=392;reason=outside-scan-radius;retry=context-change excluded quest=1062;stage=AncestorCorrection;objective=0;reason=outside-scan-radius;retry=context-change. excluded quest=1069;stage=Pickup;npc=3446;reason=outside-scan-radius;retry=context-change excluded quest=1087;stage=Pickup;npc=4198;reason=outside-scan-radius;retry=context-change excluded quest=1093;stage=Pickup;npc=4201;reason=outside-scan-radius;retry=context-change excluded quest=11127;stage=Pickup;scope=QuestStage;retry=2026-09-05T06:10:20.8287986Z;state=Quarantined. excluded quest=118;stage=Pickup;npc=415;reason=outside-scan-radius;retry=context-change excluded quest=1195;stage=Pickup;npc=4721;reason=outside-scan-radius;retry=context-change excluded quest=14106;stage=Pickup;scope=QuestStage;retry=2026-09-05T06:10:20.8250193Z;state=Quarantined. excluded quest=1483;stage=Pickup;npc=3442;reason=outside-scan-radius;retry=context-change excluded quest=152;stage=Pickup;npc=392;reason=outside-scan-radius;retry=context-change excluded quest=2098;stage=Pickup;npc=6667;reason=outside-scan-radius;retry=context-change excluded quest=216;stage=Pickup;npc=12757;reason=outside-scan-radius;retry=context-change excluded quest=235;stage=Pickup;npc=10880;reason=outside-scan-radius;retry=context-change excluded quest=3281;stage=TurnIn;npc=3464;reason=outside-scan-radius;retry=context-change excluded quest=4542;stage=Pickup;npc=10079;reason=outside-scan-radius;retry=context-change excluded quest=470;stage=Pickup;npc=2111;reason=outside-scan-radius;retry=context-change excluded quest=472;stage=Pickup;npc=2097;reason=outside-scan-radius;retry=context-change excluded quest=4740;stage=Pickup;npc=175320;reason=outside-scan-radius;retry=context-change excluded quest=4921;stage=Objective;objective=0;reason=outside-scan-radius;retry=context-change. excluded quest=493;stage=Pickup;npc=1937;reason=outside-scan-radius;retry=context-change excluded quest=494;stage=Pickup;npc=2214;reason=outside-scan-radius;retry=context-change excluded quest=496;stage=Pickup;npc=2216;reason=outside-scan-radius;retry=context-change excluded quest=498;stage=Pickup;npc=2229;reason=outside-scan-radius;retry=context-change excluded quest=501;stage=Pickup;npc=2216;reason=outside-scan-radius;retry=context-change excluded quest=516;stage=Pickup;npc=2121;reason=outside-scan-radius;retry=context-change excluded quest=527;stage=Pickup;npc=2215;reason=outside-scan-radius;retry=context-change excluded quest=546;stage=Pickup;npc=2418;reason=outside-scan-radius;retry=context-change excluded quest=549;stage=Pickup;npc=1763;reason=outside-scan-radius;retry=context-change excluded quest=6301;stage=Pickup;npc=11864;reason=outside-scan-radius;retry=context-change excluded quest=6382;stage=Pickup;npc=3387;reason=outside-scan-radius;retry=context-change excluded quest=6383;stage=Pickup;npc=12696;reason=outside-scan-radius;retry=context-change excluded quest=6393;stage=Pickup;npc=11862;reason=outside-scan-radius;retry=context-change excluded quest=6442;stage=Pickup;npc=12719;reason=outside-scan-radius;retry=context-change excluded quest=6461;stage=Pickup;npc=12816;reason=outside-scan-radius;retry=context-change excluded quest=6462;stage=Pickup;npc=12721;reason=outside-scan-radius;retry=context-change excluded quest=6503;stage=Pickup;npc=12867;reason=outside-scan-radius;retry=context-change excluded quest=6541;stage=Pickup;npc=3429;reason=outside-scan-radius;retry=context-change excluded quest=6542;stage=Pickup;npc=11821;reason=outside-scan-radius;retry=context-change excluded quest=6543;stage=Pickup;npc=8582;reason=outside-scan-radius;retry=context-change excluded quest=6548;stage=AncestorCorrection;objective=0;reason=outside-scan-radius;retry=context-change. excluded quest=742;stage=Pickup;npc=10881;reason=outside-scan-radius;retry=context-change excluded quest=747;stage=Objective;scope=Objective;objective=0;retry=2026-09-05T06:10:20.8040908Z;state=Quarantined. excluded quest=747;stage=Objective;scope=Objective;objective=1;retry=2026-09-05T06:10:20.8116023Z;state=Quarantined. excluded quest=7790;stage=Pickup;scope=QuestStage;retry=2026-09-05T06:10:20.8249148Z;state=Quarantined. excluded quest=843;stage=Pickup;npc=3341;reason=outside-scan-radius;retry=context-change excluded quest=8487;stage=TurnIn;npc=15402;reason=outside-scan-radius;retry=context-change excluded quest=851;stage=Pickup;npc=3389;reason=outside-scan-radius;retry=context-change excluded quest=858;stage=Pickup;npc=3439;reason=outside-scan-radius;retry=context-change excluded quest=865;stage=Pickup;npc=3446;reason=outside-scan-radius;retry=context-change excluded quest=867;stage=Objective;scope=Objective;objective=0;retry=2026-09-05T06:10:20.8137024Z;state=Quarantined. excluded quest=868;stage=Pickup;npc=3428;reason=outside-scan-radius;retry=context-change excluded quest=878;stage=Pickup;npc=3430;reason=outside-scan-radius;retry=context-change excluded quest=8889;stage=Objective;objective=0;reason=outside-scan-radius;retry=context-change. excluded quest=8889;stage=Objective;objective=1;reason=outside-scan-radius;retry=context-change. excluded quest=8889;stage=Objective;objective=2;reason=outside-scan-radius;retry=context-change. excluded quest=891;stage=Objective;objective=0;reason=outside-scan-radius;retry=context-change. excluded quest=891;stage=Objective;objective=1;reason=outside-scan-radius;retry=context-change. excluded quest=891;stage=Objective;objective=2;reason=outside-scan-radius;retry=context-change. excluded quest=891;stage=Objective;scope=Objective;objective=3;retry=2026-09-05T06:10:20.8169213Z;state=Quarantined. excluded quest=893;stage=Pickup;npc=3433;reason=outside-scan-radius;retry=context-change excluded quest=894;stage=TurnIn;npc=4141;reason=outside-scan-radius;retry=context-change excluded quest=896;stage=Objective;scope=Objective;objective=0;retry=2026-09-05T06:10:20.8197153Z;state=Quarantined. excluded quest=9067;stage=Objective;objective=0;reason=no-known-hotspots;retry=context-change. excluded quest=9151;stage=Pickup;npc=16199;reason=outside-scan-radius;retry=context-change excluded quest=9157;stage=TurnIn;npc=16201;reason=outside-scan-radius;retry=context-change excluded quest=9214;stage=Pickup;npc=16220;reason=outside-scan-radius;retry=context-change excluded quest=9218;stage=Pickup;npc=16205;reason=outside-scan-radius;retry=context-change excluded quest=9275;stage=Pickup;npc=16464;reason=outside-scan-radius;retry=context-change excluded quest=9276;stage=Pickup;npc=16463;reason=outside-scan-radius;retry=context-change excluded quest=9281;stage=Pickup;npc=16480;reason=outside-scan-radius;retry=context-change excluded quest=9388;stage=Pickup;scope=QuestStage;retry=2026-09-05T06:10:20.8314367Z;state=Quarantined. excluded quest=9389;stage=Pickup;scope=QuestStage;retry=2026-09-05T06:10:20.8315248Z;state=Quarantined. excluded quest=9425;stage=Pickup;npc=16287;reason=outside-scan-radius;retry=context-change excluded quest=9428;stage=Pickup;npc=17098;reason=outside-scan-radius;retry=context-change excluded quest=959;stage=Pickup;npc=3665;reason=outside-scan-radius;retry=context-change excluded quest=962;stage=Pickup;npc=3419;reason=outside-scan-radius;retry=context-change excluded quest=965;stage=Pickup;npc=3657;reason=outside-scan-radius;retry=context-change excluded quest=9749;stage=Pickup;scope=QuestStage;retry=2026-09-05T06:10:20.8275214Z;state=Quarantined.
[09:12:52.438] [N] [Wholesome Auto Quest] Started with quest data loaded.
[09:12:52.499] [N] [SpellDb] Loaded 49816 spells from Spells.bin
[09:12:52.538] [D] Setting CVars: autoSelfCast=1, autoLootDefault=1
[09:12:52.605] [D] Cleared POI
[09:12:52.613] [D] Refresh() called. LastCount=0, CurrentCount=33
[09:12:52.613] [N] Building spell book
[09:12:52.613] [D] Found 33 spells from LocalPlayer.KnownSpells
[09:12:52.614] [N] Adding Arcane Affinity
[09:12:52.614] [N] Adding Arcane Torrent
[09:12:52.614] [N] Adding Auto Attack
[09:12:52.615] [N] Adding Block
[09:12:52.615] [N] Adding Dodge
[09:12:52.615] [N] Adding Magic Resistance
[09:12:52.616] [N] Adding Parry
[09:12:52.616] [N] Adding Blessing of Wisdom
[09:12:52.616] [N] Adding Concentration Aura
[09:12:52.617] [N] Adding Consecration
[09:12:52.617] [N] Adding Exorcism
[09:12:52.617] [N] Adding Flash of Light
[09:12:52.618] [N] Adding Holy Light
[09:12:52.618] [N] Adding Lay on Hands
[09:12:52.619] [N] Adding Purify
[09:12:52.619] [N] Adding Seal of Righteousness
[09:12:52.619] [N] Adding Sense Undead
[09:12:52.620] [N] Adding Turn Evil
[09:12:52.620] [N] Adding Blessing of Kings
[09:12:52.620] [N] Adding Devotion Aura
[09:12:52.621] [N] Adding Divine Protection
[09:12:52.621] [N] Adding Hammer of Justice
[09:12:52.621] [N] Adding Hand of Freedom
[09:12:52.622] [N] Adding Hand of Protection
[09:12:52.622] [N] Adding Hand of Reckoning
[09:12:52.623] [N] Adding Righteous Defense
[09:12:52.623] [N] Adding Righteous Fury
[09:12:52.623] [N] Adding Seal of Justice
[09:12:52.624] [N] Adding Blessing of Might
[09:12:52.624] [N] Adding Judgement of Light
[09:12:52.625] [N] Adding Judgement of Wisdom
[09:12:52.625] [N] Adding Retribution Aura
[09:12:52.625] [N] Adding Seal of Command
[09:12:52.626] [N] Spell book built
[09:12:52.629] [D] [SpellManager] Initialize — subscribed to BotEvents.OnBotStart
[09:12:53.149] [D] [Talented] SelectMajorTalentTree called but not needed in WotLK 3.3.5a
[09:12:53.221] [N] Loading 1_31_32
[09:12:53.223] [N] Loading 1_31_33
[09:12:53.225] [N] Loading 1_31_34
[09:12:53.227] [N] Loading 1_32_32
[09:12:53.229] [N] Loading 1_32_33
[09:12:53.230] [N] Loading 1_32_34
[09:12:53.231] [N] Loading 1_33_32
[09:12:53.232] [N] Loading 1_33_33
[09:12:53.241] [N] Loading 1_33_34
[09:12:53.622] [N] [Database] Data.bin loaded successfully
[09:12:53.641] [N] Loading 1_31_31
[09:12:53.643] [N] Loading 1_32_31
[09:12:53.644] [N] Loading 1_33_31
[09:12:53.647] [D] [Blackspot] Area cost initialized: area 17 = 60x
[09:12:53.659] [N] Loading 1_32_35
[09:12:53.660] [N] Loading 1_32_36
[09:12:53.662] [N] Loading 1_33_35
[09:12:53.664] [N] Loading 1_33_36
[09:12:53.666] [N] Loading 1_34_34
[09:12:53.667] [N] Loading 1_34_35
[09:12:53.668] [N] Loading 1_34_36
[09:12:53.693] [N] Loading 1_33_30
[09:12:53.694] [N] Loading 1_34_30
[09:12:53.696] [N] Loading 1_34_31
[09:12:53.698] [N] Loading 1_34_32
[09:12:53.700] [N] Loading 1_35_30
[09:12:53.701] [N] Loading 1_35_31
[09:12:53.702] [N] Loading 1_35_32
[09:12:54.622] [N] Loading 1_31_35
[09:12:54.622] [N] Loading 1_30_34
[09:12:54.622] [N] Loading 1_32_30
[09:12:54.622] [N] Loading 1_31_30
[09:12:54.622] [N] Loading 1_30_35
[09:12:54.622] [N] Loading 1_31_36
[09:12:54.622] [N] Loading 1_35_34
[09:12:54.622] [N] Loading 1_30_31
[09:12:54.622] [N] Loading 1_30_33
[09:12:54.622] [N] Loading 1_35_35
[09:12:54.622] [N] Loading 1_30_30
[09:12:54.622] [N] Loading 1_30_36
[09:12:54.622] [N] Loading 1_35_36
[09:12:54.622] [N] Loading 1_29_34
[09:12:54.622] [N] Loading 1_32_37
[09:12:54.622] [N] Loading 1_33_37
[09:12:54.622] [N] Loading 1_36_35
[09:12:54.622] [N] Loading 1_29_35
[09:12:54.622] [N] Loading 1_34_37
[09:12:54.622] [N] Loading 1_31_37
[09:12:54.622] [N] Loading 1_36_34
[09:12:54.622] [N] Loading 1_30_32
[09:12:54.622] [N] Loading 1_29_31
[09:12:54.622] [N] Loading 1_29_30
[09:12:54.622] [N] Loading 1_36_36
[09:12:54.622] [N] Loading 1_29_32
[09:12:54.622] [N] Loading 1_35_37
[09:12:54.622] [N] Loading 1_29_36
[09:12:54.622] [N] Loading 1_30_37
[09:12:54.622] [N] Loading 1_36_33
[09:12:54.622] [N] Loading 1_33_38
[09:12:54.622] [N] Loading 1_37_35
[09:12:54.622] [N] Loading 1_30_29
[09:12:54.622] [N] Loading 1_35_33
[09:12:54.622] [N] Loading 1_32_38
[09:12:54.622] [N] Loading 1_37_34
[09:12:54.622] [N] Loading 1_37_33
[09:12:54.622] [N] Loading 1_31_38
[09:12:54.622] [N] Loading 1_36_37
[09:12:54.622] [N] Loading 1_29_29
[09:12:54.622] [N] Loading 1_34_38
[09:12:54.622] [N] Loading 1_36_32
[09:12:54.622] [N] Loading 1_29_33
[09:12:54.623] [N] Loading 1_37_36
[09:12:54.623] [N] Loading 1_34_33
[09:12:54.623] [N] Loading 1_29_37
[09:12:54.623] [N] Loading 1_28_31
[09:12:54.623] [N] Loading 1_37_32
[09:12:54.623] [N] Loading 1_31_29
[09:12:54.623] [N] Loading 1_28_32
[09:12:54.623] [N] Loading 1_35_38
[09:12:54.623] [N] Loading 1_28_36
[09:12:54.623] [N] Loading 1_28_35
[09:12:54.623] [N] Loading 1_28_30
[09:12:54.623] [N] Loading 1_30_38
[09:12:54.623] [N] Loading 1_36_31
[09:12:54.623] [N] Loading 1_33_39
[09:12:54.623] [N] Loading 1_28_33
[09:12:54.623] [N] Loading 1_38_35
[09:12:54.623] [N] Loading 1_34_39
[09:12:54.623] [N] Loading 1_37_31
[09:12:54.623] [N] Loading 1_32_39
[09:12:54.623] [N] Loading 1_37_37
[09:12:54.623] [N] Loading 1_28_29
[09:12:54.623] [N] Loading 1_28_37
[09:12:54.623] [N] Loading 1_30_28
[09:12:54.623] [N] Loading 1_38_36
[09:12:54.623] [N] Loading 1_31_28
[09:12:54.623] [N] Loading 1_31_39
[09:12:54.623] [N] Loading 1_36_38
[09:12:54.623] [N] Loading 1_28_34
[09:12:54.623] [N] Loading 1_29_38
[09:12:54.623] [N] Loading 1_38_34
[09:12:54.623] [N] Loading 1_29_28
[09:12:54.623] [N] Loading 1_27_36
[09:12:54.623] [N] Loading 1_27_35
[09:12:54.623] [N] Loading 1_36_30
[09:12:54.623] [N] Loading 1_30_39
[09:12:54.623] [N] Loading 1_35_39
[09:12:54.623] [N] Loading 1_39_35
[09:12:54.623] [N] Loading 1_27_34
[09:12:54.623] [N] Loading 1_27_30
[09:12:54.623] [N] Loading 1_38_37
[09:12:54.623] [N] Loading 1_27_37
[09:12:54.623] [N] Loading 1_32_28
[09:12:54.623] [N] Loading 1_28_38
[09:12:54.623] [N] Loading 1_39_36
[09:12:54.623] [N] Loading 1_32_29
[09:12:54.623] [N] Loading 1_38_31
[09:12:54.623] [N] Loading 1_31_40
[09:12:54.623] [N] Loading 1_29_39
[09:12:54.623] [N] Loading 1_27_29
[09:12:54.623] [N] Loading 1_36_39
[09:12:54.623] [N] Loading 1_39_34
[09:12:54.623] [N] Loading 1_38_32
[09:12:54.623] [N] Loading 1_32_40
[09:12:54.623] [N] Loading 1_31_27
[09:12:54.623] [N] Loading 1_33_29
[09:12:54.623] [N] Loading 1_33_28
[09:12:54.623] [N] Loading 1_27_33
[09:12:54.623] [N] Loading 1_30_40
[09:12:54.623] [N] Loading 1_34_40
[09:12:54.623] [N] Loading 1_26_35
[09:12:54.623] [N] Loading 1_26_34
[09:12:54.623] [N] Loading 1_27_32
[09:12:54.623] [N] Loading 1_33_40
[09:12:54.623] [N] Loading 1_39_37
[09:12:54.623] [N] Loading 1_35_40
[09:12:54.623] [N] Loading 1_40_35
[09:12:54.623] [N] Loading 1_32_27
[09:12:54.623] [N] Loading 1_26_33
[09:12:54.623] [N] Loading 1_26_36
[09:12:54.623] [N] Loading 1_37_38
[09:12:54.623] [N] Loading 1_27_38
[09:12:54.623] [N] Loading 1_34_29
[09:12:54.623] [N] Loading 1_28_39
[09:12:54.623] [N] Loading 1_40_36
[09:12:54.623] [N] Loading 1_34_28
[09:12:54.623] [N] Loading 1_26_37
[09:12:54.623] [N] Loading 1_33_27
[09:12:54.623] [N] Loading 1_31_41
[09:12:54.623] [N] Loading 1_38_33
[09:12:54.623] [N] Loading 1_29_40
[09:12:54.623] [N] Loading 1_37_39
[09:12:54.623] [N] Loading 1_32_41
[09:12:54.623] [N] Loading 1_30_41
[09:12:54.623] [N] Loading 1_26_29
[09:12:54.623] [N] Loading 1_27_28
[09:12:54.623] [N] Loading 1_27_31
[09:12:54.623] [N] Loading 1_26_32
[09:12:54.623] [N] Loading 1_36_40
[09:12:54.623] [N] Loading 1_40_34
[09:12:54.623] [N] Loading 1_38_38
[09:12:54.623] [N] Loading 1_35_29
[09:12:54.623] [N] Loading 1_25_35
[09:12:54.623] [N] Loading 1_26_38
[09:12:54.623] [N] Loading 1_34_27
[09:12:54.623] [N] Loading 1_28_28
[09:12:54.623] [N] Loading 1_35_28
[09:12:54.623] [N] Loading 1_39_38
[09:12:54.623] [N] Loading 1_33_41
[09:12:54.623] [N] Loading 1_40_37
[09:12:54.623] [N] Loading 1_25_34
[09:12:54.623] [N] Loading 1_41_35
[09:12:54.623] [N] Loading 1_26_30
[09:12:54.623] [N] Loading 1_26_28
[09:12:54.623] [N] Loading 1_32_26
[09:12:54.623] [N] Loading 1_33_26
[09:12:54.623] [N] Loading 1_27_39
[09:12:54.623] [N] Loading 1_37_40
[09:12:54.623] [N] Loading 1_26_31
[09:12:54.623] [N] Loading 1_41_36
[09:12:54.623] [N] Loading 1_25_33
[09:12:54.623] [N] Loading 1_38_39
[09:12:54.623] [N] Loading 1_28_40
[09:12:54.623] [N] Loading 1_31_42
[09:12:54.623] [N] Loading 1_29_41
[09:12:54.623] [N] Loading 1_35_27
[09:12:54.623] [N] Loading 1_35_41
[09:12:54.623] [N] Loading 1_34_41
[09:12:54.623] [N] Loading 1_32_42
[09:12:54.623] [N] Loading 1_25_32
[09:12:54.623] [N] Loading 1_36_29
[09:12:54.623] [N] Loading 1_40_38
[09:12:54.623] [N] Loading 1_24_34
[09:12:54.623] [N] Loading 1_36_28
[09:12:54.623] [N] Loading 1_25_37
[09:12:54.623] [N] Loading 1_24_35
[09:12:54.623] [N] Loading 1_26_39
[09:12:54.623] [N] Loading 1_25_38
[09:12:54.623] [N] Loading 1_34_26
[09:12:54.623] [N] Loading 1_30_42
[09:12:54.623] [N] Loading 1_25_31
[09:12:54.623] [N] Loading 1_31_26
[09:12:54.624] [N] Loading 1_39_39
[09:12:54.624] [N] Loading 1_33_42
[09:12:54.624] [N] Loading 1_28_41
[09:12:54.624] [N] Loading 1_35_26
[09:12:54.624] [N] Loading 1_38_40
[09:12:54.624] [N] Loading 1_27_27
[09:12:54.624] [N] Loading 1_41_37
[09:12:54.624] [N] Loading 1_36_41
[09:12:54.624] [N] Loading 1_36_27
[09:12:54.624] [N] Loading 1_24_33
[09:12:54.624] [N] Loading 1_29_42
[09:12:54.624] [N] Loading 1_41_38
[09:12:54.624] [N] Loading 1_25_39
[09:12:54.624] [N] Loading 1_34_42
[09:12:54.624] [N] Loading 1_27_40
[09:12:54.624] [N] Loading 1_40_39
[09:12:54.624] [N] Loading 1_24_32
[09:12:54.624] [N] Loading 1_39_40
[09:12:54.624] [N] Loading 1_36_26
[09:12:54.624] [N] Loading 1_25_30
[09:12:54.624] [N] Loading 1_37_41
[09:12:54.624] [N] Loading 1_26_40
[09:12:54.624] [N] Loading 1_23_34
[09:12:54.624] [N] Loading 1_33_25
[09:12:54.624] [N] Loading 1_23_33
[09:12:54.624] [N] Loading 1_32_25
[09:12:54.624] [N] Loading 1_41_34
[09:12:54.624] [N] Loading 1_30_27
[09:12:54.625] [N] Loading 1_27_41
[09:12:54.625] [N] Loading 1_31_43
[09:12:54.625] [N] Loading 1_37_27
[09:12:54.625] [N] Loading 1_35_42
[09:12:54.625] [N] Loading 1_42_35
[09:12:54.625] [N] Loading 1_32_43
[09:12:54.625] [N] Loading 1_41_39
[09:12:54.625] [N] Loading 1_28_42
[09:12:54.625] [N] Loading 1_24_31
[09:12:54.625] [N] Loading 1_31_25
[09:12:54.625] [N] Loading 1_35_25
[09:12:54.625] [N] Loading 1_30_26
[09:12:54.625] [N] Loading 1_42_34
[09:12:54.625] [N] Loading 1_25_40
[09:12:54.625] [N] Loading 1_38_41
[09:12:54.625] [N] Loading 1_23_32
[09:12:54.625] [N] Loading 1_33_43
[09:12:54.625] [N] Loading 1_37_28
[09:12:54.625] [N] Loading 1_30_43
[09:12:54.625] [N] Loading 1_40_33
[09:12:54.625] [N] Loading 1_39_41
[09:12:54.625] [N] Loading 1_41_33
[09:12:54.625] [N] Loading 1_24_30
[09:12:54.625] [N] Loading 1_34_25
[09:12:54.625] [N] Loading 1_39_33
[09:12:54.625] [N] Loading 1_34_43
[09:12:54.625] [N] Loading 1_42_36
[09:12:54.625] [N] Loading 1_36_42
[09:12:54.625] [N] Loading 1_40_40
[09:12:54.625] [N] Loading 1_36_25
[09:12:54.625] [N] Loading 1_25_29
[09:12:54.625] [N] Loading 1_22_33
[09:12:54.625] [N] Loading 1_26_41
[09:12:54.625] [N] Loading 1_37_29
[09:12:54.625] [N] Loading 1_37_26
[09:12:54.625] [N] Loading 1_29_43
[09:12:54.625] [N] Loading 1_39_32
[09:12:54.625] [N] Loading 1_40_32
[09:12:54.625] [N] Loading 1_38_27
[09:12:54.625] [N] Loading 1_38_28
[09:12:54.625] [N] Loading 1_24_39
[09:12:54.625] [N] Loading 1_24_29
[09:12:54.625] [N] Loading 1_24_40
[09:12:54.625] [N] Loading 1_22_32
[09:12:54.625] [N] Loading 1_30_25
[09:12:54.625] [N] Loading 1_25_41
[09:12:54.625] [N] Loading 1_27_42
[09:12:54.625] [N] Loading 1_23_31
[09:12:54.625] [N] Loading 1_35_43
[09:12:54.625] [N] Loading 1_40_41
[09:12:54.625] [N] Loading 1_37_42
[09:12:54.625] [N] Loading 1_39_31
[09:12:54.625] [N] Loading 1_33_24
[09:12:54.625] [N] Loading 1_42_37
[09:12:54.625] [N] Loading 1_29_27
[09:12:54.625] [N] Loading 1_40_31
[09:12:54.625] [N] Loading 1_38_26
[09:12:54.625] [N] Loading 1_28_43
[09:12:54.625] [N] Loading 1_23_30
[09:12:54.625] [N] Loading 1_43_36
[09:12:54.625] [N] Loading 1_41_32
[09:12:54.625] [N] Loading 1_31_44
[09:12:54.625] [N] Loading 1_21_33
[09:12:54.625] [N] Loading 1_24_41
[09:12:54.625] [N] Loading 1_29_26
[09:12:54.625] [N] Loading 1_35_24
[09:12:54.625] [N] Loading 1_32_44
[09:12:54.625] [N] Loading 1_34_24
[09:12:54.625] [N] Loading 1_26_42
[09:12:54.625] [N] Loading 1_25_28
[09:12:54.625] [N] Loading 1_23_29
[09:12:54.625] [N] Loading 1_21_32
[09:12:54.625] [N] Loading 1_39_28
[09:12:54.625] [N] Loading 1_39_27
[09:12:54.625] [N] Loading 1_38_42
[09:12:54.625] [N] Loading 1_33_44
[09:12:54.625] [N] Loading 1_30_44
[09:12:54.625] [N] Loading 1_39_42
[09:12:54.625] [N] Loading 1_39_30
[09:12:54.625] [N] Loading 1_36_24
[09:12:54.625] [N] Loading 1_40_30
[09:12:54.625] [N] Loading 1_41_31
[09:12:54.625] [N] Loading 1_22_34
[09:12:54.625] [N] Loading 1_37_25
[09:12:54.625] [N] Loading 1_21_34
[09:12:54.625] [N] Loading 1_34_44
[09:12:54.625] [N] Loading 1_25_42
[09:12:54.625] [N] Loading 1_24_28
[09:12:54.625] [N] Loading 1_36_43
[09:12:54.625] [N] Loading 1_22_31
[09:12:54.625] [N] Loading 1_42_38
[09:12:54.625] [N] Loading 1_29_25
[09:12:54.625] [N] Loading 1_27_43
[09:12:54.625] [N] Loading 1_29_44
[09:12:54.657] [D] Compiling expression 'HasQuest(6548)'
[09:12:54.668] [D] [If] Condition is true, executing If body
[09:12:54.782] [N] [Objective] Goal: Kill Grimtotem Mercenary x 6
[09:12:54.782] [D] Goal: Goal: Kill Grimtotem Mercenary x 6
[09:12:54.782] [D] [GrindObjective] Using profile hotspots (1 points) for mob 11911
[09:12:54.786] [D] Activity: Moving to hotspot
[09:12:56.486] [N] Loading 1_39_29
[09:13:09.888] [N] Loading 1_40_28
[09:13:09.888] [N] Loading 1_22_30
[09:13:09.941] [V] We are stuck! (TPS: 0.0, Latency: 0, loc: (-225.50, -783.48, 9.12))!
[09:13:10.815] [V] We are stuck! (TPS: 1.2, Latency: 0, loc: (-225.50, -783.48, 9.12))!
[09:13:10.849] [V] Trying jump
[09:13:12.072] [N] Loading 1_40_27
[09:13:13.793] [V] We are stuck! (TPS: 1.1, Latency: 0, loc: (-225.50, -784.05, 9.08))!
[09:13:13.794] [V] Trying strafe forward left for 600ms
[09:13:18.958] [N] Loading 1_28_27
[09:13:21.433] [N] Loading 1_37_24
[09:13:22.058] [D] Activity: Setting Grimtotem Mercenary at 21.6 yards as your target
[09:13:22.058] [D] Dismounting for combat.
[09:13:22.058] [D] Stop and dismount. Reason: Combat
[09:13:22.662] [D] Changed POI to: Type: Kill, Name: Grimtotem Mercenary, Guid: F130002E87074A5A, Entry: 11911, Location: (-210.16, -701.10, 3.55)
[09:13:34.869] [N] Stopping the bot!
[09:13:34.871] [N] Bot stopping! Reason: User request
[09:13:34.872] [D] Exception in CGQuestLog__IsQuestCompleted: Thread was interrupted from a waiting state.
[09:13:35.022] [D] [QuestRecovery] quest=6548, stage=Objective, old=Attempting, new=Eligible, reason=None, episode=0, attempt=0, retry=
[09:13:35.056] [D] Cleared POI
[09:13:35.058] [D] Worker thread exited cleanly
[09:16:15.698] [D] [Settings] Saved all settings
