[09:03:47.836] [N] CopilotBuddy v1.6.6 started. Original HonorBuddy by Apoc, raphus, highvoltz, bobby53, xanathos, chinajade. Ported to WotLK 3.3.5a by Likon69.
[09:03:48.170] [N] Searching for WoW process...
[09:03:48.281] [N] Please wait a few seconds while CopilotBuddy initializes.
[09:03:48.281] [D] Using WoW with process ID 25700
[09:03:48.281] [D] Platform: x86
[09:03:48.281] [D] Executable Path: D:\World of Warcraft 3.3.5a\CB\
[09:03:48.300] [D] [ObjectManager] WoW build 12340 detected - OK
[09:03:48.302] [D] [ObjectManager] D3DDevicePtr = 0x00C5DF88
[09:03:48.302] [D] [ObjectManager] devicePtrAddr = 0x052FCBD0
[09:03:48.302] [D] [ObjectManager] device = 0x0A4EFE60 (at 0x0530054C)
[09:03:48.302] [D] [ObjectManager] vtablePtr = 0x0A4F2DBC
[09:03:48.302] [D] [ObjectManager] endSceneAddr = 0x643348F0 (at 0x0A4F2E64)
[09:03:48.302] [D] [ObjectManager] D3D: Device=0x0A4EFE60, VTable=0x0A4F2DBC, EndScene=0x643348F0
[09:03:48.302] [D] [ObjectManager] Creating ExecutorRand...
[09:03:48.346] [D] [ObjectManager] ExecutorRand created, IsInitialized = True
[09:03:48.346] [D] [ObjectManager] EndScene hook succeeded
[09:03:48.351] [D] [ObjectManager] Initialized successfully
[09:03:48.352] [N] Attached to WoW with ID 25700
[09:03:48.353] [N] Character is a level 25 BloodElf Paladin
[09:03:48.354] [N] Current zone is The Barrens
[09:03:48.364] [D] [Settings] Loaded settings for character: Jeof
[09:03:48.364] [N] Initializing Combat Routines...
[09:03:48.368] [D] Looking for routines in: D:\World of Warcraft 3.3.5a\CB\Routines
[09:03:48.368] [D] Compiling Singular wotlk
[09:03:50.361] [N] Could not compile routine from: Singular wotlk
[09:03:50.362] [N] File: Rest.cs Line: 70 Error: The name 'LiquidEnvironment' does not exist in the current context
File: Rest.cs Line: 86 Error: The name 'LiquidEnvironment' does not exist in the current context

[09:03:50.362] [N] Loaded 0 combat routine(s)
[09:03:50.369] [N] Could not find a routine fitting for your class. Please make sure you have a proper combat class routine in your Routines folder, and restart CopilotBuddy. Using default.
[09:03:50.371] [D] Loading built-in bots from assembly: CopilotBuddy
[09:03:50.393] [D] Found bot type: PartyBot.DiscoBot
[09:03:50.393] [N] New bot added: Party Bot
[09:03:50.393] [D] Loaded built-in bot: Party Bot
[09:03:50.393] [D] Found bot type: Bots.Quest.QuestBot
[09:03:50.393] [N] New bot added: Questing
[09:03:50.393] [D] Loaded built-in bot: Questing
[09:03:50.393] [D] Found bot type: Bots.Grind.LevelBot
[09:03:50.393] [N] New bot added: Grind
[09:03:50.393] [D] Loaded built-in bot: Grind
[09:03:50.393] [D] Found bot type: Bots.Gatherbuddy.GatherbuddyBot
[09:03:50.393] [N] New bot added: GatherBuddy
[09:03:50.393] [D] Loaded built-in bot: GatherBuddy
[09:03:50.393] [D] Found bot type: Bots.DungeonBuddy.DungeonBuddy
[09:03:50.394] [N] New bot added: DungeonBuddy
[09:03:50.394] [D] Loaded built-in bot: DungeonBuddy
[09:03:50.394] [D] Found bot type: Bots.BGBuddy.BGBuddy
[09:03:50.395] [N] New bot added: BGBuddy
[09:03:50.395] [D] Loaded built-in bot: BGBuddy
[09:03:50.395] [D] Built-in bot loading complete. 6 bots loaded.
[09:03:50.398] [N] Loading bots from: D:\World of Warcraft 3.3.5a\CB\Bots
[09:03:50.404] [N] Found 122 source files
[09:03:50.411] [N] Found 0 dll files
[09:03:50.411] [N] Compiling: CombatBot.cs
[09:03:50.738] [N] Compiled successfully: CombatBot.cs
[09:03:50.738] [N] Compiling directory: Auto Angler 2/ (23 files)
[09:03:50.968] [N] Compiled successfully: Auto Angler 2/
[09:03:50.968] [N] Compiling directory: LazyRaider/ (4 files)
[09:03:51.165] [N] Compiled successfully: LazyRaider/
[09:03:51.165] [N] Compiling directory: ProfessionBuddy/ (52 files)
[09:03:51.730] [N] Compiled successfully: ProfessionBuddy/
[09:03:51.730] [N] Compiling directory: Templar/ (27 files)
[09:03:51.996] [N] Compiled successfully: Templar/
[09:03:51.996] [N] Compiling directory: Tyrael/ (5 files)
[09:03:52.142] [N] Compiled successfully: Tyrael/
[09:03:52.142] [N] Compiling directory: WholesomeAutoQuest-master/ (10 files)
[09:03:52.568] [N] Compiled successfully: WholesomeAutoQuest-master/
[09:03:52.568] [N] ClassCollection contains 7 compiled bots
[09:03:52.568] [N] Adding bot: Combat Bot
[09:03:52.568] [N] New bot added: Combat Bot
[09:03:52.568] [N] Adding bot: AutoAngler
[09:03:52.568] [N] New bot added: AutoAngler
[09:03:52.568] [N] Adding bot: LazyRaider
[09:03:52.568] [N] New bot added: LazyRaider
[09:03:52.568] [N] Adding bot: ProfessionBuddy
[09:03:52.568] [N] New bot added: ProfessionBuddy
[09:03:52.568] [N] Adding bot: Templar
[09:03:52.568] [N] New bot added: Templar
[09:03:52.568] [N] Adding bot: Tyrael
[09:03:52.568] [N] New bot added: Tyrael
[09:03:52.568] [N] Adding bot: Wholesome Auto Quest
[09:03:52.568] [N] New bot added: Wholesome Auto Quest
[09:03:52.568] [N] Bot loading complete. 13 bots loaded.
[09:03:52.568] [N] Initializing Plugins...
[09:03:53.271] [D] [WeightSet] Selected weight set: Paladin-Holy
[09:03:54.442] [N] [DeathStallRecovery] Enabled. The bot will stop if corpse recovery makes no movement progress for 60 seconds.
[09:03:55.346] [D] Rarekiller: Loading config file: D:\World of Warcraft 3.3.5a\CB\Plugins\RareKiller\config\Rarekiller.config
[09:03:55.347] [D] Root element is missing.
[09:03:55.347] [N] Rarekiller: Continuing with Default Config Values
[09:03:55.348] [D] Rarekiller: Loading config file: D:\World of Warcraft 3.3.5a\CB\Plugins\RareKiller\config\Rarekiller.config
[09:03:55.348] [D] Root element is missing.
[09:03:55.348] [N] Rarekiller: Continuing with Default Config Values
[09:03:55.348] [N] Rare Mob Killer - Version 3.3 Loaded.
[09:03:55.348] [N] Rarekiller Part Tamer: I'm no Hunter. Deactivate the Tamer Part
[09:03:55.909] [N] [VendorRecovery] Enabled. Failed Sell/Repair vendors will be skipped after 35 seconds at the NPC.
[09:03:56.082] [N] Plugin loading complete. 16 plugins loaded.
[09:03:56.082] [N] Plugins refreshed successfully.
[09:03:56.085] [N] Changing current bot to: Wholesome Auto Quest
[09:04:03.295] [N] Plugin settings saved.
[09:04:04.307] [D] [Settings] Saved all settings
[09:04:04.307] [N] Starting the bot.
[09:04:04.308] [N] Currently Using BotBase : Wholesome Auto Quest
[09:04:04.308] [N] Character is a level 25 BloodElf Paladin
[09:04:04.309] [N] Current zone is The Barrens
[09:04:04.318] [D] [WoWDb] Loaded 237 DBC tables
[09:04:04.319] [D] [WoWDb]   Key=235 (0x000000EB) Rows=1893
[09:04:04.319] [D] [WoWDb]   Key=236 (0x000000EC) Rows=7655
[09:04:04.319] [D] [WoWDb]   Key=237 (0x000000ED) Rows=86
[09:04:04.319] [D] [WoWDb]   Key=238 (0x000000EE) Rows=506
[09:04:04.319] [D] [WoWDb]   Key=239 (0x000000EF) Rows=291
[09:04:04.319] [D] [WoWDb] Lock DBC lookup: FOUND (rows=388)
[09:04:04.319] [D] [WoWDb] ClientDb.Lock enum value = 356 (0x00000164)
[09:04:04.319] [D] Loading profile from D:\World of Warcraft 3.3.5a\CB\Bots\WholesomeAutoQuest-master\WHOLESOME_AUTOQUESTER.xml
[09:04:04.368] [N] Profile loaded: WholesomeAQ - The Barrens
[09:04:04.369] [D] Selected sub-profile: WholesomeAQ - The Barrens (L1-80)
[09:04:04.550] [D] [WholesomeAQ] Navigation fingerprint unknown: provider or mesh-root stamp unavailable.
[09:04:05.111] [D] [QuestLog] Loaded 66 completed quests from Lua fallback
[09:04:05.146] [D] [ProfileBatchManager] Batch reset for new profile session.
[09:04:05.146] [N] [Wholesome Auto Quest] Class Paladin → PullDistance set to 24
[09:04:05.147] [N] [Wholesome Auto Quest] Initial scheduler build.
[09:04:05.613] [D] Activity: No eligible quest work; idle until 2026-09-05T06:10:20.8040908Z. excluded quest=104;stage=Pickup;npc=392;reason=outside-scan-radius;retry=context-change excluded quest=1062;stage=Objective;objective=0;reason=outside-scan-radius;retry=context-change. excluded quest=1069;stage=Pickup;npc=3446;reason=outside-scan-radius;retry=context-change excluded quest=1087;stage=Pickup;npc=4198;reason=outside-scan-radius;retry=context-change excluded quest=1093;stage=Pickup;npc=4201;reason=outside-scan-radius;retry=context-change excluded quest=11127;stage=Pickup;scope=QuestStage;retry=2026-09-05T06:10:20.8287986Z;state=Quarantined. excluded quest=118;stage=Pickup;npc=415;reason=outside-scan-radius;retry=context-change excluded quest=1195;stage=Pickup;npc=4721;reason=outside-scan-radius;retry=context-change excluded quest=14106;stage=Pickup;scope=QuestStage;retry=2026-09-05T06:10:20.8250193Z;state=Quarantined. excluded quest=1483;stage=Pickup;npc=3442;reason=outside-scan-radius;retry=context-change excluded quest=152;stage=Pickup;npc=392;reason=outside-scan-radius;retry=context-change excluded quest=2098;stage=Pickup;npc=6667;reason=outside-scan-radius;retry=context-change excluded quest=216;stage=Pickup;npc=12757;reason=outside-scan-radius;retry=context-change excluded quest=235;stage=Pickup;npc=10880;reason=outside-scan-radius;retry=context-change excluded quest=3281;stage=TurnIn;npc=3464;reason=outside-scan-radius;retry=context-change excluded quest=4542;stage=Pickup;npc=10079;reason=outside-scan-radius;retry=context-change excluded quest=470;stage=Pickup;npc=2111;reason=outside-scan-radius;retry=context-change excluded quest=472;stage=Pickup;npc=2097;reason=outside-scan-radius;retry=context-change excluded quest=4740;stage=Pickup;npc=175320;reason=outside-scan-radius;retry=context-change excluded quest=4921;stage=Objective;objective=0;reason=outside-scan-radius;retry=context-change. excluded quest=493;stage=Pickup;npc=1937;reason=outside-scan-radius;retry=context-change excluded quest=494;stage=Pickup;npc=2214;reason=outside-scan-radius;retry=context-change excluded quest=496;stage=Pickup;npc=2216;reason=outside-scan-radius;retry=context-change excluded quest=498;stage=Pickup;npc=2229;reason=outside-scan-radius;retry=context-change excluded quest=501;stage=Pickup;npc=2216;reason=outside-scan-radius;retry=context-change excluded quest=516;stage=Pickup;npc=2121;reason=outside-scan-radius;retry=context-change excluded quest=527;stage=Pickup;npc=2215;reason=outside-scan-radius;retry=context-change excluded quest=546;stage=Pickup;npc=2418;reason=outside-scan-radius;retry=context-change excluded quest=549;stage=Pickup;npc=1763;reason=outside-scan-radius;retry=context-change excluded quest=6301;stage=Pickup;npc=11864;reason=outside-scan-radius;retry=context-change excluded quest=6382;stage=Pickup;npc=3387;reason=outside-scan-radius;retry=context-change excluded quest=6383;stage=Pickup;npc=12696;reason=outside-scan-radius;retry=context-change excluded quest=6393;stage=Pickup;npc=11862;reason=outside-scan-radius;retry=context-change excluded quest=6442;stage=Pickup;npc=12719;reason=outside-scan-radius;retry=context-change excluded quest=6461;stage=Pickup;npc=12816;reason=outside-scan-radius;retry=context-change excluded quest=6462;stage=Pickup;npc=12721;reason=outside-scan-radius;retry=context-change excluded quest=6503;stage=Pickup;npc=12867;reason=outside-scan-radius;retry=context-change excluded quest=6541;stage=Pickup;npc=3429;reason=outside-scan-radius;retry=context-change excluded quest=6542;stage=Pickup;npc=11821;reason=outside-scan-radius;retry=context-change excluded quest=6543;stage=Pickup;npc=8582;reason=outside-scan-radius;retry=context-change excluded quest=6548;stage=Objective;objective=0;reason=outside-scan-radius;retry=context-change. excluded quest=6548;stage=Objective;objective=1;reason=outside-scan-radius;retry=context-change. excluded quest=742;stage=Pickup;npc=10881;reason=outside-scan-radius;retry=context-change excluded quest=747;stage=Objective;scope=Objective;objective=0;retry=2026-09-05T06:10:20.8040908Z;state=Quarantined. excluded quest=747;stage=Objective;scope=Objective;objective=1;retry=2026-09-05T06:10:20.8116023Z;state=Quarantined. excluded quest=7790;stage=Pickup;scope=QuestStage;retry=2026-09-05T06:10:20.8249148Z;state=Quarantined. excluded quest=843;stage=Pickup;npc=3341;reason=outside-scan-radius;retry=context-change excluded quest=8487;stage=TurnIn;scope=QuestStage;retry=context-change;state=HalfOpen. excluded quest=851;stage=Pickup;scope=QuestStage;retry=context-change;state=HalfOpen. excluded quest=858;stage=Pickup;npc=3439;reason=outside-scan-radius;retry=context-change excluded quest=865;stage=Pickup;scope=QuestStage;retry=context-change;state=HalfOpen. excluded quest=867;stage=Objective;scope=Objective;objective=0;retry=2026-09-05T06:10:20.8137024Z;state=Quarantined. excluded quest=868;stage=Pickup;npc=3428;reason=outside-scan-radius;retry=context-change excluded quest=878;stage=Pickup;npc=3430;reason=outside-scan-radius;retry=context-change excluded quest=8889;stage=Objective;objective=0;reason=outside-scan-radius;retry=context-change. excluded quest=8889;stage=Objective;objective=1;reason=outside-scan-radius;retry=context-change. excluded quest=8889;stage=Objective;objective=2;reason=outside-scan-radius;retry=context-change. excluded quest=891;stage=Objective;objective=0;reason=outside-scan-radius;retry=context-change. excluded quest=891;stage=Objective;objective=1;reason=outside-scan-radius;retry=context-change. excluded quest=891;stage=Objective;objective=2;reason=outside-scan-radius;retry=context-change. excluded quest=891;stage=Objective;scope=Objective;objective=3;retry=2026-09-05T06:10:20.8169213Z;state=Quarantined. excluded quest=893;stage=Pickup;npc=3433;reason=outside-scan-radius;retry=context-change excluded quest=894;stage=TurnIn;npc=4141;reason=outside-scan-radius;retry=context-change excluded quest=896;stage=Objective;scope=Objective;objective=0;retry=2026-09-05T06:10:20.8197153Z;state=Quarantined. excluded quest=9067;stage=Objective;scope=QuestStage;retry=context-change;state=HalfOpen. excluded quest=9151;stage=Pickup;npc=16199;reason=outside-scan-radius;retry=context-change excluded quest=9157;stage=TurnIn;scope=QuestStage;retry=context-change;state=HalfOpen. excluded quest=9214;stage=Pickup;npc=16220;reason=outside-scan-radius;retry=context-change excluded quest=9218;stage=Pickup;npc=16205;reason=outside-scan-radius;retry=context-change excluded quest=9275;stage=Pickup;npc=16464;reason=outside-scan-radius;retry=context-change excluded quest=9276;stage=Pickup;npc=16463;reason=outside-scan-radius;retry=context-change excluded quest=9281;stage=Pickup;npc=16480;reason=outside-scan-radius;retry=context-change excluded quest=9388;stage=Pickup;scope=QuestStage;retry=2026-09-05T06:10:20.8314367Z;state=Quarantined. excluded quest=9389;stage=Pickup;scope=QuestStage;retry=2026-09-05T06:10:20.8315248Z;state=Quarantined. excluded quest=9425;stage=Pickup;npc=16287;reason=outside-scan-radius;retry=context-change excluded quest=9428;stage=Pickup;npc=17098;reason=outside-scan-radius;retry=context-change excluded quest=959;stage=Pickup;npc=3665;reason=outside-scan-radius;retry=context-change excluded quest=962;stage=Pickup;npc=3419;reason=outside-scan-radius;retry=context-change excluded quest=965;stage=Pickup;npc=3657;reason=outside-scan-radius;retry=context-change excluded quest=9749;stage=Pickup;scope=QuestStage;retry=2026-09-05T06:10:20.8275214Z;state=Quarantined. Expanding scan radius from 250 to 500 yards before fallback.
[09:04:05.614] [N] [Wholesome Auto Quest] Started with quest data loaded.
[09:04:05.668] [N] [SpellDb] Loaded 49816 spells from Spells.bin
[09:04:05.714] [D] Setting CVars: autoSelfCast=1, autoLootDefault=1
[09:04:05.782] [D] Cleared POI
[09:04:05.790] [D] Refresh() called. LastCount=0, CurrentCount=33
[09:04:05.790] [N] Building spell book
[09:04:05.790] [D] Found 33 spells from LocalPlayer.KnownSpells
[09:04:05.790] [N] Adding Arcane Affinity
[09:04:05.791] [N] Adding Arcane Torrent
[09:04:05.791] [N] Adding Auto Attack
[09:04:05.791] [N] Adding Block
[09:04:05.792] [N] Adding Dodge
[09:04:05.792] [N] Adding Magic Resistance
[09:04:05.792] [N] Adding Parry
[09:04:05.792] [N] Adding Blessing of Wisdom
[09:04:05.793] [N] Adding Concentration Aura
[09:04:05.793] [N] Adding Consecration
[09:04:05.793] [N] Adding Exorcism
[09:04:05.794] [N] Adding Flash of Light
[09:04:05.794] [N] Adding Holy Light
[09:04:05.794] [N] Adding Lay on Hands
[09:04:05.794] [N] Adding Purify
[09:04:05.795] [N] Adding Seal of Righteousness
[09:04:05.795] [N] Adding Sense Undead
[09:04:05.795] [N] Adding Turn Evil
[09:04:05.796] [N] Adding Blessing of Kings
[09:04:05.796] [N] Adding Devotion Aura
[09:04:05.796] [N] Adding Divine Protection
[09:04:05.797] [N] Adding Hammer of Justice
[09:04:05.797] [N] Adding Hand of Freedom
[09:04:05.797] [N] Adding Hand of Protection
[09:04:05.797] [N] Adding Hand of Reckoning
[09:04:05.798] [N] Adding Righteous Defense
[09:04:05.798] [N] Adding Righteous Fury
[09:04:05.798] [N] Adding Seal of Justice
[09:04:05.799] [N] Adding Blessing of Might
[09:04:05.799] [N] Adding Judgement of Light
[09:04:05.799] [N] Adding Judgement of Wisdom
[09:04:05.800] [N] Adding Retribution Aura
[09:04:05.800] [N] Adding Seal of Command
[09:04:05.800] [N] Spell book built
[09:04:05.801] [D] [SpellManager] Initialize — subscribed to BotEvents.OnBotStart
[09:04:05.947] [D] [Talented] SelectMajorTalentTree called but not needed in WotLK 3.3.5a
[09:04:05.966] [N] Loading 1_31_33
[09:04:05.967] [N] Loading 1_31_34
[09:04:05.977] [N] Loading 1_31_35
[09:04:05.979] [N] Loading 1_32_33
[09:04:05.980] [N] Loading 1_32_34
[09:04:05.981] [N] Loading 1_32_35
[09:04:05.982] [N] Loading 1_33_33
[09:04:05.984] [N] Loading 1_33_34
[09:04:05.986] [N] Loading 1_33_35
[09:04:06.007] [D] [WholesomeAQ] Quest chain correction: ancestor=1062; descendant=1063.
[09:04:06.007] [D] [WholesomeAQ] Quest chain correction: ancestor=1062; descendant=1068.
[09:04:06.010] [D] [WholesomeAQ] Quest chain correction: ancestor=6548; descendant=6629.
[09:04:06.022] [D] Activity: No eligible quest work; idle until 2026-09-05T06:10:20.8040908Z. excluded quest=104;stage=Pickup;npc=392;reason=outside-scan-radius;retry=context-change excluded quest=1062;stage=AncestorCorrection;objective=0;reason=outside-scan-radius;retry=context-change. excluded quest=1069;stage=Pickup;npc=3446;reason=outside-scan-radius;retry=context-change excluded quest=1087;stage=Pickup;npc=4198;reason=outside-scan-radius;retry=context-change excluded quest=1093;stage=Pickup;npc=4201;reason=outside-scan-radius;retry=context-change excluded quest=11127;stage=Pickup;scope=QuestStage;retry=2026-09-05T06:10:20.8287986Z;state=Quarantined. excluded quest=118;stage=Pickup;npc=415;reason=outside-scan-radius;retry=context-change excluded quest=1195;stage=Pickup;npc=4721;reason=outside-scan-radius;retry=context-change excluded quest=14106;stage=Pickup;scope=QuestStage;retry=2026-09-05T06:10:20.8250193Z;state=Quarantined. excluded quest=1483;stage=Pickup;npc=3442;reason=outside-scan-radius;retry=context-change excluded quest=152;stage=Pickup;npc=392;reason=outside-scan-radius;retry=context-change excluded quest=2098;stage=Pickup;npc=6667;reason=outside-scan-radius;retry=context-change excluded quest=216;stage=Pickup;npc=12757;reason=outside-scan-radius;retry=context-change excluded quest=235;stage=Pickup;npc=10880;reason=outside-scan-radius;retry=context-change excluded quest=3281;stage=TurnIn;npc=3464;reason=outside-scan-radius;retry=context-change excluded quest=4542;stage=Pickup;npc=10079;reason=outside-scan-radius;retry=context-change excluded quest=470;stage=Pickup;npc=2111;reason=outside-scan-radius;retry=context-change excluded quest=472;stage=Pickup;npc=2097;reason=outside-scan-radius;retry=context-change excluded quest=4740;stage=Pickup;npc=175320;reason=outside-scan-radius;retry=context-change excluded quest=4921;stage=Objective;objective=0;reason=outside-scan-radius;retry=context-change. excluded quest=493;stage=Pickup;npc=1937;reason=outside-scan-radius;retry=context-change excluded quest=494;stage=Pickup;npc=2214;reason=outside-scan-radius;retry=context-change excluded quest=496;stage=Pickup;npc=2216;reason=outside-scan-radius;retry=context-change excluded quest=498;stage=Pickup;npc=2229;reason=outside-scan-radius;retry=context-change excluded quest=501;stage=Pickup;npc=2216;reason=outside-scan-radius;retry=context-change excluded quest=516;stage=Pickup;npc=2121;reason=outside-scan-radius;retry=context-change excluded quest=527;stage=Pickup;npc=2215;reason=outside-scan-radius;retry=context-change excluded quest=546;stage=Pickup;npc=2418;reason=outside-scan-radius;retry=context-change excluded quest=549;stage=Pickup;npc=1763;reason=outside-scan-radius;retry=context-change excluded quest=6301;stage=Pickup;npc=11864;reason=outside-scan-radius;retry=context-change excluded quest=6382;stage=Pickup;npc=3387;reason=outside-scan-radius;retry=context-change excluded quest=6383;stage=Pickup;npc=12696;reason=outside-scan-radius;retry=context-change excluded quest=6393;stage=Pickup;npc=11862;reason=outside-scan-radius;retry=context-change excluded quest=6442;stage=Pickup;npc=12719;reason=outside-scan-radius;retry=context-change excluded quest=6461;stage=Pickup;npc=12816;reason=outside-scan-radius;retry=context-change excluded quest=6462;stage=Pickup;npc=12721;reason=outside-scan-radius;retry=context-change excluded quest=6503;stage=Pickup;npc=12867;reason=outside-scan-radius;retry=context-change excluded quest=6541;stage=Pickup;npc=3429;reason=outside-scan-radius;retry=context-change excluded quest=6542;stage=Pickup;npc=11821;reason=outside-scan-radius;retry=context-change excluded quest=6543;stage=Pickup;npc=8582;reason=outside-scan-radius;retry=context-change excluded quest=6548;stage=AncestorCorrection;objective=0;reason=outside-scan-radius;retry=context-change. excluded quest=6548;stage=AncestorCorrection;objective=1;reason=outside-scan-radius;retry=context-change. excluded quest=742;stage=Pickup;npc=10881;reason=outside-scan-radius;retry=context-change excluded quest=747;stage=Objective;scope=Objective;objective=0;retry=2026-09-05T06:10:20.8040908Z;state=Quarantined. excluded quest=747;stage=Objective;scope=Objective;objective=1;retry=2026-09-05T06:10:20.8116023Z;state=Quarantined. excluded quest=7790;stage=Pickup;scope=QuestStage;retry=2026-09-05T06:10:20.8249148Z;state=Quarantined. excluded quest=843;stage=Pickup;npc=3341;reason=outside-scan-radius;retry=context-change excluded quest=8487;stage=TurnIn;scope=QuestStage;retry=context-change;state=HalfOpen. excluded quest=851;stage=Pickup;scope=QuestStage;retry=context-change;state=HalfOpen. excluded quest=858;stage=Pickup;npc=3439;reason=outside-scan-radius;retry=context-change excluded quest=865;stage=Pickup;scope=QuestStage;retry=context-change;state=HalfOpen. excluded quest=867;stage=Objective;scope=Objective;objective=0;retry=2026-09-05T06:10:20.8137024Z;state=Quarantined. excluded quest=868;stage=Pickup;npc=3428;reason=outside-scan-radius;retry=context-change excluded quest=878;stage=Pickup;npc=3430;reason=outside-scan-radius;retry=context-change excluded quest=8889;stage=Objective;objective=0;reason=outside-scan-radius;retry=context-change. excluded quest=8889;stage=Objective;objective=1;reason=outside-scan-radius;retry=context-change. excluded quest=8889;stage=Objective;objective=2;reason=outside-scan-radius;retry=context-change. excluded quest=891;stage=Objective;objective=0;reason=outside-scan-radius;retry=context-change. excluded quest=891;stage=Objective;objective=1;reason=outside-scan-radius;retry=context-change. excluded quest=891;stage=Objective;objective=2;reason=outside-scan-radius;retry=context-change. excluded quest=891;stage=Objective;scope=Objective;objective=3;retry=2026-09-05T06:10:20.8169213Z;state=Quarantined. excluded quest=893;stage=Pickup;npc=3433;reason=outside-scan-radius;retry=context-change excluded quest=894;stage=TurnIn;npc=4141;reason=outside-scan-radius;retry=context-change excluded quest=896;stage=Objective;scope=Objective;objective=0;retry=2026-09-05T06:10:20.8197153Z;state=Quarantined. excluded quest=9067;stage=Objective;scope=QuestStage;retry=context-change;state=HalfOpen. excluded quest=9151;stage=Pickup;npc=16199;reason=outside-scan-radius;retry=context-change excluded quest=9157;stage=TurnIn;scope=QuestStage;retry=context-change;state=HalfOpen. excluded quest=9214;stage=Pickup;npc=16220;reason=outside-scan-radius;retry=context-change excluded quest=9218;stage=Pickup;npc=16205;reason=outside-scan-radius;retry=context-change excluded quest=9275;stage=Pickup;npc=16464;reason=outside-scan-radius;retry=context-change excluded quest=9276;stage=Pickup;npc=16463;reason=outside-scan-radius;retry=context-change excluded quest=9281;stage=Pickup;npc=16480;reason=outside-scan-radius;retry=context-change excluded quest=9388;stage=Pickup;scope=QuestStage;retry=2026-09-05T06:10:20.8314367Z;state=Quarantined. excluded quest=9389;stage=Pickup;scope=QuestStage;retry=2026-09-05T06:10:20.8315248Z;state=Quarantined. excluded quest=9425;stage=Pickup;npc=16287;reason=outside-scan-radius;retry=context-change excluded quest=9428;stage=Pickup;npc=17098;reason=outside-scan-radius;retry=context-change excluded quest=959;stage=Pickup;npc=3665;reason=outside-scan-radius;retry=context-change excluded quest=962;stage=Pickup;npc=3419;reason=outside-scan-radius;retry=context-change excluded quest=965;stage=Pickup;npc=3657;reason=outside-scan-radius;retry=context-change excluded quest=9749;stage=Pickup;scope=QuestStage;retry=2026-09-05T06:10:20.8275214Z;state=Quarantined. Expanding scan radius from 500 to 750 yards before fallback.
[09:04:06.042] [D] [WholesomeAQ] Quest chain correction: ancestor=1062; descendant=1063.
[09:04:06.042] [D] [WholesomeAQ] Quest chain correction: ancestor=1062; descendant=1068.
[09:04:06.045] [D] [WholesomeAQ] Quest chain correction: ancestor=6548; descendant=6629.
[09:04:06.064] [N] Loaded 0 global blackspots
[09:04:06.067] [N] Loading 1_30_32
[09:04:06.069] [N] Loading 1_30_33
[09:04:06.071] [N] Loading 1_30_34
[09:04:06.072] [N] Loading 1_31_32
[09:04:06.075] [N] Loading 1_32_32
[09:04:06.080] [D] [Blackspot] Area cost initialized: area 17 = 60x
[09:04:06.095] [N] Loading 1_33_32
[09:04:06.122] [D] Loading profile from D:\World of Warcraft 3.3.5a\CB\Bots\WholesomeAutoQuest\WHOLESOME_AUTOQUESTER.xml
[09:04:06.131] [N] Profile loaded: WholesomeAQ - The Barrens
[09:04:06.132] [D] Selected sub-profile: WholesomeAQ - The Barrens (L1-80)
[09:04:06.132] [N] [Wholesome Auto Quest] Profile refreshed - Selected 1 quest work candidate(s). selected quest=6548;stage=AncestorCorrection;state=Eligible. excluded quest=104;stage=Pickup;npc=392;reason=outside-scan-radius;retry=context-change excluded quest=1062;stage=AncestorCorrection;objective=0;reason=outside-scan-radius;retry=context-change. excluded quest=1069;stage=Pickup;npc=3446;reason=outside-scan-radius;retry=context-change excluded quest=1087;stage=Pickup;npc=4198;reason=outside-scan-radius;retry=context-change excluded quest=1093;stage=Pickup;npc=4201;reason=outside-scan-radius;retry=context-change excluded quest=11127;stage=Pickup;scope=QuestStage;retry=2026-09-05T06:10:20.8287986Z;state=Quarantined. excluded quest=118;stage=Pickup;npc=415;reason=outside-scan-radius;retry=context-change excluded quest=1195;stage=Pickup;npc=4721;reason=outside-scan-radius;retry=context-change excluded quest=14106;stage=Pickup;scope=QuestStage;retry=2026-09-05T06:10:20.8250193Z;state=Quarantined. excluded quest=1483;stage=Pickup;npc=3442;reason=outside-scan-radius;retry=context-change excluded quest=152;stage=Pickup;npc=392;reason=outside-scan-radius;retry=context-change excluded quest=2098;stage=Pickup;npc=6667;reason=outside-scan-radius;retry=context-change excluded quest=216;stage=Pickup;npc=12757;reason=outside-scan-radius;retry=context-change excluded quest=235;stage=Pickup;npc=10880;reason=outside-scan-radius;retry=context-change excluded quest=3281;stage=TurnIn;npc=3464;reason=outside-scan-radius;retry=context-change excluded quest=4542;stage=Pickup;npc=10079;reason=outside-scan-radius;retry=context-change excluded quest=470;stage=Pickup;npc=2111;reason=outside-scan-radius;retry=context-change excluded quest=472;stage=Pickup;npc=2097;reason=outside-scan-radius;retry=context-change excluded quest=4740;stage=Pickup;npc=175320;reason=outside-scan-radius;retry=context-change excluded quest=4921;stage=Objective;objective=0;reason=outside-scan-radius;retry=context-change. excluded quest=493;stage=Pickup;npc=1937;reason=outside-scan-radius;retry=context-change excluded quest=494;stage=Pickup;npc=2214;reason=outside-scan-radius;retry=context-change excluded quest=496;stage=Pickup;npc=2216;reason=outside-scan-radius;retry=context-change excluded quest=498;stage=Pickup;npc=2229;reason=outside-scan-radius;retry=context-change excluded quest=501;stage=Pickup;npc=2216;reason=outside-scan-radius;retry=context-change excluded quest=516;stage=Pickup;npc=2121;reason=outside-scan-radius;retry=context-change excluded quest=527;stage=Pickup;npc=2215;reason=outside-scan-radius;retry=context-change excluded quest=546;stage=Pickup;npc=2418;reason=outside-scan-radius;retry=context-change excluded quest=549;stage=Pickup;npc=1763;reason=outside-scan-radius;retry=context-change excluded quest=6301;stage=Pickup;npc=11864;reason=outside-scan-radius;retry=context-change excluded quest=6382;stage=Pickup;npc=3387;reason=outside-scan-radius;retry=context-change excluded quest=6383;stage=Pickup;npc=12696;reason=outside-scan-radius;retry=context-change excluded quest=6393;stage=Pickup;npc=11862;reason=outside-scan-radius;retry=context-change excluded quest=6442;stage=Pickup;npc=12719;reason=outside-scan-radius;retry=context-change excluded quest=6461;stage=Pickup;npc=12816;reason=outside-scan-radius;retry=context-change excluded quest=6462;stage=Pickup;npc=12721;reason=outside-scan-radius;retry=context-change excluded quest=6503;stage=Pickup;npc=12867;reason=outside-scan-radius;retry=context-change excluded quest=6541;stage=Pickup;npc=3429;reason=outside-scan-radius;retry=context-change excluded quest=6542;stage=Pickup;npc=11821;reason=outside-scan-radius;retry=context-change excluded quest=6543;stage=Pickup;npc=8582;reason=outside-scan-radius;retry=context-change excluded quest=742;stage=Pickup;npc=10881;reason=outside-scan-radius;retry=context-change excluded quest=747;stage=Objective;scope=Objective;objective=0;retry=2026-09-05T06:10:20.8040908Z;state=Quarantined. excluded quest=747;stage=Objective;scope=Objective;objective=1;retry=2026-09-05T06:10:20.8116023Z;state=Quarantined. excluded quest=7790;stage=Pickup;scope=QuestStage;retry=2026-09-05T06:10:20.8249148Z;state=Quarantined. excluded quest=843;stage=Pickup;npc=3341;reason=outside-scan-radius;retry=context-change excluded quest=8487;stage=TurnIn;scope=QuestStage;retry=context-change;state=HalfOpen. excluded quest=851;stage=Pickup;scope=QuestStage;retry=context-change;state=HalfOpen. excluded quest=858;stage=Pickup;npc=3439;reason=outside-scan-radius;retry=context-change excluded quest=865;stage=Pickup;scope=QuestStage;retry=context-change;state=HalfOpen. excluded quest=867;stage=Objective;scope=Objective;objective=0;retry=2026-09-05T06:10:20.8137024Z;state=Quarantined. excluded quest=868;stage=Pickup;npc=3428;reason=outside-scan-radius;retry=context-change excluded quest=878;stage=Pickup;npc=3430;reason=outside-scan-radius;retry=context-change excluded quest=8889;stage=Objective;objective=0;reason=outside-scan-radius;retry=context-change. excluded quest=8889;stage=Objective;objective=1;reason=outside-scan-radius;retry=context-change. excluded quest=8889;stage=Objective;objective=2;reason=outside-scan-radius;retry=context-change. excluded quest=891;stage=Objective;objective=0;reason=outside-scan-radius;retry=context-change. excluded quest=891;stage=Objective;objective=1;reason=outside-scan-radius;retry=context-change. excluded quest=891;stage=Objective;objective=2;reason=outside-scan-radius;retry=context-change. excluded quest=891;stage=Objective;scope=Objective;objective=3;retry=2026-09-05T06:10:20.8169213Z;state=Quarantined. excluded quest=893;stage=Pickup;npc=3433;reason=outside-scan-radius;retry=context-change excluded quest=894;stage=TurnIn;npc=4141;reason=outside-scan-radius;retry=context-change excluded quest=896;stage=Objective;scope=Objective;objective=0;retry=2026-09-05T06:10:20.8197153Z;state=Quarantined. excluded quest=9067;stage=Objective;scope=QuestStage;retry=context-change;state=HalfOpen. excluded quest=9151;stage=Pickup;npc=16199;reason=outside-scan-radius;retry=context-change excluded quest=9157;stage=TurnIn;scope=QuestStage;retry=context-change;state=HalfOpen. excluded quest=9214;stage=Pickup;npc=16220;reason=outside-scan-radius;retry=context-change excluded quest=9218;stage=Pickup;npc=16205;reason=outside-scan-radius;retry=context-change excluded quest=9275;stage=Pickup;npc=16464;reason=outside-scan-radius;retry=context-change excluded quest=9276;stage=Pickup;npc=16463;reason=outside-scan-radius;retry=context-change excluded quest=9281;stage=Pickup;npc=16480;reason=outside-scan-radius;retry=context-change excluded quest=9388;stage=Pickup;scope=QuestStage;retry=2026-09-05T06:10:20.8314367Z;state=Quarantined. excluded quest=9389;stage=Pickup;scope=QuestStage;retry=2026-09-05T06:10:20.8315248Z;state=Quarantined. excluded quest=9425;stage=Pickup;npc=16287;reason=outside-scan-radius;retry=context-change excluded quest=9428;stage=Pickup;npc=17098;reason=outside-scan-radius;retry=context-change excluded quest=959;stage=Pickup;npc=3665;reason=outside-scan-radius;retry=context-change excluded quest=962;stage=Pickup;npc=3419;reason=outside-scan-radius;retry=context-change excluded quest=965;stage=Pickup;npc=3657;reason=outside-scan-radius;retry=context-change excluded quest=9749;stage=Pickup;scope=QuestStage;retry=2026-09-05T06:10:20.8275214Z;state=Quarantined.
[09:04:06.170] [N] [Database] Data.bin loaded successfully
[09:04:06.193] [N] Loading 1_32_36
[09:04:06.201] [N] Loading 1_33_36
[09:04:06.206] [N] Loading 1_34_34
[09:04:06.207] [N] Loading 1_34_35
[09:04:06.208] [N] Loading 1_34_36
[09:04:06.224] [N] Loading 1_33_30
[09:04:06.230] [N] Loading 1_33_31
[09:04:06.235] [N] Loading 1_34_30
[09:04:06.242] [N] Loading 1_34_31
[09:04:06.249] [N] Loading 1_34_32
[09:04:06.256] [N] Loading 1_35_30
[09:04:06.263] [N] Loading 1_35_31
[09:04:06.268] [N] Loading 1_35_32
[09:04:08.419] [N] Loading 1_31_31
[09:04:08.419] [N] Loading 1_32_31
[09:04:08.419] [N] Loading 1_35_34
[09:04:08.419] [N] Loading 1_31_36
[09:04:08.419] [N] Loading 1_35_35
[09:04:08.419] [N] Loading 1_30_35
[09:04:08.419] [N] Loading 1_35_36
[09:04:08.419] [N] Loading 1_32_37
[09:04:08.419] [N] Loading 1_30_36
[09:04:08.419] [N] Loading 1_33_37
[09:04:08.419] [N] Loading 1_32_30
[09:04:08.419] [N] Loading 1_31_30
[09:04:08.419] [N] Loading 1_36_35
[09:04:08.419] [N] Loading 1_34_37
[09:04:08.419] [N] Loading 1_31_37
[09:04:08.419] [N] Loading 1_29_34
[09:04:08.419] [N] Loading 1_36_34
[09:04:08.419] [N] Loading 1_30_31
[09:04:08.419] [N] Loading 1_29_35
[09:04:08.419] [N] Loading 1_36_36
[09:04:08.419] [N] Loading 1_35_37
[09:04:08.419] [N] Loading 1_30_30
[09:04:08.419] [N] Loading 1_36_33
[09:04:08.419] [N] Loading 1_29_36
[09:04:08.419] [N] Loading 1_30_37
[09:04:08.419] [N] Loading 1_33_38
[09:04:08.419] [N] Loading 1_37_35
[09:04:08.419] [N] Loading 1_35_33
[09:04:08.419] [N] Loading 1_32_38
[09:04:08.419] [N] Loading 1_37_34
[09:04:08.419] [N] Loading 1_37_33
[09:04:08.419] [N] Loading 1_31_38
[09:04:08.419] [N] Loading 1_36_37
[09:04:08.419] [N] Loading 1_34_38
[09:04:08.419] [N] Loading 1_36_32
[09:04:08.419] [N] Loading 1_37_36
[09:04:08.419] [N] Loading 1_34_33
[09:04:08.419] [N] Loading 1_29_31
[09:04:08.420] [N] Loading 1_37_32
[09:04:08.420] [N] Loading 1_29_30
[09:04:08.420] [N] Loading 1_35_38
[09:04:08.420] [N] Loading 1_29_37
[09:04:08.420] [N] Loading 1_29_32
[09:04:08.420] [N] Loading 1_30_38
[09:04:08.420] [N] Loading 1_36_31
[09:04:08.420] [N] Loading 1_28_36
[09:04:08.420] [N] Loading 1_28_35
[09:04:08.420] [N] Loading 1_33_39
[09:04:08.420] [N] Loading 1_30_29
[09:04:08.420] [N] Loading 1_38_35
[09:04:08.420] [N] Loading 1_34_39
[09:04:08.420] [N] Loading 1_37_31
[09:04:08.420] [N] Loading 1_32_39
[09:04:08.420] [N] Loading 1_37_37
[09:04:08.420] [N] Loading 1_38_36
[09:04:08.420] [N] Loading 1_31_39
[09:04:08.420] [N] Loading 1_36_38
[09:04:08.420] [N] Loading 1_29_29
[09:04:08.420] [N] Loading 1_29_33
[09:04:08.420] [N] Loading 1_38_34
[09:04:08.420] [N] Loading 1_28_37
[09:04:08.420] [N] Loading 1_29_38
[09:04:08.420] [N] Loading 1_28_34
[09:04:08.420] [N] Loading 1_28_31
[09:04:08.420] [N] Loading 1_36_30
[09:04:08.420] [N] Loading 1_30_39
[09:04:08.420] [N] Loading 1_31_29
[09:04:08.420] [N] Loading 1_28_32
[09:04:08.420] [N] Loading 1_28_30
[09:04:08.420] [N] Loading 1_35_39
[09:04:08.420] [N] Loading 1_27_36
[09:04:08.420] [N] Loading 1_27_35
[09:04:08.420] [N] Loading 1_39_35
[09:04:08.420] [N] Loading 1_38_37
[09:04:08.420] [N] Loading 1_39_36
[09:04:08.420] [N] Loading 1_28_33
[09:04:08.420] [N] Loading 1_38_31
[09:04:08.420] [N] Loading 1_28_29
[09:04:08.420] [N] Loading 1_31_40
[09:04:08.420] [N] Loading 1_36_39
[09:04:08.420] [N] Loading 1_27_34
[09:04:08.420] [N] Loading 1_30_28
[09:04:08.420] [N] Loading 1_31_28
[09:04:08.420] [N] Loading 1_27_37
[09:04:08.420] [N] Loading 1_39_34
[09:04:08.420] [N] Loading 1_28_38
[09:04:08.420] [N] Loading 1_38_32
[09:04:08.420] [N] Loading 1_32_40
[09:04:08.420] [N] Loading 1_29_39
[09:04:08.420] [N] Loading 1_30_40
[09:04:08.420] [N] Loading 1_34_40
[09:04:08.420] [N] Loading 1_29_28
[09:04:08.420] [N] Loading 1_33_40
[09:04:08.420] [N] Loading 1_39_37
[09:04:08.420] [N] Loading 1_35_40
[09:04:08.420] [N] Loading 1_40_35
[09:04:08.420] [N] Loading 1_26_35
[09:04:08.420] [N] Loading 1_27_33
[09:04:08.420] [N] Loading 1_26_34
[09:04:08.420] [N] Loading 1_37_38
[09:04:08.420] [N] Loading 1_40_36
[09:04:08.420] [N] Loading 1_27_30
[09:04:08.420] [N] Loading 1_31_41
[09:04:08.420] [N] Loading 1_38_33
[09:04:08.420] [N] Loading 1_32_28
[09:04:08.420] [N] Loading 1_26_33
[09:04:08.420] [N] Loading 1_26_36
[09:04:08.420] [N] Loading 1_27_38
[09:04:08.420] [N] Loading 1_32_29
[09:04:08.420] [N] Loading 1_29_40
[09:04:08.420] [N] Loading 1_28_39
[09:04:08.420] [N] Loading 1_37_39
[09:04:08.420] [N] Loading 1_27_29
[09:04:08.420] [N] Loading 1_32_41
[09:04:08.420] [N] Loading 1_26_37
[09:04:08.420] [N] Loading 1_30_41
[09:04:08.420] [N] Loading 1_31_27
[09:04:08.420] [N] Loading 1_27_32
[09:04:08.420] [N] Loading 1_36_40
[09:04:08.420] [N] Loading 1_33_29
[09:04:08.420] [N] Loading 1_33_28
[09:04:08.420] [N] Loading 1_40_34
[09:04:08.420] [N] Loading 1_38_38
[09:04:08.420] [N] Loading 1_26_32
[09:04:08.420] [N] Loading 1_39_38
[09:04:08.420] [N] Loading 1_33_41
[09:04:08.420] [N] Loading 1_40_37
[09:04:08.420] [N] Loading 1_41_35
[09:04:08.420] [N] Loading 1_25_35
[09:04:08.420] [N] Loading 1_26_38
[09:04:08.420] [N] Loading 1_32_27
[09:04:08.420] [N] Loading 1_34_29
[09:04:08.420] [N] Loading 1_25_34
[09:04:08.420] [N] Loading 1_37_40
[09:04:08.420] [N] Loading 1_27_31
[09:04:08.420] [N] Loading 1_41_36
[09:04:08.420] [N] Loading 1_34_28
[09:04:08.420] [N] Loading 1_33_27
[09:04:08.420] [N] Loading 1_38_39
[09:04:08.420] [N] Loading 1_28_40
[09:04:08.420] [N] Loading 1_31_42
[09:04:08.420] [N] Loading 1_29_41
[09:04:08.420] [N] Loading 1_35_41
[09:04:08.420] [N] Loading 1_34_41
[09:04:08.420] [N] Loading 1_32_42
[09:04:08.420] [N] Loading 1_27_39
[09:04:08.420] [N] Loading 1_26_31
[09:04:08.420] [N] Loading 1_25_33
[09:04:08.420] [N] Loading 1_40_38
[09:04:08.420] [N] Loading 1_26_29
[09:04:08.420] [N] Loading 1_27_28
[09:04:08.420] [N] Loading 1_25_32
[09:04:08.420] [N] Loading 1_35_29
[09:04:08.420] [N] Loading 1_34_27
[09:04:08.420] [N] Loading 1_30_42
[09:04:08.420] [N] Loading 1_28_28
[09:04:08.420] [N] Loading 1_35_28
[09:04:08.420] [N] Loading 1_39_39
[09:04:08.420] [N] Loading 1_24_34
[09:04:08.420] [N] Loading 1_33_42
[09:04:08.420] [N] Loading 1_25_37
[09:04:08.420] [N] Loading 1_28_41
[09:04:08.420] [N] Loading 1_24_35
[09:04:08.420] [N] Loading 1_26_30
[09:04:08.420] [N] Loading 1_38_40
[09:04:08.420] [N] Loading 1_26_39
[09:04:08.420] [N] Loading 1_25_38
[09:04:08.420] [N] Loading 1_26_28
[09:04:08.420] [N] Loading 1_41_37
[09:04:08.420] [N] Loading 1_36_41
[09:04:08.420] [N] Loading 1_25_31
[09:04:08.420] [N] Loading 1_32_26
[09:04:08.420] [N] Loading 1_33_26
[09:04:08.420] [N] Loading 1_29_42
[09:04:08.420] [N] Loading 1_41_38
[09:04:08.420] [N] Loading 1_34_42
[09:04:08.420] [N] Loading 1_40_39
[09:04:08.420] [N] Loading 1_27_40
[09:04:08.420] [N] Loading 1_35_27
[09:04:08.420] [N] Loading 1_24_33
[09:04:08.420] [N] Loading 1_36_29
[09:04:08.420] [N] Loading 1_39_40
[09:04:08.420] [N] Loading 1_37_41
[09:04:08.420] [N] Loading 1_25_39
[09:04:08.420] [N] Loading 1_36_28
[09:04:08.420] [N] Loading 1_34_26
[09:04:08.420] [N] Loading 1_24_32
[09:04:08.420] [N] Loading 1_41_34
[09:04:08.420] [N] Loading 1_25_30
[09:04:08.420] [N] Loading 1_31_26
[09:04:08.420] [N] Loading 1_27_41
[09:04:08.420] [N] Loading 1_26_40
[09:04:08.420] [N] Loading 1_23_34
[09:04:08.420] [N] Loading 1_23_33
[09:04:08.420] [N] Loading 1_35_26
[09:04:08.420] [N] Loading 1_27_27
[09:04:08.420] [N] Loading 1_31_43
[09:04:08.420] [N] Loading 1_35_42
[09:04:08.420] [N] Loading 1_42_35
[09:04:08.420] [N] Loading 1_32_43
[09:04:08.420] [N] Loading 1_41_39
[09:04:08.420] [N] Loading 1_28_42
[09:04:08.420] [N] Loading 1_36_27
[09:04:08.420] [N] Loading 1_42_34
[09:04:08.420] [N] Loading 1_38_41
[09:04:08.420] [N] Loading 1_33_43
[09:04:08.420] [N] Loading 1_30_43
[09:04:08.420] [N] Loading 1_40_33
[09:04:08.420] [N] Loading 1_39_41
[09:04:08.420] [N] Loading 1_41_33
[09:04:08.420] [N] Loading 1_24_31
[09:04:08.420] [N] Loading 1_25_40
[09:04:08.420] [N] Loading 1_39_33
[09:04:08.420] [N] Loading 1_34_43
[09:04:08.420] [N] Loading 1_23_32
[09:04:08.420] [N] Loading 1_42_36
[09:04:08.420] [N] Loading 1_36_42
[09:04:08.420] [N] Loading 1_36_26
[09:04:08.420] [N] Loading 1_40_40
[09:04:08.420] [N] Loading 1_24_30
[09:04:08.420] [N] Loading 1_33_25
[09:04:08.420] [N] Loading 1_32_25
[09:04:08.420] [N] Loading 1_29_43
[09:04:08.420] [N] Loading 1_39_32
[09:04:08.420] [N] Loading 1_40_32
[09:04:08.420] [N] Loading 1_30_27
[09:04:08.420] [N] Loading 1_25_29
[09:04:08.420] [N] Loading 1_22_33
[09:04:08.420] [N] Loading 1_26_41
[09:04:08.420] [N] Loading 1_37_27
[09:04:08.420] [N] Loading 1_27_42
[09:04:08.420] [N] Loading 1_31_25
[09:04:08.420] [N] Loading 1_35_25
[09:04:08.420] [N] Loading 1_30_26
[09:04:08.420] [N] Loading 1_35_43
[09:04:08.420] [N] Loading 1_24_39
[09:04:08.420] [N] Loading 1_40_41
[09:04:08.420] [N] Loading 1_24_29
[09:04:08.420] [N] Loading 1_37_28
[09:04:08.420] [N] Loading 1_37_42
[09:04:08.420] [N] Loading 1_24_40
[09:04:08.420] [N] Loading 1_22_32
[09:04:08.420] [N] Loading 1_39_31
[09:04:08.420] [N] Loading 1_42_37
[09:04:08.420] [N] Loading 1_25_41
[09:04:08.420] [N] Loading 1_40_31
[09:04:08.420] [N] Loading 1_34_25
[09:04:08.420] [N] Loading 1_23_31
[09:04:08.420] [N] Loading 1_28_43
[09:04:08.420] [N] Loading 1_43_36
[09:04:08.420] [N] Loading 1_36_25
[09:04:08.420] [N] Loading 1_41_32
[09:04:08.420] [N] Loading 1_31_44
[09:04:08.420] [N] Loading 1_37_29
[09:04:08.420] [N] Loading 1_32_44
[09:04:08.420] [N] Loading 1_37_26
[09:04:08.420] [N] Loading 1_38_42
[09:04:08.420] [N] Loading 1_23_30
[09:04:08.420] [N] Loading 1_33_44
[09:04:08.420] [N] Loading 1_38_27
[09:04:08.420] [N] Loading 1_30_44
[09:04:08.420] [N] Loading 1_21_33
[09:04:08.420] [N] Loading 1_24_41
[09:04:08.420] [N] Loading 1_39_42
[09:04:08.420] [N] Loading 1_38_28
[09:04:08.420] [N] Loading 1_39_30
[09:04:08.420] [N] Loading 1_26_42
[09:04:08.420] [N] Loading 1_25_28
[09:04:08.420] [N] Loading 1_23_29
[09:04:08.420] [N] Loading 1_40_30
[09:04:08.420] [N] Loading 1_30_25
[09:04:08.420] [N] Loading 1_41_31
[09:04:08.420] [N] Loading 1_21_32
[09:04:08.420] [N] Loading 1_34_44
[09:04:08.420] [N] Loading 1_36_43
[09:04:08.420] [N] Loading 1_42_38
[09:04:08.420] [N] Loading 1_33_24
[09:04:08.420] [N] Loading 1_22_34
[09:04:08.420] [N] Loading 1_27_43
[09:04:08.420] [N] Loading 1_29_27
[09:04:08.420] [N] Loading 1_38_26
[09:04:08.420] [N] Loading 1_21_34
[09:04:08.420] [N] Loading 1_29_44
[09:04:08.420] [N] Loading 1_25_42
[09:04:08.420] [N] Loading 1_24_28
[09:04:08.420] [N] Loading 1_22_31
[09:04:08.420] [N] Loading 1_40_42
[09:04:08.420] [N] Loading 1_41_40
[09:04:08.420] [N] Loading 1_41_30
[09:04:08.420] [N] Loading 1_41_41
[09:04:08.420] [N] Loading 1_29_26
[09:04:08.420] [N] Loading 1_35_44
[09:04:08.420] [N] Loading 1_35_24
[09:04:08.420] [N] Loading 1_34_24
[09:04:08.420] [N] Loading 1_43_37
[09:04:08.420] [N] Loading 1_24_42
[09:04:08.420] [N] Loading 1_37_43
[09:04:08.454] [D] Compiling expression 'HasQuest(6548)'
[09:04:08.465] [D] [If] Condition is true, executing If body
[09:04:08.500] [N] [Objective] Goal: Kill Grimtotem Ruffian x 8
[09:04:08.500] [D] Goal: Goal: Kill Grimtotem Ruffian x 8
[09:04:08.501] [D] [GrindObjective] Using profile hotspots (3 points) for mob 11910
[09:04:08.565] [N] Mounting: 35022
[09:04:10.609] [D] Activity: Moving to hotspot
[09:04:10.625] [D] [MeshNavigator] Skipped 2 path nodes
[09:04:13.298] [D] Generating new path because we are not on the old path anymore!
[09:04:15.262] [N] Loading 1_39_27
[09:04:15.939] [N] Loading 1_39_28
[09:04:30.570] [V] We are stuck! (TPS: 3.0, Latency: 0, loc: (-351.95, -1285.59, 90.06))!
[09:04:49.407] [N] Loading 1_36_24
[09:04:58.779] [V] We are stuck! (TPS: 2.7, Latency: 0, loc: (-283.50, -1196.42, 66.65))!
[09:04:59.497] [V] We are stuck! (TPS: 2.7, Latency: 0, loc: (-284.52, -1200.94, 67.79))!
[09:04:59.497] [V] Trying jump
[09:05:03.914] [N] Loading 1_37_25
[09:05:04.256] [N] Loading 1_22_30
[09:05:05.609] [D] [QuestLog] Loaded 66 completed quests from Lua fallback
[09:05:06.339] [N] Loading 1_30_35
[09:05:06.687] [N] Loading 1_32_30
[09:05:06.687] [N] Loading 1_31_30
[09:05:06.687] [N] Loading 1_30_31
[09:05:06.687] [N] Loading 1_30_30
[09:05:06.687] [N] Loading 1_36_35
[09:05:06.687] [N] Loading 1_29_35
[09:05:06.687] [N] Loading 1_36_34
[09:05:06.687] [N] Loading 1_36_36
[09:05:06.687] [N] Loading 1_35_37
[09:05:06.721] [N] Loading 1_37_35
[09:05:06.721] [N] Loading 1_37_34
[09:05:07.179] [N] Loading 1_29_36
[09:05:07.179] [N] Loading 1_30_37
[09:05:07.179] [N] Loading 1_29_31
[09:05:07.179] [N] Loading 1_33_38
[09:05:07.179] [N] Loading 1_29_30
[09:05:07.179] [N] Loading 1_32_38
[09:05:07.179] [N] Loading 1_29_32
[09:05:07.179] [N] Loading 1_31_38
[09:05:07.179] [N] Loading 1_36_37
[09:05:07.179] [N] Loading 1_34_38
[09:05:07.179] [N] Loading 1_37_36
[09:05:07.179] [N] Loading 1_29_37
[09:05:07.179] [N] Loading 1_30_29
[09:05:07.179] [N] Loading 1_35_38
[09:05:07.179] [N] Loading 1_28_36
[09:05:07.179] [N] Loading 1_28_35
[09:05:07.179] [N] Loading 1_29_29
[09:05:07.179] [N] Loading 1_30_38
[09:05:07.179] [N] Loading 1_29_33
[09:05:07.179] [N] Loading 1_28_31
[09:05:07.179] [N] Loading 1_33_39
[09:05:07.179] [N] Loading 1_31_29
[09:05:07.179] [N] Loading 1_28_32
[09:05:07.179] [N] Loading 1_38_35
[09:05:07.179] [N] Loading 1_34_39
[09:05:07.179] [N] Loading 1_32_39
[09:05:07.179] [N] Loading 1_37_37
[09:05:07.179] [N] Loading 1_38_36
[09:05:07.179] [N] Loading 1_28_37
[09:05:07.179] [N] Loading 1_28_30
[09:05:07.179] [N] Loading 1_31_39
[09:05:07.179] [N] Loading 1_36_38
[09:05:07.179] [N] Loading 1_28_34
[09:05:07.179] [N] Loading 1_29_38
[09:05:07.179] [N] Loading 1_38_34
[09:05:07.179] [N] Loading 1_28_33
[09:05:07.179] [N] Loading 1_36_30
[09:05:07.179] [N] Loading 1_30_39
[09:05:07.179] [N] Loading 1_27_36
[09:05:07.179] [N] Loading 1_28_29
[09:05:07.179] [N] Loading 1_27_35
[09:05:07.179] [N] Loading 1_30_28
[09:05:07.179] [N] Loading 1_31_28
[09:05:07.179] [N] Loading 1_35_39
[09:05:07.179] [N] Loading 1_39_35
[09:05:07.179] [N] Loading 1_38_37
[09:05:07.179] [N] Loading 1_27_34
[09:05:07.179] [N] Loading 1_39_36
[09:05:07.179] [N] Loading 1_38_31
[09:05:07.179] [N] Loading 1_31_40
[09:05:07.179] [N] Loading 1_36_39
[09:05:07.708] [N] Loading 1_29_28
[09:05:07.708] [N] Loading 1_27_37
[09:05:07.708] [N] Loading 1_28_38
[09:05:07.708] [N] Loading 1_29_39
[09:05:07.708] [N] Loading 1_39_34
[09:05:07.708] [N] Loading 1_38_32
[09:05:07.708] [N] Loading 1_32_40
[09:05:07.708] [N] Loading 1_27_30
[09:05:07.708] [N] Loading 1_30_40
[09:05:07.708] [N] Loading 1_32_28
[09:05:07.708] [N] Loading 1_34_40
[09:05:07.708] [N] Loading 1_26_35
[09:05:07.708] [N] Loading 1_27_33
[09:05:07.708] [N] Loading 1_32_29
[09:05:07.708] [N] Loading 1_26_34
[09:05:07.708] [N] Loading 1_33_40
[09:05:07.708] [N] Loading 1_27_29
[09:05:07.708] [N] Loading 1_39_37
[09:05:07.708] [N] Loading 1_35_40
[09:05:07.708] [N] Loading 1_40_35
[09:05:07.708] [N] Loading 1_31_27
[09:05:07.708] [N] Loading 1_37_38
[09:05:07.708] [N] Loading 1_26_33
[09:05:07.708] [N] Loading 1_26_36
[09:05:07.708] [N] Loading 1_27_38
[09:05:07.708] [N] Loading 1_33_29
[09:05:07.708] [N] Loading 1_33_28
[09:05:07.708] [N] Loading 1_28_39
[09:05:07.708] [N] Loading 1_40_36
[09:05:07.708] [N] Loading 1_31_41
[09:05:07.708] [N] Loading 1_38_33
[09:05:07.708] [N] Loading 1_26_37
[09:05:07.708] [N] Loading 1_27_32
[09:05:07.708] [N] Loading 1_29_40
[09:05:07.708] [N] Loading 1_37_39
[09:05:07.708] [N] Loading 1_32_41
[09:05:07.708] [N] Loading 1_32_27
[09:05:07.708] [N] Loading 1_30_41
[09:05:07.708] [N] Loading 1_34_29
[09:05:07.708] [N] Loading 1_26_32
[09:05:07.708] [N] Loading 1_36_40
[09:05:07.708] [N] Loading 1_34_28
[09:05:07.708] [N] Loading 1_33_27
[09:05:07.708] [N] Loading 1_40_34
[09:05:07.708] [N] Loading 1_38_38
[09:05:07.708] [N] Loading 1_25_35
[09:05:07.708] [N] Loading 1_26_38
[09:05:07.708] [N] Loading 1_39_38
[09:05:07.708] [N] Loading 1_33_41
[09:05:07.708] [N] Loading 1_40_37
[09:05:07.708] [N] Loading 1_41_35
[09:05:07.708] [N] Loading 1_25_34
[09:05:07.708] [N] Loading 1_27_31
[09:05:07.708] [N] Loading 1_37_40
[09:05:07.708] [N] Loading 1_41_36
[09:05:07.708] [N] Loading 1_38_39
[09:05:07.708] [N] Loading 1_28_40
[09:05:07.708] [N] Loading 1_31_42
[09:05:07.708] [N] Loading 1_29_41
[09:05:07.708] [N] Loading 1_35_41
[09:05:07.745] [V] We are stuck! (TPS: 2.5, Latency: 0, loc: (-260.51, -1142.96, 52.23))!
[09:05:08.213] [N] Loading 1_26_29
[09:05:08.213] [N] Loading 1_27_28
[09:05:08.213] [N] Loading 1_27_39
[09:05:08.213] [N] Loading 1_35_29
[09:05:08.213] [N] Loading 1_34_27
[09:05:08.213] [N] Loading 1_26_31
[09:05:08.213] [N] Loading 1_28_28
[09:05:08.213] [N] Loading 1_25_33
[09:05:08.213] [N] Loading 1_35_28
[09:05:08.213] [N] Loading 1_26_30
[09:05:08.213] [N] Loading 1_34_41
[09:05:08.213] [N] Loading 1_32_42
[09:05:08.213] [N] Loading 1_26_28
[09:05:08.213] [N] Loading 1_25_32
[09:05:08.213] [N] Loading 1_40_38
[09:05:08.213] [N] Loading 1_32_26
[09:05:08.213] [N] Loading 1_33_26
[09:05:08.213] [N] Loading 1_24_34
[09:05:08.213] [N] Loading 1_25_37
[09:05:08.213] [N] Loading 1_24_35
[09:05:08.213] [N] Loading 1_26_39
[09:05:08.213] [N] Loading 1_25_38
[09:05:08.213] [N] Loading 1_30_42
[09:05:08.213] [N] Loading 1_35_27
[09:05:08.213] [N] Loading 1_39_39
[09:05:08.213] [N] Loading 1_25_31
[09:05:08.213] [N] Loading 1_33_42
[09:05:08.213] [N] Loading 1_28_41
[09:05:08.213] [N] Loading 1_38_40
[09:05:08.213] [N] Loading 1_36_29
[09:05:08.213] [N] Loading 1_41_37
[09:05:08.213] [N] Loading 1_36_41
[09:05:08.213] [N] Loading 1_36_28
[09:05:08.213] [N] Loading 1_34_26
[09:05:08.213] [N] Loading 1_29_42
[09:05:08.213] [N] Loading 1_24_33
[09:05:08.213] [N] Loading 1_41_38
[09:05:08.213] [N] Loading 1_34_42
[09:05:08.213] [N] Loading 1_31_26
[09:05:08.213] [N] Loading 1_25_39
[09:05:08.213] [N] Loading 1_27_40
[09:05:08.213] [N] Loading 1_40_39
[09:05:08.213] [N] Loading 1_35_26
[09:05:08.213] [N] Loading 1_27_27
[09:05:08.213] [N] Loading 1_39_40
[09:05:08.213] [N] Loading 1_24_32
[09:05:08.213] [N] Loading 1_36_27
[09:05:08.213] [N] Loading 1_37_41
[09:05:08.213] [N] Loading 1_25_30
[09:05:08.213] [N] Loading 1_26_40
[09:05:08.213] [N] Loading 1_23_34
[09:05:08.213] [N] Loading 1_23_33
[09:05:08.213] [N] Loading 1_41_34
[09:05:08.213] [N] Loading 1_27_41
[09:05:08.213] [N] Loading 1_31_43
[09:05:08.213] [N] Loading 1_35_42
[09:05:08.213] [N] Loading 1_42_35
[09:05:08.213] [N] Loading 1_32_43
[09:05:08.213] [N] Loading 1_41_39
[09:05:08.213] [N] Loading 1_28_42
[09:05:08.213] [N] Loading 1_42_34
[09:05:08.213] [N] Loading 1_38_41
[09:05:08.213] [N] Loading 1_33_43
[09:05:08.213] [N] Loading 1_30_43
[09:05:08.213] [N] Loading 1_40_33
[09:05:08.248] [V] We are stuck! (TPS: 2.4, Latency: 0, loc: (-258.26, -1141.29, 51.74))!
[09:05:08.248] [V] Trying jump
[09:05:09.050] [N] Loading 1_36_26
[09:05:09.050] [N] Loading 1_33_25
[09:05:09.050] [N] Loading 1_24_31
[09:05:09.050] [N] Loading 1_32_25
[09:05:09.050] [N] Loading 1_25_40
[09:05:09.050] [N] Loading 1_23_32
[09:05:09.050] [N] Loading 1_30_27
[09:05:09.050] [N] Loading 1_39_41
[09:05:09.050] [N] Loading 1_41_33
[09:05:09.050] [N] Loading 1_24_30
[09:05:09.050] [N] Loading 1_39_33
[09:05:09.050] [N] Loading 1_37_27
[09:05:09.050] [N] Loading 1_34_43
[09:05:09.050] [N] Loading 1_42_36
[09:05:09.050] [N] Loading 1_36_42
[09:05:09.050] [N] Loading 1_40_40
[09:05:09.050] [N] Loading 1_31_25
[09:05:09.050] [N] Loading 1_35_25
[09:05:09.050] [N] Loading 1_30_26
[09:05:09.050] [N] Loading 1_25_29
[09:05:09.050] [N] Loading 1_22_33
[09:05:09.050] [N] Loading 1_26_41
[09:05:09.050] [N] Loading 1_37_28
[09:05:09.050] [N] Loading 1_29_43
[09:05:09.050] [N] Loading 1_34_25
[09:05:09.050] [N] Loading 1_39_32
[09:05:09.050] [N] Loading 1_40_32
[09:05:09.050] [N] Loading 1_24_39
[09:05:09.050] [N] Loading 1_24_29
[09:05:09.050] [N] Loading 1_24_40
[09:05:09.050] [N] Loading 1_22_32
[09:05:09.050] [N] Loading 1_36_25
[09:05:09.050] [N] Loading 1_27_42
[09:05:09.050] [N] Loading 1_25_41
[09:05:09.050] [N] Loading 1_37_29
[09:05:09.050] [N] Loading 1_23_31
[09:05:09.050] [N] Loading 1_35_43
[09:05:09.050] [N] Loading 1_40_41
[09:05:09.050] [N] Loading 1_37_26
[09:05:09.050] [N] Loading 1_37_42
[09:05:09.050] [N] Loading 1_39_31
[09:05:09.050] [N] Loading 1_42_37
[09:05:09.050] [N] Loading 1_40_31
[09:05:09.050] [N] Loading 1_38_27
[09:05:09.050] [N] Loading 1_38_28
[09:05:09.050] [N] Loading 1_30_25
[09:05:09.050] [N] Loading 1_28_43
[09:05:09.050] [N] Loading 1_43_36
[09:05:09.050] [N] Loading 1_23_30
[09:05:09.050] [N] Loading 1_41_32
[09:05:09.050] [N] Loading 1_31_44
[09:05:09.050] [N] Loading 1_21_33
[09:05:09.050] [N] Loading 1_24_41
[09:05:09.050] [N] Loading 1_32_44
[09:05:09.050] [N] Loading 1_26_42
[09:05:09.050] [N] Loading 1_33_24
[09:05:09.050] [N] Loading 1_25_28
[09:05:09.050] [N] Loading 1_23_29
[09:05:09.050] [N] Loading 1_29_27
[09:05:09.050] [N] Loading 1_38_26
[09:05:09.050] [N] Loading 1_38_42
[09:05:09.050] [N] Loading 1_21_32
[09:05:09.050] [N] Loading 1_33_44
[09:05:09.050] [N] Loading 1_30_44
[09:05:09.050] [N] Loading 1_39_42
[09:05:09.050] [N] Loading 1_39_30
[09:05:09.050] [N] Loading 1_40_30
[09:05:09.050] [N] Loading 1_41_31
[09:05:09.050] [N] Loading 1_22_34
[09:05:09.050] [N] Loading 1_34_44
[09:05:09.050] [N] Loading 1_29_26
[09:05:09.050] [N] Loading 1_21_34
[09:05:09.050] [N] Loading 1_35_24
[09:05:09.050] [N] Loading 1_36_43
[09:05:09.050] [N] Loading 1_34_24
[09:05:09.050] [N] Loading 1_25_42
[09:05:09.050] [N] Loading 1_24_28
[09:05:09.050] [N] Loading 1_22_31
[09:05:09.050] [N] Loading 1_42_38
[09:05:09.050] [N] Loading 1_27_43
[09:05:09.050] [N] Loading 1_29_44
[09:05:09.050] [N] Loading 1_24_42
[09:05:09.050] [N] Loading 1_40_42
[09:05:10.435] [V] We are stuck! (TPS: 2.6, Latency: 0, loc: (-244.43, -1134.10, 49.75))!
[09:05:14.141] [N] Loading 1_30_36
[09:05:15.473] [N] Loading 1_31_36
[09:05:15.473] [N] Loading 1_31_37
[09:05:15.794] [N] Loading 1_39_27
[09:05:16.472] [N] Loading 1_39_28
[09:05:18.505] [V] We are stuck! (TPS: 3.0, Latency: 0, loc: (-256.27, -1142.67, 51.83))!
[09:05:19.188] [V] We are stuck! (TPS: 3.0, Latency: 0, loc: (-258.11, -1141.90, 51.84))!
[09:05:19.188] [V] Trying jump
[09:05:22.890] [V] We are stuck! (TPS: 0.0, Latency: 0, loc: (-264.78, -1123.38, 48.35))!
[09:05:49.890] [N] Loading 1_36_24
[09:05:50.963] [N] Loading 1_29_25
[09:05:54.202] [N] Loading 1_35_35
[09:05:56.307] [N] Stopping the bot!
[09:05:56.309] [N] Bot stopping! Reason: User request
[09:05:56.406] [D] Exception in GetReturnValues: Thread was interrupted from a waiting state.
[09:05:56.410] [D] [QuestRecovery] quest=6548, stage=Objective, old=Attempting, new=Eligible, reason=None, episode=0, attempt=0, retry=
[09:05:56.440] [D] Cleared POI
[09:05:56.441] [D] Worker thread exited cleanly
[09:08:41.511] [D] [Settings] Saved all settings
