[13:24:37.310] [N] CopilotBuddy v1.6.6 started. Original HonorBuddy by Apoc, raphus, highvoltz, bobby53, xanathos, chinajade. Ported to WotLK 3.3.5a by Likon69.
[13:24:37.663] [N] Searching for WoW process...
[13:24:37.788] [N] Please wait a few seconds while CopilotBuddy initializes.
[13:24:37.788] [D] Using WoW with process ID 25700
[13:24:37.788] [D] Platform: x86
[13:24:37.788] [D] Executable Path: D:\World of Warcraft 3.3.5a\CB\
[13:24:37.810] [D] [ObjectManager] WoW build 12340 detected - OK
[13:24:37.811] [D] [ObjectManager] D3DDevicePtr = 0x00C5DF88
[13:24:37.812] [D] [ObjectManager] devicePtrAddr = 0x052FCBD0
[13:24:37.812] [D] [ObjectManager] device = 0x0A4EFE60 (at 0x0530054C)
[13:24:37.812] [D] [ObjectManager] vtablePtr = 0x0A4F2DBC
[13:24:37.812] [D] [ObjectManager] endSceneAddr = 0x643348F0 (at 0x0A4F2E64)
[13:24:37.812] [D] [ObjectManager] D3D: Device=0x0A4EFE60, VTable=0x0A4F2DBC, EndScene=0x643348F0
[13:24:37.812] [D] [ObjectManager] Creating ExecutorRand...
[13:24:37.856] [D] [ObjectManager] ExecutorRand created, IsInitialized = True
[13:24:37.856] [D] [ObjectManager] EndScene hook succeeded
[13:24:37.860] [D] [ObjectManager] Initialized successfully
[13:24:37.862] [N] Attached to WoW with ID 25700
[13:24:37.864] [N] Character is a level 25 BloodElf Paladin
[13:24:37.865] [N] Current zone is The Barrens
[13:24:37.898] [D] [Settings] Loaded settings for character: Jeof
[13:24:37.898] [N] Initializing Combat Routines...
[13:24:37.902] [D] Looking for routines in: D:\World of Warcraft 3.3.5a\CB\Routines
[13:24:37.902] [D] Compiling Singular wotlk
[13:24:40.208] [N] Loaded routine: Singular Wotlk for class Paladin
[13:24:40.208] [N] Loaded 1 combat routine(s)
[13:24:40.216] [N] Chose Singular Wotlk as your combat class.
[13:24:40.216] [N] Confirmed Paladin as your class.
[13:24:40.217] [N] [Singular] Starting Singular v2.0.0.0
[13:24:40.217] [N] [Singular] Determining talent spec.
[13:24:43.339] [D] [Singular-DEBUG] [Talents] Best Tree: 16
[13:24:43.339] [N] [Singular] Current spec is  Retribution Paladin
[13:24:43.349] [D] [WoWDb] Loaded 237 DBC tables
[13:24:43.350] [D] [WoWDb]   Key=235 (0x000000EB) Rows=1893
[13:24:43.350] [D] [WoWDb]   Key=236 (0x000000EC) Rows=7655
[13:24:43.350] [D] [WoWDb]   Key=237 (0x000000ED) Rows=86
[13:24:43.350] [D] [WoWDb]   Key=238 (0x000000EE) Rows=506
[13:24:43.350] [D] [WoWDb]   Key=239 (0x000000EF) Rows=291
[13:24:43.350] [D] [WoWDb] Lock DBC lookup: FOUND (rows=388)
[13:24:43.350] [D] [WoWDb] ClientDb.Lock enum value = 356 (0x00000164)
[13:24:43.351] [D] [Singular-DEBUG] Creating Combat behavior.
[13:24:43.352] [N] [Singular] Building method list
[13:24:43.358] [N] [Singular] Added 450 methods
[13:24:43.360] [D] [Singular-DEBUG] CreateRetributionPaladinNormalPullAndCombat is a match!
[13:24:43.361] [N] [Singular]  Using CreateRetributionPaladinNormalPullAndCombat for Retribution Paladin - Combat (Priority: 0)
[13:24:43.371] [D] [Singular-DEBUG] Creating Pull behavior.
[13:24:43.372] [D] [Singular-DEBUG] CreateRetributionPaladinNormalPullAndCombat is a match!
[13:24:43.372] [N] [Singular]  Using CreateRetributionPaladinNormalPullAndCombat for Retribution Paladin - Pull (Priority: 0)
[13:24:43.373] [D] [Singular-DEBUG] Creating Rest behavior.
[13:24:43.374] [D] [Singular-DEBUG] CreateRetributionPaladinRest is a match!
[13:24:43.374] [N] [Singular]  Using CreateRetributionPaladinRest for Retribution Paladin - Rest (Priority: 0)
[13:24:43.376] [D] [Singular-DEBUG] Creating CombatBuffs behavior.
[13:24:43.377] [D] [Singular-DEBUG] Creating Heal behavior.
[13:24:43.378] [D] [Singular-DEBUG] CreateRetributionPaladinHeal is a match!
[13:24:43.378] [N] [Singular]  Using CreateRetributionPaladinHeal for Retribution Paladin - Heal (Priority: 0)
[13:24:43.378] [D] [Singular-DEBUG] CreateRetributionPaladinNormalPullAndCombat is a match!
[13:24:43.378] [N] [Singular]  Using CreateRetributionPaladinNormalPullAndCombat for Retribution Paladin - Heal (Priority: 0)
[13:24:43.379] [D] [Singular-DEBUG] Creating PullBuffs behavior.
[13:24:43.380] [D] [Singular-DEBUG] Creating PreCombatBuffs behavior.
[13:24:43.381] [D] [Singular-DEBUG] CreatePaladinPreCombatBuffs is a match!
[13:24:43.381] [N] [Singular]  Using CreatePaladinPreCombatBuffs for Retribution Paladin - PreCombatBuffs (Priority: 0)
[13:24:43.385] [N] [Singular] Behaviors created!
[13:24:43.468] [D] [Singular-DEBUG] Attached combat log
[13:24:43.468] [D] Routine initialized successfully
[13:24:43.470] [D] Loading built-in bots from assembly: CopilotBuddy
[13:24:43.491] [D] Found bot type: PartyBot.DiscoBot
[13:24:43.492] [N] New bot added: Party Bot
[13:24:43.492] [D] Loaded built-in bot: Party Bot
[13:24:43.492] [D] Found bot type: Bots.Quest.QuestBot
[13:24:43.492] [N] New bot added: Questing
[13:24:43.492] [D] Loaded built-in bot: Questing
[13:24:43.492] [D] Found bot type: Bots.Grind.LevelBot
[13:24:43.492] [N] New bot added: Grind
[13:24:43.492] [D] Loaded built-in bot: Grind
[13:24:43.492] [D] Found bot type: Bots.Gatherbuddy.GatherbuddyBot
[13:24:43.492] [N] New bot added: GatherBuddy
[13:24:43.492] [D] Loaded built-in bot: GatherBuddy
[13:24:43.492] [D] Found bot type: Bots.DungeonBuddy.DungeonBuddy
[13:24:43.493] [N] New bot added: DungeonBuddy
[13:24:43.493] [D] Loaded built-in bot: DungeonBuddy
[13:24:43.493] [D] Found bot type: Bots.BGBuddy.BGBuddy
[13:24:43.493] [N] New bot added: BGBuddy
[13:24:43.493] [D] Loaded built-in bot: BGBuddy
[13:24:43.493] [D] Built-in bot loading complete. 6 bots loaded.
[13:24:43.497] [N] Loading bots from: D:\World of Warcraft 3.3.5a\CB\Bots
[13:24:43.505] [N] Found 123 source files
[13:24:43.512] [N] Found 0 dll files
[13:24:43.512] [N] Compiling: CombatBot.cs
[13:24:43.672] [N] Compiled successfully: CombatBot.cs
[13:24:43.673] [N] Compiling directory: Auto Angler 2/ (23 files)
[13:24:43.939] [N] Compiled successfully: Auto Angler 2/
[13:24:43.939] [N] Compiling directory: LazyRaider/ (4 files)
[13:24:44.158] [N] Compiled successfully: LazyRaider/
[13:24:44.158] [N] Compiling directory: ProfessionBuddy/ (52 files)
[13:24:44.924] [N] Compiled successfully: ProfessionBuddy/
[13:24:44.924] [N] Compiling directory: Templar/ (27 files)
[13:24:45.311] [N] Compiled successfully: Templar/
[13:24:45.311] [N] Compiling directory: Tyrael/ (5 files)
[13:24:45.477] [N] Compiled successfully: Tyrael/
[13:24:45.477] [N] Compiling directory: WholesomeAutoQuest-master/ (11 files)
[13:24:46.005] [N] Compiled successfully: WholesomeAutoQuest-master/
[13:24:46.005] [N] ClassCollection contains 7 compiled bots
[13:24:46.005] [N] Adding bot: Combat Bot
[13:24:46.006] [N] New bot added: Combat Bot
[13:24:46.006] [N] Adding bot: AutoAngler
[13:24:46.006] [N] New bot added: AutoAngler
[13:24:46.006] [N] Adding bot: LazyRaider
[13:24:46.006] [N] New bot added: LazyRaider
[13:24:46.006] [N] Adding bot: ProfessionBuddy
[13:24:46.006] [N] New bot added: ProfessionBuddy
[13:24:46.006] [N] Adding bot: Templar
[13:24:46.006] [N] New bot added: Templar
[13:24:46.006] [N] Adding bot: Tyrael
[13:24:46.006] [N] New bot added: Tyrael
[13:24:46.006] [N] Adding bot: Wholesome Auto Quest
[13:24:46.006] [N] New bot added: Wholesome Auto Quest
[13:24:46.006] [N] Bot loading complete. 13 bots loaded.
[13:24:46.006] [N] Initializing Plugins...
[13:24:46.702] [D] [WeightSet] Selected weight set: Paladin-Holy
[13:24:47.739] [N] [DeathStallRecovery] Enabled. The bot will stop if corpse recovery makes no movement progress for 60 seconds.
[13:24:48.565] [D] Rarekiller: Loading config file: D:\World of Warcraft 3.3.5a\CB\Plugins\RareKiller\config\Rarekiller.config
[13:24:48.566] [D] Root element is missing.
[13:24:48.566] [N] Rarekiller: Continuing with Default Config Values
[13:24:48.567] [D] Rarekiller: Loading config file: D:\World of Warcraft 3.3.5a\CB\Plugins\RareKiller\config\Rarekiller.config
[13:24:48.567] [D] Root element is missing.
[13:24:48.567] [N] Rarekiller: Continuing with Default Config Values
[13:24:48.567] [N] Rare Mob Killer - Version 3.3 Loaded.
[13:24:48.567] [N] Rarekiller Part Tamer: I'm no Hunter. Deactivate the Tamer Part
[13:24:49.083] [N] [VendorRecovery] Enabled. Failed Sell/Repair vendors will be skipped after 35 seconds at the NPC.
[13:24:49.249] [N] Plugin loading complete. 16 plugins loaded.
[13:24:49.249] [N] Plugins refreshed successfully.
[13:24:49.253] [N] Changing current bot to: Wholesome Auto Quest
[13:24:51.787] [D] [Settings] Saved all settings
[13:24:51.788] [N] Starting the bot.
[13:24:51.790] [N] Currently Using BotBase : Wholesome Auto Quest
[13:24:51.791] [N] Character is a level 25 BloodElf Paladin
[13:24:51.793] [N] Current zone is The Barrens
[13:24:51.794] [D] Loading profile from D:\World of Warcraft 3.3.5a\CB\Bots\WholesomeAutoQuest\WHOLESOME_AUTOQUESTER.xml
[13:24:51.829] [N] Profile loaded: WholesomeAQ - The Barrens
[13:24:51.830] [D] Selected sub-profile: WholesomeAQ - The Barrens (L1-80)
[13:24:52.018] [D] [WholesomeAQ] Navigation fingerprint unknown: provider or mesh-root stamp unavailable.
[13:24:52.616] [D] [QuestLog] Loaded 68 completed quests from Lua fallback
[13:24:52.649] [D] [ProfileBatchManager] Batch reset for new profile session.
[13:24:52.650] [N] [Wholesome Auto Quest] Class Paladin → PullDistance set to 24
[13:24:52.652] [N] [Wholesome Auto Quest] Initial scheduler build.
[13:24:53.080] [D] [WholesomeAQ] Quest chain correction: ancestor=1062; descendant=1063.
[13:24:53.080] [D] [WholesomeAQ] Quest chain correction: ancestor=1062; descendant=1068.
[13:24:53.116] [D] Activity: No eligible quest work; idle until 2026-09-05T06:10:20.8040908Z. excluded quest=104;stage=Pickup;npc=392;reason=outside-scan-radius;retry=context-change excluded quest=1062;stage=AncestorCorrection;objective=0;reason=outside-scan-radius;retry=context-change. excluded quest=1069;stage=Pickup;npc=3446;reason=outside-scan-radius;retry=context-change excluded quest=1087;stage=Pickup;npc=4198;reason=outside-scan-radius;retry=context-change excluded quest=1093;stage=Pickup;npc=4201;reason=outside-scan-radius;retry=context-change excluded quest=11127;stage=Pickup;scope=QuestStage;retry=2026-09-05T06:10:20.8287986Z;state=Quarantined. excluded quest=118;stage=Pickup;npc=415;reason=outside-scan-radius;retry=context-change excluded quest=1195;stage=Pickup;npc=4721;reason=outside-scan-radius;retry=context-change excluded quest=14106;stage=Pickup;scope=QuestStage;retry=2026-09-05T06:10:20.8250193Z;state=Quarantined. excluded quest=1483;stage=Pickup;npc=3442;reason=outside-scan-radius;retry=context-change excluded quest=152;stage=Pickup;npc=392;reason=outside-scan-radius;retry=context-change excluded quest=2098;stage=Pickup;npc=6667;reason=outside-scan-radius;retry=context-change excluded quest=216;stage=Pickup;npc=12757;reason=outside-scan-radius;retry=context-change excluded quest=235;stage=Pickup;npc=10880;reason=outside-scan-radius;retry=context-change excluded quest=3281;stage=TurnIn;npc=3464;reason=outside-scan-radius;retry=context-change excluded quest=4542;stage=Pickup;npc=10079;reason=outside-scan-radius;retry=context-change excluded quest=470;stage=Pickup;npc=2111;reason=outside-scan-radius;retry=context-change excluded quest=472;stage=Pickup;npc=2097;reason=outside-scan-radius;retry=context-change excluded quest=4740;stage=Pickup;npc=175320;reason=outside-scan-radius;retry=context-change excluded quest=4921;stage=Objective;objective=0;reason=outside-scan-radius;retry=context-change. excluded quest=493;stage=Pickup;npc=1937;reason=outside-scan-radius;retry=context-change excluded quest=494;stage=Pickup;npc=2214;reason=outside-scan-radius;retry=context-change excluded quest=496;stage=Pickup;npc=2216;reason=outside-scan-radius;retry=context-change excluded quest=498;stage=Pickup;npc=2229;reason=outside-scan-radius;retry=context-change excluded quest=501;stage=Pickup;npc=2216;reason=outside-scan-radius;retry=context-change excluded quest=516;stage=Pickup;npc=2121;reason=outside-scan-radius;retry=context-change excluded quest=527;stage=Pickup;npc=2215;reason=outside-scan-radius;retry=context-change excluded quest=546;stage=Pickup;npc=2418;reason=outside-scan-radius;retry=context-change excluded quest=549;stage=Pickup;npc=1763;reason=outside-scan-radius;retry=context-change excluded quest=6301;stage=Pickup;npc=11864;reason=outside-scan-radius;retry=context-change excluded quest=6382;stage=Pickup;npc=3387;reason=outside-scan-radius;retry=context-change excluded quest=6383;stage=Pickup;npc=12696;reason=outside-scan-radius;retry=context-change excluded quest=6393;stage=Pickup;npc=11862;reason=outside-scan-radius;retry=context-change excluded quest=6442;stage=Pickup;npc=12719;reason=outside-scan-radius;retry=context-change excluded quest=6461;stage=Objective;objective=0;reason=outside-scan-radius;retry=context-change. excluded quest=6461;stage=Objective;objective=1;reason=outside-scan-radius;retry=context-change. excluded quest=6462;stage=Pickup;npc=12721;reason=outside-scan-radius;retry=context-change excluded quest=6503;stage=Pickup;npc=12867;reason=outside-scan-radius;retry=context-change excluded quest=6541;stage=Pickup;npc=3429;reason=outside-scan-radius;retry=context-change excluded quest=6542;stage=TurnIn;npc=8582;reason=outside-scan-radius;retry=context-change excluded quest=6543;stage=Pickup;npc=8582;reason=outside-scan-radius;retry=context-change excluded quest=742;stage=Pickup;npc=10881;reason=outside-scan-radius;retry=context-change excluded quest=747;stage=Objective;scope=Objective;objective=0;retry=2026-09-05T06:10:20.8040908Z;state=Quarantined. excluded quest=747;stage=Objective;scope=Objective;objective=1;retry=2026-09-05T06:10:20.8116023Z;state=Quarantined. excluded quest=7790;stage=Pickup;scope=QuestStage;retry=2026-09-05T06:10:20.8249148Z;state=Quarantined. excluded quest=843;stage=Pickup;npc=3341;reason=outside-scan-radius;retry=context-change excluded quest=8487;stage=TurnIn;npc=15402;reason=outside-scan-radius;retry=context-change excluded quest=851;stage=Pickup;npc=3389;reason=outside-scan-radius;retry=context-change excluded quest=858;stage=Pickup;npc=3439;reason=outside-scan-radius;retry=context-change excluded quest=865;stage=Pickup;npc=3446;reason=outside-scan-radius;retry=context-change excluded quest=867;stage=Objective;scope=Objective;objective=0;retry=2026-09-05T06:10:20.8137024Z;state=Quarantined. excluded quest=868;stage=Pickup;npc=3428;reason=outside-scan-radius;retry=context-change excluded quest=878;stage=Pickup;npc=3430;reason=outside-scan-radius;retry=context-change excluded quest=8889;stage=Objective;objective=0;reason=outside-scan-radius;retry=context-change. excluded quest=8889;stage=Objective;objective=1;reason=outside-scan-radius;retry=context-change. excluded quest=8889;stage=Objective;objective=2;reason=outside-scan-radius;retry=context-change. excluded quest=891;stage=Objective;objective=0;reason=outside-scan-radius;retry=context-change. excluded quest=891;stage=Objective;objective=1;reason=outside-scan-radius;retry=context-change. excluded quest=891;stage=Objective;objective=2;reason=outside-scan-radius;retry=context-change. excluded quest=891;stage=Objective;scope=Objective;objective=3;retry=2026-09-05T06:10:20.8169213Z;state=Quarantined. excluded quest=893;stage=Pickup;npc=3433;reason=outside-scan-radius;retry=context-change excluded quest=894;stage=TurnIn;npc=4141;reason=outside-scan-radius;retry=context-change excluded quest=896;stage=Objective;scope=Objective;objective=0;retry=2026-09-05T06:10:20.8197153Z;state=Quarantined. excluded quest=9067;stage=Objective;scope=Objective;objective=0;retry=2026-09-05T07:12:52.3802265Z;state=Quarantined. excluded quest=9151;stage=Pickup;npc=16199;reason=outside-scan-radius;retry=context-change excluded quest=9157;stage=TurnIn;npc=16201;reason=outside-scan-radius;retry=context-change excluded quest=9214;stage=Pickup;npc=16220;reason=outside-scan-radius;retry=context-change excluded quest=9218;stage=Pickup;npc=16205;reason=outside-scan-radius;retry=context-change excluded quest=9275;stage=Pickup;npc=16464;reason=outside-scan-radius;retry=context-change excluded quest=9276;stage=Pickup;npc=16463;reason=outside-scan-radius;retry=context-change excluded quest=9281;stage=Pickup;npc=16480;reason=outside-scan-radius;retry=context-change excluded quest=9388;stage=Pickup;scope=QuestStage;retry=2026-09-05T06:10:20.8314367Z;state=Quarantined. excluded quest=9389;stage=Pickup;scope=QuestStage;retry=2026-09-05T06:10:20.8315248Z;state=Quarantined. excluded quest=9425;stage=Pickup;npc=16287;reason=outside-scan-radius;retry=context-change excluded quest=9428;stage=Pickup;npc=17098;reason=outside-scan-radius;retry=context-change excluded quest=959;stage=Pickup;npc=3665;reason=outside-scan-radius;retry=context-change excluded quest=962;stage=Pickup;npc=3419;reason=outside-scan-radius;retry=context-change excluded quest=965;stage=Pickup;npc=3657;reason=outside-scan-radius;retry=context-change excluded quest=9749;stage=Pickup;scope=QuestStage;retry=2026-09-05T06:10:20.8275214Z;state=Quarantined. Expanding scan radius from 250 to 500 yards before fallback.
[13:24:53.116] [N] [Wholesome Auto Quest] Started with quest data loaded.
[13:24:53.167] [N] [SpellDb] Loaded 49816 spells from Spells.bin
[13:24:53.217] [D] Setting CVars: autoSelfCast=1, autoLootDefault=1
[13:24:53.283] [D] Cleared POI
[13:24:53.291] [D] Refresh() called. LastCount=0, CurrentCount=33
[13:24:53.291] [N] Building spell book
[13:24:53.293] [D] Found 33 spells from LocalPlayer.KnownSpells
[13:24:53.293] [N] Adding Arcane Affinity
[13:24:53.295] [N] Adding Arcane Torrent
[13:24:53.296] [N] Adding Auto Attack
[13:24:53.298] [N] Adding Block
[13:24:53.299] [N] Adding Dodge
[13:24:53.301] [N] Adding Magic Resistance
[13:24:53.302] [N] Adding Parry
[13:24:53.304] [N] Adding Blessing of Wisdom
[13:24:53.305] [N] Adding Concentration Aura
[13:24:53.307] [N] Adding Consecration
[13:24:53.308] [N] Adding Exorcism
[13:24:53.310] [N] Adding Flash of Light
[13:24:53.311] [N] Adding Holy Light
[13:24:53.313] [N] Adding Lay on Hands
[13:24:53.314] [N] Adding Purify
[13:24:53.316] [N] Adding Seal of Righteousness
[13:24:53.317] [N] Adding Sense Undead
[13:24:53.319] [N] Adding Turn Evil
[13:24:53.321] [N] Adding Blessing of Kings
[13:24:53.322] [N] Adding Devotion Aura
[13:24:53.324] [N] Adding Divine Protection
[13:24:53.325] [N] Adding Hammer of Justice
[13:24:53.327] [N] Adding Hand of Freedom
[13:24:53.334] [N] Adding Hand of Protection
[13:24:53.335] [N] Adding Hand of Reckoning
[13:24:53.337] [N] Adding Righteous Defense
[13:24:53.338] [N] Adding Righteous Fury
[13:24:53.340] [N] Adding Seal of Justice
[13:24:53.342] [N] Adding Blessing of Might
[13:24:53.343] [N] Adding Judgement of Light
[13:24:53.345] [N] Adding Judgement of Wisdom
[13:24:53.346] [N] Adding Retribution Aura
[13:24:53.348] [N] Adding Seal of Command
[13:24:53.351] [N] Spell book built
[13:24:53.353] [D] [SpellManager] Initialize — subscribed to BotEvents.OnBotStart
[13:24:53.955] [D] [Talented] SelectMajorTalentTree called but not needed in WotLK 3.3.5a
[13:24:54.431] [D] [WholesomeAQ] Quest chain correction: ancestor=1062; descendant=1063.
[13:24:54.431] [D] [WholesomeAQ] Quest chain correction: ancestor=1062; descendant=1068.
[13:24:54.453] [D] Activity: No eligible quest work; idle until 2026-09-05T06:10:20.8040908Z. excluded quest=104;stage=Pickup;npc=392;reason=outside-scan-radius;retry=context-change excluded quest=1062;stage=AncestorCorrection;objective=0;reason=outside-scan-radius;retry=context-change. excluded quest=1069;stage=Pickup;npc=3446;reason=outside-scan-radius;retry=context-change excluded quest=1087;stage=Pickup;npc=4198;reason=outside-scan-radius;retry=context-change excluded quest=1093;stage=Pickup;npc=4201;reason=outside-scan-radius;retry=context-change excluded quest=11127;stage=Pickup;scope=QuestStage;retry=2026-09-05T06:10:20.8287986Z;state=Quarantined. excluded quest=118;stage=Pickup;npc=415;reason=outside-scan-radius;retry=context-change excluded quest=1195;stage=Pickup;npc=4721;reason=outside-scan-radius;retry=context-change excluded quest=14106;stage=Pickup;scope=QuestStage;retry=2026-09-05T06:10:20.8250193Z;state=Quarantined. excluded quest=1483;stage=Pickup;npc=3442;reason=outside-scan-radius;retry=context-change excluded quest=152;stage=Pickup;npc=392;reason=outside-scan-radius;retry=context-change excluded quest=2098;stage=Pickup;npc=6667;reason=outside-scan-radius;retry=context-change excluded quest=216;stage=Pickup;npc=12757;reason=outside-scan-radius;retry=context-change excluded quest=235;stage=Pickup;npc=10880;reason=outside-scan-radius;retry=context-change excluded quest=3281;stage=TurnIn;npc=3464;reason=outside-scan-radius;retry=context-change excluded quest=4542;stage=Pickup;npc=10079;reason=outside-scan-radius;retry=context-change excluded quest=470;stage=Pickup;npc=2111;reason=outside-scan-radius;retry=context-change excluded quest=472;stage=Pickup;npc=2097;reason=outside-scan-radius;retry=context-change excluded quest=4740;stage=Pickup;npc=175320;reason=outside-scan-radius;retry=context-change excluded quest=4921;stage=Objective;objective=0;reason=outside-scan-radius;retry=context-change. excluded quest=493;stage=Pickup;npc=1937;reason=outside-scan-radius;retry=context-change excluded quest=494;stage=Pickup;npc=2214;reason=outside-scan-radius;retry=context-change excluded quest=496;stage=Pickup;npc=2216;reason=outside-scan-radius;retry=context-change excluded quest=498;stage=Pickup;npc=2229;reason=outside-scan-radius;retry=context-change excluded quest=501;stage=Pickup;npc=2216;reason=outside-scan-radius;retry=context-change excluded quest=516;stage=Pickup;npc=2121;reason=outside-scan-radius;retry=context-change excluded quest=527;stage=Pickup;npc=2215;reason=outside-scan-radius;retry=context-change excluded quest=546;stage=Pickup;npc=2418;reason=outside-scan-radius;retry=context-change excluded quest=549;stage=Pickup;npc=1763;reason=outside-scan-radius;retry=context-change excluded quest=6301;stage=Pickup;npc=11864;reason=outside-scan-radius;retry=context-change excluded quest=6382;stage=Pickup;npc=3387;reason=outside-scan-radius;retry=context-change excluded quest=6383;stage=Pickup;npc=12696;reason=outside-scan-radius;retry=context-change excluded quest=6393;stage=Pickup;npc=11862;reason=outside-scan-radius;retry=context-change excluded quest=6442;stage=Pickup;npc=12719;reason=outside-scan-radius;retry=context-change excluded quest=6461;stage=Objective;objective=0;reason=outside-scan-radius;retry=context-change. excluded quest=6461;stage=Objective;objective=1;reason=outside-scan-radius;retry=context-change. excluded quest=6462;stage=Pickup;npc=12721;reason=outside-scan-radius;retry=context-change excluded quest=6503;stage=Pickup;npc=12867;reason=outside-scan-radius;retry=context-change excluded quest=6541;stage=Pickup;npc=3429;reason=outside-scan-radius;retry=context-change excluded quest=6542;stage=TurnIn;npc=8582;reason=outside-scan-radius;retry=context-change excluded quest=6543;stage=Pickup;npc=8582;reason=outside-scan-radius;retry=context-change excluded quest=742;stage=Pickup;npc=10881;reason=outside-scan-radius;retry=context-change excluded quest=747;stage=Objective;scope=Objective;objective=0;retry=2026-09-05T06:10:20.8040908Z;state=Quarantined. excluded quest=747;stage=Objective;scope=Objective;objective=1;retry=2026-09-05T06:10:20.8116023Z;state=Quarantined. excluded quest=7790;stage=Pickup;scope=QuestStage;retry=2026-09-05T06:10:20.8249148Z;state=Quarantined. excluded quest=843;stage=Pickup;npc=3341;reason=outside-scan-radius;retry=context-change excluded quest=8487;stage=TurnIn;npc=15402;reason=outside-scan-radius;retry=context-change excluded quest=851;stage=Pickup;npc=3389;reason=outside-scan-radius;retry=context-change excluded quest=858;stage=Pickup;npc=3439;reason=outside-scan-radius;retry=context-change excluded quest=865;stage=Pickup;npc=3446;reason=outside-scan-radius;retry=context-change excluded quest=867;stage=Objective;scope=Objective;objective=0;retry=2026-09-05T06:10:20.8137024Z;state=Quarantined. excluded quest=868;stage=Pickup;npc=3428;reason=outside-scan-radius;retry=context-change excluded quest=878;stage=Pickup;npc=3430;reason=outside-scan-radius;retry=context-change excluded quest=8889;stage=Objective;objective=0;reason=outside-scan-radius;retry=context-change. excluded quest=8889;stage=Objective;objective=1;reason=outside-scan-radius;retry=context-change. excluded quest=8889;stage=Objective;objective=2;reason=outside-scan-radius;retry=context-change. excluded quest=891;stage=Objective;objective=0;reason=outside-scan-radius;retry=context-change. excluded quest=891;stage=Objective;objective=1;reason=outside-scan-radius;retry=context-change. excluded quest=891;stage=Objective;objective=2;reason=outside-scan-radius;retry=context-change. excluded quest=891;stage=Objective;scope=Objective;objective=3;retry=2026-09-05T06:10:20.8169213Z;state=Quarantined. excluded quest=893;stage=Pickup;npc=3433;reason=outside-scan-radius;retry=context-change excluded quest=894;stage=TurnIn;npc=4141;reason=outside-scan-radius;retry=context-change excluded quest=896;stage=Objective;scope=Objective;objective=0;retry=2026-09-05T06:10:20.8197153Z;state=Quarantined. excluded quest=9067;stage=Objective;scope=Objective;objective=0;retry=2026-09-05T07:12:52.3802265Z;state=Quarantined. excluded quest=9151;stage=Pickup;npc=16199;reason=outside-scan-radius;retry=context-change excluded quest=9157;stage=TurnIn;npc=16201;reason=outside-scan-radius;retry=context-change excluded quest=9214;stage=Pickup;npc=16220;reason=outside-scan-radius;retry=context-change excluded quest=9218;stage=Pickup;npc=16205;reason=outside-scan-radius;retry=context-change excluded quest=9275;stage=Pickup;npc=16464;reason=outside-scan-radius;retry=context-change excluded quest=9276;stage=Pickup;npc=16463;reason=outside-scan-radius;retry=context-change excluded quest=9281;stage=Pickup;npc=16480;reason=outside-scan-radius;retry=context-change excluded quest=9388;stage=Pickup;scope=QuestStage;retry=2026-09-05T06:10:20.8314367Z;state=Quarantined. excluded quest=9389;stage=Pickup;scope=QuestStage;retry=2026-09-05T06:10:20.8315248Z;state=Quarantined. excluded quest=9425;stage=Pickup;npc=16287;reason=outside-scan-radius;retry=context-change excluded quest=9428;stage=Pickup;npc=17098;reason=outside-scan-radius;retry=context-change excluded quest=959;stage=Pickup;npc=3665;reason=outside-scan-radius;retry=context-change excluded quest=962;stage=Pickup;npc=3419;reason=outside-scan-radius;retry=context-change excluded quest=965;stage=Pickup;npc=3657;reason=outside-scan-radius;retry=context-change excluded quest=9749;stage=Pickup;scope=QuestStage;retry=2026-09-05T06:10:20.8275214Z;state=Quarantined. Expanding scan radius from 500 to 750 yards before fallback.
[13:24:55.272] [D] [WholesomeAQ] Quest chain correction: ancestor=1062; descendant=1063.
[13:24:55.273] [D] [WholesomeAQ] Quest chain correction: ancestor=1062; descendant=1068.
[13:24:55.285] [D] Activity: No eligible quest work; idle until 2026-09-05T06:10:20.8040908Z. excluded quest=104;stage=Pickup;npc=392;reason=outside-scan-radius;retry=context-change excluded quest=1062;stage=AncestorCorrection;objective=0;reason=outside-scan-radius;retry=context-change. excluded quest=1069;stage=Pickup;npc=3446;reason=outside-scan-radius;retry=context-change excluded quest=1087;stage=Pickup;npc=4198;reason=outside-scan-radius;retry=context-change excluded quest=1093;stage=Pickup;npc=4201;reason=outside-scan-radius;retry=context-change excluded quest=11127;stage=Pickup;scope=QuestStage;retry=2026-09-05T06:10:20.8287986Z;state=Quarantined. excluded quest=118;stage=Pickup;npc=415;reason=outside-scan-radius;retry=context-change excluded quest=1195;stage=Pickup;npc=4721;reason=outside-scan-radius;retry=context-change excluded quest=14106;stage=Pickup;scope=QuestStage;retry=2026-09-05T06:10:20.8250193Z;state=Quarantined. excluded quest=1483;stage=Pickup;npc=3442;reason=outside-scan-radius;retry=context-change excluded quest=152;stage=Pickup;npc=392;reason=outside-scan-radius;retry=context-change excluded quest=2098;stage=Pickup;npc=6667;reason=outside-scan-radius;retry=context-change excluded quest=216;stage=Pickup;npc=12757;reason=outside-scan-radius;retry=context-change excluded quest=235;stage=Pickup;npc=10880;reason=outside-scan-radius;retry=context-change excluded quest=3281;stage=TurnIn;npc=3464;reason=outside-scan-radius;retry=context-change excluded quest=4542;stage=Pickup;npc=10079;reason=outside-scan-radius;retry=context-change excluded quest=470;stage=Pickup;npc=2111;reason=outside-scan-radius;retry=context-change excluded quest=472;stage=Pickup;npc=2097;reason=outside-scan-radius;retry=context-change excluded quest=4740;stage=Pickup;npc=175320;reason=outside-scan-radius;retry=context-change excluded quest=4921;stage=Objective;objective=0;reason=outside-scan-radius;retry=context-change. excluded quest=493;stage=Pickup;npc=1937;reason=outside-scan-radius;retry=context-change excluded quest=494;stage=Pickup;npc=2214;reason=outside-scan-radius;retry=context-change excluded quest=496;stage=Pickup;npc=2216;reason=outside-scan-radius;retry=context-change excluded quest=498;stage=Pickup;npc=2229;reason=outside-scan-radius;retry=context-change excluded quest=501;stage=Pickup;npc=2216;reason=outside-scan-radius;retry=context-change excluded quest=516;stage=Pickup;npc=2121;reason=outside-scan-radius;retry=context-change excluded quest=527;stage=Pickup;npc=2215;reason=outside-scan-radius;retry=context-change excluded quest=546;stage=Pickup;npc=2418;reason=outside-scan-radius;retry=context-change excluded quest=549;stage=Pickup;npc=1763;reason=outside-scan-radius;retry=context-change excluded quest=6301;stage=Pickup;npc=11864;reason=outside-scan-radius;retry=context-change excluded quest=6382;stage=Pickup;npc=3387;reason=outside-scan-radius;retry=context-change excluded quest=6383;stage=Pickup;npc=12696;reason=outside-scan-radius;retry=context-change excluded quest=6393;stage=Pickup;npc=11862;reason=outside-scan-radius;retry=context-change excluded quest=6442;stage=Pickup;npc=12719;reason=outside-scan-radius;retry=context-change excluded quest=6461;stage=Objective;objective=0;reason=outside-scan-radius;retry=context-change. excluded quest=6461;stage=Objective;objective=1;reason=outside-scan-radius;retry=context-change. excluded quest=6462;stage=Pickup;npc=12721;reason=outside-scan-radius;retry=context-change excluded quest=6503;stage=Pickup;npc=12867;reason=outside-scan-radius;retry=context-change excluded quest=6541;stage=Pickup;npc=3429;reason=outside-scan-radius;retry=context-change excluded quest=6542;stage=TurnIn;npc=8582;reason=outside-scan-radius;retry=context-change excluded quest=6543;stage=Pickup;npc=8582;reason=outside-scan-radius;retry=context-change excluded quest=742;stage=Pickup;npc=10881;reason=outside-scan-radius;retry=context-change excluded quest=747;stage=Objective;scope=Objective;objective=0;retry=2026-09-05T06:10:20.8040908Z;state=Quarantined. excluded quest=747;stage=Objective;scope=Objective;objective=1;retry=2026-09-05T06:10:20.8116023Z;state=Quarantined. excluded quest=7790;stage=Pickup;scope=QuestStage;retry=2026-09-05T06:10:20.8249148Z;state=Quarantined. excluded quest=843;stage=Pickup;npc=3341;reason=outside-scan-radius;retry=context-change excluded quest=8487;stage=TurnIn;npc=15402;reason=outside-scan-radius;retry=context-change excluded quest=851;stage=Pickup;npc=3389;reason=outside-scan-radius;retry=context-change excluded quest=858;stage=Pickup;npc=3439;reason=outside-scan-radius;retry=context-change excluded quest=865;stage=Pickup;npc=3446;reason=outside-scan-radius;retry=context-change excluded quest=867;stage=Objective;scope=Objective;objective=0;retry=2026-09-05T06:10:20.8137024Z;state=Quarantined. excluded quest=868;stage=Pickup;npc=3428;reason=outside-scan-radius;retry=context-change excluded quest=878;stage=Pickup;npc=3430;reason=outside-scan-radius;retry=context-change excluded quest=8889;stage=Objective;objective=0;reason=outside-scan-radius;retry=context-change. excluded quest=8889;stage=Objective;objective=1;reason=outside-scan-radius;retry=context-change. excluded quest=8889;stage=Objective;objective=2;reason=outside-scan-radius;retry=context-change. excluded quest=891;stage=Objective;objective=0;reason=outside-scan-radius;retry=context-change. excluded quest=891;stage=Objective;objective=1;reason=outside-scan-radius;retry=context-change. excluded quest=891;stage=Objective;objective=2;reason=outside-scan-radius;retry=context-change. excluded quest=891;stage=Objective;scope=Objective;objective=3;retry=2026-09-05T06:10:20.8169213Z;state=Quarantined. excluded quest=893;stage=Pickup;npc=3433;reason=outside-scan-radius;retry=context-change excluded quest=894;stage=TurnIn;npc=4141;reason=outside-scan-radius;retry=context-change excluded quest=896;stage=Objective;scope=Objective;objective=0;retry=2026-09-05T06:10:20.8197153Z;state=Quarantined. excluded quest=9067;stage=Objective;scope=Objective;objective=0;retry=2026-09-05T07:12:52.3802265Z;state=Quarantined. excluded quest=9151;stage=Pickup;npc=16199;reason=outside-scan-radius;retry=context-change excluded quest=9157;stage=TurnIn;npc=16201;reason=outside-scan-radius;retry=context-change excluded quest=9214;stage=Pickup;npc=16220;reason=outside-scan-radius;retry=context-change excluded quest=9218;stage=Pickup;npc=16205;reason=outside-scan-radius;retry=context-change excluded quest=9275;stage=Pickup;npc=16464;reason=outside-scan-radius;retry=context-change excluded quest=9276;stage=Pickup;npc=16463;reason=outside-scan-radius;retry=context-change excluded quest=9281;stage=Pickup;npc=16480;reason=outside-scan-radius;retry=context-change excluded quest=9388;stage=Pickup;scope=QuestStage;retry=2026-09-05T06:10:20.8314367Z;state=Quarantined. excluded quest=9389;stage=Pickup;scope=QuestStage;retry=2026-09-05T06:10:20.8315248Z;state=Quarantined. excluded quest=9425;stage=Pickup;npc=16287;reason=outside-scan-radius;retry=context-change excluded quest=9428;stage=Pickup;npc=17098;reason=outside-scan-radius;retry=context-change excluded quest=959;stage=Pickup;npc=3665;reason=outside-scan-radius;retry=context-change excluded quest=962;stage=Pickup;npc=3419;reason=outside-scan-radius;retry=context-change excluded quest=965;stage=Pickup;npc=3657;reason=outside-scan-radius;retry=context-change excluded quest=9749;stage=Pickup;scope=QuestStage;retry=2026-09-05T06:10:20.8275214Z;state=Quarantined. Expanding scan radius from 750 to 1000 yards before fallback.
[13:24:56.116] [D] [WholesomeAQ] Quest chain correction: ancestor=1062; descendant=1063.
[13:24:56.116] [D] [WholesomeAQ] Quest chain correction: ancestor=1062; descendant=1068.
[13:24:56.137] [N] Loaded 0 global blackspots
[13:24:56.165] [D] [Blackspot] Area cost initialized: area 17 = 60x
[13:24:56.171] [D] [Nav] Loaded 14 mesh tiles for one path query
[13:24:56.196] [D] Loading profile from D:\World of Warcraft 3.3.5a\CB\Bots\WholesomeAutoQuest\WHOLESOME_AUTOQUESTER.xml
[13:24:56.210] [N] Profile loaded: WholesomeAQ - The Barrens
[13:24:56.213] [D] Selected sub-profile: WholesomeAQ - The Barrens (L1-80)
[13:24:56.213] [N] [Wholesome Auto Quest] Profile refreshed - Selected 1 quest work candidate(s). selected quest=6461;stage=HalfOpen;state=HalfOpen. excluded quest=104;stage=Pickup;npc=392;reason=outside-scan-radius;retry=context-change excluded quest=1062;stage=AncestorCorrection;objective=0;reason=outside-scan-radius;retry=context-change. excluded quest=1069;stage=Pickup;npc=3446;reason=outside-scan-radius;retry=context-change excluded quest=1087;stage=Pickup;npc=4198;reason=outside-scan-radius;retry=context-change excluded quest=1093;stage=Pickup;npc=4201;reason=outside-scan-radius;retry=context-change excluded quest=11127;stage=Pickup;scope=QuestStage;retry=2026-09-05T06:10:20.8287986Z;state=Quarantined. excluded quest=118;stage=Pickup;npc=415;reason=outside-scan-radius;retry=context-change excluded quest=1195;stage=Pickup;npc=4721;reason=outside-scan-radius;retry=context-change excluded quest=14106;stage=Pickup;scope=QuestStage;retry=2026-09-05T06:10:20.8250193Z;state=Quarantined. excluded quest=1483;stage=Pickup;npc=3442;reason=outside-scan-radius;retry=context-change excluded quest=152;stage=Pickup;npc=392;reason=outside-scan-radius;retry=context-change excluded quest=2098;stage=Pickup;npc=6667;reason=outside-scan-radius;retry=context-change excluded quest=216;stage=Pickup;npc=12757;reason=outside-scan-radius;retry=context-change excluded quest=235;stage=Pickup;npc=10880;reason=outside-scan-radius;retry=context-change excluded quest=3281;stage=TurnIn;npc=3464;reason=outside-scan-radius;retry=context-change excluded quest=4542;stage=Pickup;npc=10079;reason=outside-scan-radius;retry=context-change excluded quest=470;stage=Pickup;npc=2111;reason=outside-scan-radius;retry=context-change excluded quest=472;stage=Pickup;npc=2097;reason=outside-scan-radius;retry=context-change excluded quest=4740;stage=Pickup;npc=175320;reason=outside-scan-radius;retry=context-change excluded quest=4921;stage=Objective;objective=0;reason=outside-scan-radius;retry=context-change. excluded quest=493;stage=Pickup;npc=1937;reason=outside-scan-radius;retry=context-change excluded quest=494;stage=Pickup;npc=2214;reason=outside-scan-radius;retry=context-change excluded quest=496;stage=Pickup;npc=2216;reason=outside-scan-radius;retry=context-change excluded quest=498;stage=Pickup;npc=2229;reason=outside-scan-radius;retry=context-change excluded quest=501;stage=Pickup;npc=2216;reason=outside-scan-radius;retry=context-change excluded quest=516;stage=Pickup;npc=2121;reason=outside-scan-radius;retry=context-change excluded quest=527;stage=Pickup;npc=2215;reason=outside-scan-radius;retry=context-change excluded quest=546;stage=Pickup;npc=2418;reason=outside-scan-radius;retry=context-change excluded quest=549;stage=Pickup;npc=1763;reason=outside-scan-radius;retry=context-change excluded quest=6301;stage=Pickup;npc=11864;reason=outside-scan-radius;retry=context-change excluded quest=6382;stage=Pickup;npc=3387;reason=outside-scan-radius;retry=context-change excluded quest=6383;stage=Pickup;npc=12696;reason=outside-scan-radius;retry=context-change excluded quest=6393;stage=Pickup;npc=11862;reason=outside-scan-radius;retry=context-change excluded quest=6442;stage=Pickup;npc=12719;reason=outside-scan-radius;retry=context-change excluded quest=6461;stage=Objective;objective=1;reason=outside-scan-radius;retry=context-change. excluded quest=6462;stage=Pickup;npc=12721;reason=outside-scan-radius;retry=context-change excluded quest=6503;stage=Pickup;npc=12867;reason=outside-scan-radius;retry=context-change excluded quest=6541;stage=Pickup;npc=3429;reason=outside-scan-radius;retry=context-change excluded quest=6542;stage=TurnIn;npc=8582;reason=outside-scan-radius;retry=context-change excluded quest=6543;stage=Pickup;npc=8582;reason=outside-scan-radius;retry=context-change excluded quest=742;stage=Pickup;npc=10881;reason=outside-scan-radius;retry=context-change excluded quest=747;stage=Objective;scope=Objective;objective=0;retry=2026-09-05T06:10:20.8040908Z;state=Quarantined. excluded quest=747;stage=Objective;scope=Objective;objective=1;retry=2026-09-05T06:10:20.8116023Z;state=Quarantined. excluded quest=7790;stage=Pickup;scope=QuestStage;retry=2026-09-05T06:10:20.8249148Z;state=Quarantined. excluded quest=843;stage=Pickup;npc=3341;reason=outside-scan-radius;retry=context-change excluded quest=8487;stage=TurnIn;npc=15402;reason=outside-scan-radius;retry=context-change excluded quest=851;stage=Pickup;npc=3389;reason=outside-scan-radius;retry=context-change excluded quest=858;stage=Pickup;npc=3439;reason=outside-scan-radius;retry=context-change excluded quest=865;stage=Pickup;npc=3446;reason=outside-scan-radius;retry=context-change excluded quest=867;stage=Objective;scope=Objective;objective=0;retry=2026-09-05T06:10:20.8137024Z;state=Quarantined. excluded quest=868;stage=Pickup;npc=3428;reason=outside-scan-radius;retry=context-change excluded quest=878;stage=Pickup;npc=3430;reason=outside-scan-radius;retry=context-change excluded quest=8889;stage=Objective;objective=0;reason=outside-scan-radius;retry=context-change. excluded quest=8889;stage=Objective;objective=1;reason=outside-scan-radius;retry=context-change. excluded quest=8889;stage=Objective;objective=2;reason=outside-scan-radius;retry=context-change. excluded quest=891;stage=Objective;objective=0;reason=outside-scan-radius;retry=context-change. excluded quest=891;stage=Objective;objective=1;reason=outside-scan-radius;retry=context-change. excluded quest=891;stage=Objective;objective=2;reason=outside-scan-radius;retry=context-change. excluded quest=891;stage=Objective;scope=Objective;objective=3;retry=2026-09-05T06:10:20.8169213Z;state=Quarantined. excluded quest=893;stage=Pickup;npc=3433;reason=outside-scan-radius;retry=context-change excluded quest=894;stage=TurnIn;npc=4141;reason=outside-scan-radius;retry=context-change excluded quest=896;stage=Objective;scope=Objective;objective=0;retry=2026-09-05T06:10:20.8197153Z;state=Quarantined. excluded quest=9067;stage=Objective;scope=Objective;objective=0;retry=2026-09-05T07:12:52.3802265Z;state=Quarantined. excluded quest=9151;stage=Pickup;npc=16199;reason=outside-scan-radius;retry=context-change excluded quest=9157;stage=TurnIn;npc=16201;reason=outside-scan-radius;retry=context-change excluded quest=9214;stage=Pickup;npc=16220;reason=outside-scan-radius;retry=context-change excluded quest=9218;stage=Pickup;npc=16205;reason=outside-scan-radius;retry=context-change excluded quest=9275;stage=Pickup;npc=16464;reason=outside-scan-radius;retry=context-change excluded quest=9276;stage=Pickup;npc=16463;reason=outside-scan-radius;retry=context-change excluded quest=9281;stage=Pickup;npc=16480;reason=outside-scan-radius;retry=context-change excluded quest=9388;stage=Pickup;scope=QuestStage;retry=2026-09-05T06:10:20.8314367Z;state=Quarantined. excluded quest=9389;stage=Pickup;scope=QuestStage;retry=2026-09-05T06:10:20.8315248Z;state=Quarantined. excluded quest=9425;stage=Pickup;npc=16287;reason=outside-scan-radius;retry=context-change excluded quest=9428;stage=Pickup;npc=17098;reason=outside-scan-radius;retry=context-change excluded quest=959;stage=Pickup;npc=3665;reason=outside-scan-radius;retry=context-change excluded quest=962;stage=Pickup;npc=3419;reason=outside-scan-radius;retry=context-change excluded quest=965;stage=Pickup;npc=3657;reason=outside-scan-radius;retry=context-change excluded quest=9749;stage=Pickup;scope=QuestStage;retry=2026-09-05T06:10:20.8275214Z;state=Quarantined.
[13:24:56.617] [N] [Database] Data.bin loaded successfully
[13:24:56.637] [D] [Nav] Loaded 1 mesh tiles for one path query
[13:24:56.653] [D] [Nav] Loaded 7 mesh tiles for one path query
[13:24:57.614] [D] [Nav] Loaded 300 mesh tiles for one path query
[13:24:57.645] [D] Compiling expression 'HasQuest(6461)'
[13:24:57.656] [D] [If] Condition is true, executing If body
[13:24:57.741] [N] [Objective] Goal: Kill Deepmoss Creeper x 10
[13:24:57.741] [D] Goal: Goal: Kill Deepmoss Creeper x 10
[13:24:57.741] [D] [GrindObjective] Using profile hotspots (1 points) for mob 4005
[13:24:57.745] [D] Activity: Moving to hotspot
[13:24:57.794] [D] [Pulse] Slow bot root: 1244ms bot=Wholesome Auto Quest poi=None combat=False
[13:24:58.642] [D] [Nav] Loaded 1 mesh tiles for one path query
[13:24:58.702] [D] [Pulse] Slow bot root: 404ms bot=Wholesome Auto Quest poi=None combat=False
[13:24:59.572] [D] [Pulse] Slow bot root: 400ms bot=Wholesome Auto Quest poi=None combat=False
[13:25:00.445] [D] [Pulse] Slow bot root: 405ms bot=Wholesome Auto Quest poi=None combat=False
[13:25:01.286] [D] [Pulse] Slow bot root: 374ms bot=Wholesome Auto Quest poi=None combat=False
[13:25:02.126] [D] [Pulse] Slow bot root: 370ms bot=Wholesome Auto Quest poi=None combat=False
[13:25:02.968] [D] [Pulse] Slow bot root: 371ms bot=Wholesome Auto Quest poi=None combat=False
[13:25:03.843] [D] [Pulse] Slow bot root: 371ms bot=Wholesome Auto Quest poi=None combat=False
[13:25:04.919] [D] [Pulse] Slow bot root: 368ms bot=Wholesome Auto Quest poi=None combat=False
[13:25:05.760] [D] [Pulse] Slow bot root: 369ms bot=Wholesome Auto Quest poi=None combat=False
[13:25:06.607] [D] [Pulse] Slow bot root: 373ms bot=Wholesome Auto Quest poi=None combat=False
[13:25:07.477] [D] [Pulse] Slow bot root: 401ms bot=Wholesome Auto Quest poi=None combat=False
[13:25:08.354] [D] [Pulse] Slow bot root: 370ms bot=Wholesome Auto Quest poi=None combat=False
[13:25:09.261] [D] [Pulse] Slow bot root: 405ms bot=Wholesome Auto Quest poi=None combat=False
[13:25:10.103] [D] [Pulse] Slow bot root: 373ms bot=Wholesome Auto Quest poi=None combat=False
[13:25:10.978] [D] [Pulse] Slow bot root: 402ms bot=Wholesome Auto Quest poi=None combat=False
[13:25:11.800] [D] [Nav] Loaded 1 mesh tiles for one path query
[13:25:11.822] [D] [Pulse] Slow bot root: 371ms bot=Wholesome Auto Quest poi=None combat=False
[13:25:12.729] [D] [Pulse] Slow bot root: 438ms bot=Wholesome Auto Quest poi=None combat=False
[13:25:13.553] [D] [Nav] Loaded 1 mesh tiles for one path query
[13:25:13.640] [D] [Pulse] Slow bot root: 437ms bot=Wholesome Auto Quest poi=None combat=False
[13:25:14.497] [D] [Nav] Loaded 1 mesh tiles for one path query
[13:25:14.519] [D] [Pulse] Slow bot root: 372ms bot=Wholesome Auto Quest poi=None combat=False
[13:25:15.628] [D] [Pulse] Slow bot root: 399ms bot=Wholesome Auto Quest poi=None combat=False
[13:25:16.433] [D] [Nav] Loaded 1 mesh tiles for one path query
[13:25:16.465] [D] [Pulse] Slow bot root: 369ms bot=Wholesome Auto Quest poi=None combat=False
[13:25:17.306] [D] [Pulse] Slow bot root: 373ms bot=Wholesome Auto Quest poi=None combat=False
[13:25:18.180] [D] [Pulse] Slow bot root: 402ms bot=Wholesome Auto Quest poi=None combat=False
[13:25:19.021] [D] [Nav] Loaded 1 mesh tiles for one path query
[13:25:19.090] [D] [Pulse] Slow bot root: 435ms bot=Wholesome Auto Quest poi=None combat=False
[13:25:20.002] [D] [Pulse] Slow bot root: 404ms bot=Wholesome Auto Quest poi=None combat=False
[13:25:20.820] [D] [Nav] Loaded 1 mesh tiles for one path query
[13:25:20.846] [D] [Pulse] Slow bot root: 371ms bot=Wholesome Auto Quest poi=None combat=False
[13:25:21.752] [D] [Pulse] Slow bot root: 435ms bot=Wholesome Auto Quest poi=None combat=False
[13:25:22.622] [D] [Pulse] Slow bot root: 403ms bot=Wholesome Auto Quest poi=None combat=False
[13:25:23.496] [D] [Pulse] Slow bot root: 402ms bot=Wholesome Auto Quest poi=None combat=False
[13:25:24.337] [D] [Pulse] Slow bot root: 371ms bot=Wholesome Auto Quest poi=None combat=False
[13:25:25.849] [D] [Pulse] Slow bot root: 1009ms bot=Wholesome Auto Quest poi=None combat=False
[13:25:28.811] [D] [Pulse] Slow bot root: 2250ms bot=Wholesome Auto Quest poi=None combat=False
[13:25:33.361] [D] [Pulse] Slow bot root: 4083ms bot=Wholesome Auto Quest poi=None combat=False
[13:25:38.252] [D] [Pulse] Slow bot root: 4387ms bot=Wholesome Auto Quest poi=None combat=False
[13:25:39.950] [D] [Nav] Loaded 1 mesh tiles for one path query
[13:25:47.458] [D] [Pulse] Slow bot root: 8463ms bot=Wholesome Auto Quest poi=None combat=False
[13:25:56.204] [D] [Pulse] Slow bot root: 8237ms bot=Wholesome Auto Quest poi=None combat=False
[13:25:57.046] [D] [QuestLog] Loaded 68 completed quests from Lua fallback
[13:25:58.356] [D] [Nav] Loaded 248 mesh tiles for one path query
[13:25:58.731] [D] [Nav] Loaded 34 mesh tiles for one path query
[13:25:59.042] [D] [Nav] Loaded 1 mesh tiles for one path query
[13:26:06.209] [D] [Pulse] Slow bot root: 8789ms bot=Wholesome Auto Quest poi=None combat=False
[13:26:12.430] [D] [Nav] Loaded 1 mesh tiles for one path query
[13:26:14.080] [D] [Nav] Loaded 1 mesh tiles for one path query
[13:26:15.065] [D] [Nav] Loaded 1 mesh tiles for one path query
[13:26:15.395] [D] [Nav] Loaded 1 mesh tiles for one path query
[13:26:15.458] [D] [Pulse] Slow bot root: 8510ms bot=Wholesome Auto Quest poi=None combat=False
[13:26:17.004] [D] [Nav] Loaded 1 mesh tiles for one path query
[13:26:19.580] [D] [Nav] Loaded 1 mesh tiles for one path query
[13:26:21.165] [D] [Nav] Loaded 1 mesh tiles for one path query
[13:26:24.331] [D] [Nav] Loaded 1 mesh tiles for one path query
[13:26:24.400] [D] [Pulse] Slow bot root: 8400ms bot=Wholesome Auto Quest poi=None combat=False
[13:26:33.524] [D] [Nav] Loaded 3 mesh tiles for one path query
[13:26:33.583] [D] [Pulse] Slow bot root: 8444ms bot=Wholesome Auto Quest poi=None combat=False
[13:26:38.309] [D] [Nav] Loaded 7 mesh tiles for one path query
[13:26:40.633] [D] [Nav] Loaded 1 mesh tiles for one path query
[13:26:42.644] [D] [Nav] Loaded 2 mesh tiles for one path query
[13:26:42.707] [D] [Pulse] Slow bot root: 8622ms bot=Wholesome Auto Quest poi=None combat=False
[13:26:43.812] [D] [Nav] Loaded 1 mesh tiles for one path query
[13:26:51.982] [D] [Pulse] Slow bot root: 8536ms bot=Wholesome Auto Quest poi=None combat=False
[13:26:52.877] [D] [Nav] Loaded 2 mesh tiles for one path query
[13:26:58.258] [D] [Nav] Loaded 79 mesh tiles for one path query
[13:26:58.960] [D] [Nav] Loaded 149 mesh tiles for one path query
[13:26:59.379] [D] [Nav] Loaded 46 mesh tiles for one path query
[13:26:59.699] [D] [Nav] Loaded 1 mesh tiles for one path query
[13:27:01.633] [D] [Nav] Loaded 3 mesh tiles for one path query
[13:27:01.699] [D] [Pulse] Slow bot root: 9181ms bot=Wholesome Auto Quest poi=None combat=False
[13:27:02.507] [D] [QuestLog] Loaded 68 completed quests from Lua fallback
[13:27:11.368] [D] [Pulse] Slow bot root: 8493ms bot=Wholesome Auto Quest poi=None combat=False
[13:27:12.891] [D] [Nav] Loaded 1 mesh tiles for one path query
[13:27:14.523] [D] [Nav] Loaded 1 mesh tiles for one path query
[13:27:15.482] [D] [Nav] Loaded 1 mesh tiles for one path query
[13:27:15.801] [D] [Nav] Loaded 1 mesh tiles for one path query
[13:27:17.400] [D] [Nav] Loaded 1 mesh tiles for one path query
[13:27:19.965] [D] [Nav] Loaded 1 mesh tiles for one path query
[13:27:20.283] [D] [Nav] Loaded 1 mesh tiles for one path query
[13:27:20.366] [D] [Pulse] Slow bot root: 8492ms bot=Wholesome Auto Quest poi=None combat=False
[13:27:21.464] [D] [Nav] Loaded 3 mesh tiles for one path query
[13:27:21.795] [D] [Nav] Loaded 1 mesh tiles for one path query
[13:27:24.043] [D] [Nav] Loaded 3 mesh tiles for one path query
[13:27:24.684] [D] [Nav] Loaded 1 mesh tiles for one path query
[13:27:29.658] [D] [Pulse] Slow bot root: 8551ms bot=Wholesome Auto Quest poi=None combat=False
[13:27:30.188] [D] Changed POI to: Type: Kill, Name: Deepmoss Creeper, Guid: F130000FA507DB60, Entry: 4005, Location: (32.85, -111.08, 20.49)
[13:27:30.287] [D] [Singular-DEBUG] Switched targets!
[13:27:30.287] [D] [Singular-DEBUG] Melee Distance: 5
[13:27:30.287] [D] [Singular-DEBUG] Health: 100
[13:27:30.287] [D] [Singular-DEBUG] Level: 16
[13:27:30.657] [D] Dismount to kill bot poi.
[13:27:30.657] [D] Stop and dismount. Reason: Combat
[13:27:31.498] [N] [Singular] Casting Blessing of Kings on Myself
[13:27:31.498] [D] Spell_C::CastSpell(20217, 0, 0x6000000007EAB80, 0)
[13:27:31.532] [D] [Pulse] Slow bot root: 134ms bot=Wholesome Auto Quest poi=Kill combat=False
[13:27:32.105] [N] [Singular] Casting Seal of Righteousness on Myself
[13:27:32.105] [D] Spell_C::CastSpell(21084, 0, 0x6000000007EAB80, 0)
[13:27:32.139] [D] [Pulse] Slow bot root: 135ms bot=Wholesome Auto Quest poi=Kill combat=False
[13:27:33.962] [D] [Nav] Loaded 3 mesh tiles for one path query
[13:27:38.468] [D] [Nav] Loaded 7 mesh tiles for one path query
[13:27:41.094] [D] [Nav] Loaded 1 mesh tiles for one path query
[13:27:41.121] [D] Activity: Moving towards Deepmoss Creeper
[13:27:41.252] [D] [Pulse] Slow bot root: 8645ms bot=Wholesome Auto Quest poi=Kill combat=False
[13:27:42.064] [N] [Singular] Casting Seal of Righteousness on Myself
[13:27:42.064] [D] Spell_C::CastSpell(21084, 0, 0x6000000007EAB80, 0)
[13:27:42.098] [D] [Pulse] Slow bot root: 100ms bot=Wholesome Auto Quest poi=Kill combat=False
[13:27:42.980] [D] [Pulse] Slow bot root: 410ms bot=Wholesome Auto Quest poi=Kill combat=False
[13:27:43.611] [N] [Singular] Casting Judgement of Light on Deepmoss Creeper
[13:27:43.611] [D] Spell_C::CastSpell(20271, 0, 0xF130000FA507DB60, 0)
[13:27:43.646] [D] [Pulse] Slow bot root: 200ms bot=Wholesome Auto Quest poi=Kill combat=False
[13:27:44.257] [D] [Pulse] Slow bot root: 132ms bot=Wholesome Auto Quest poi=Kill combat=True
[13:27:45.331] [N] [Singular] Casting Judgement of Light on Deepmoss Creeper
[13:27:45.331] [D] Spell_C::CastSpell(20271, 0, 0xF130000FA507DB60, 0)
[13:27:45.366] [D] [Pulse] Slow bot root: 135ms bot=Wholesome Auto Quest poi=Kill combat=True
[13:27:45.935] [N] [Singular] Casting Judgement of Light on Deepmoss Creeper
[13:27:45.935] [D] Spell_C::CastSpell(20271, 0, 0xF130000FA507DB60, 0)
[13:27:45.968] [D] [Pulse] Slow bot root: 135ms bot=Wholesome Auto Quest poi=Kill combat=True
[13:27:46.538] [N] [Singular] Casting Judgement of Light on Deepmoss Creeper
[13:27:46.538] [D] Spell_C::CastSpell(20271, 0, 0xF130000FA507DB60, 0)
[13:27:46.571] [D] [Pulse] Slow bot root: 132ms bot=Wholesome Auto Quest poi=Kill combat=True
[13:27:47.175] [N] [Singular] Casting Judgement of Light on Deepmoss Creeper
[13:27:47.175] [D] Spell_C::CastSpell(20271, 0, 0xF130000FA507DB60, 0)
[13:27:47.210] [D] [Pulse] Slow bot root: 136ms bot=Wholesome Auto Quest poi=Kill combat=False
[13:27:47.680] [D] Cleared POI - Reason POI is dead from Combat
[13:27:47.680] [D] Cleared POI
[13:27:48.194] [D] Changed POI to: Type: Loot, Name: Deepmoss Creeper, Guid: F130000FA507DB60, Entry: 4005, Location: (35.85, -111.67, 20.15)
[13:27:48.297] [D] [QuestRecovery] quest=6461, stage=Objective, old=Attempting, new=Eligible, reason=None, episode=0, attempt=0, retry=
[13:27:48.660] [D] [Interact] Interacting with object at 0x2ED500A8
[13:27:48.693] [D] [Interact] Done interacting with object at 0x2ED500A8
[13:27:48.726] [D] [Pulse] Slow bot root: 101ms bot=Wholesome Auto Quest poi=Loot combat=False
[13:27:49.670] [N] Looting Deepmoss Creeper Guid 0xF130000FA507DB60
[13:27:49.772] [D] Cleared POI - Reason Waiting for loot flag
[13:27:49.772] [D] Cleared POI
[13:27:49.805] [D] [Pulse] Slow bot root: 135ms bot=Wholesome Auto Quest poi=None combat=False
[13:27:51.662] [D] [Nav] Loaded 3 mesh tiles for one path query
[13:27:53.298] [D] [Nav] Loaded 2 mesh tiles for one path query
[13:27:58.193] [D] [Nav] Loaded 23 mesh tiles for one path query
[13:27:58.664] [D] [Nav] Loaded 56 mesh tiles for one path query
[13:27:59.212] [D] [Nav] Loaded 78 mesh tiles for one path query
[13:27:59.703] [D] [Nav] Loaded 71 mesh tiles for one path query
[13:28:00.120] [D] [Nav] Loaded 44 mesh tiles for one path query
[13:28:00.510] [D] Activity: Moving to hotspot
[13:28:00.646] [D] [Pulse] Slow bot root: 9358ms bot=Wholesome Auto Quest poi=None combat=False
[13:28:02.097] [D] [Nav] Loaded 3 mesh tiles for one path query
[13:28:05.631] [N] Stopping the bot!
[13:28:05.633] [N] Bot stopping! Reason: User request
[13:28:10.139] [D] Exception in GetReturnValues: Thread was interrupted from a waiting state.
[13:28:10.164] [D] [Pulse] Slow bot root: 8744ms bot=Wholesome Auto Quest poi=None combat=False
[13:28:10.165] [D] [QuestRecovery] quest=6461, stage=Objective, old=Attempting, new=Eligible, reason=None, episode=0, attempt=0, retry=
[13:28:10.200] [D] Cleared POI
[13:28:10.202] [D] Worker thread exited cleanly
[13:37:44.051] [D] [Settings] Saved all settings
