[00:00:05.578] [N] CopilotBuddy v1.6.5 started. Original HonorBuddy by Apoc, raphus, highvoltz, bobby53, xanathos, chinajade. Ported to WotLK 3.3.5a by Likon69.
[00:00:05.986] [N] Searching for WoW process...
[00:00:06.119] [N] Please wait a few seconds while CopilotBuddy initializes.
[00:00:06.119] [D] Using WoW with process ID 25700
[00:00:06.119] [D] Platform: x86
[00:00:06.119] [D] Executable Path: D:\World of Warcraft 3.3.5a\CB\
[00:00:06.147] [D] [ObjectManager] WoW build 12340 detected - OK
[00:00:06.149] [D] [ObjectManager] D3DDevicePtr = 0x00C5DF88
[00:00:06.150] [D] [ObjectManager] devicePtrAddr = 0x052FCBD0
[00:00:06.150] [D] [ObjectManager] device = 0x0A4EFE60 (at 0x0530054C)
[00:00:06.150] [D] [ObjectManager] vtablePtr = 0x0A4F2DBC
[00:00:06.150] [D] [ObjectManager] endSceneAddr = 0x643348F0 (at 0x0A4F2E64)
[00:00:06.150] [D] [ObjectManager] D3D: Device=0x0A4EFE60, VTable=0x0A4F2DBC, EndScene=0x643348F0
[00:00:06.150] [D] [ObjectManager] Creating ExecutorRand...
[00:00:06.196] [D] [ObjectManager] ExecutorRand created, IsInitialized = True
[00:00:06.196] [D] [ObjectManager] EndScene hook succeeded
[00:00:06.202] [D] [ObjectManager] Initialized successfully
[00:00:06.204] [N] Attached to WoW with ID 25700
[00:00:06.206] [N] Character is a level 25 BloodElf Paladin
[00:00:06.207] [N] Current zone is The Barrens
[00:00:06.234] [D] [Settings] Loaded settings for character: Jeof
[00:00:06.234] [N] Initializing Combat Routines...
[00:00:06.238] [D] Looking for routines in: D:\World of Warcraft 3.3.5a\CB\Routines
[00:00:06.239] [D] Compiling Singular wotlk
[00:00:08.328] [N] Could not compile routine from: Singular wotlk
[00:00:08.329] [N] File: Rest.cs Line: 70 Error: The name 'LiquidEnvironment' does not exist in the current context
File: Rest.cs Line: 86 Error: The name 'LiquidEnvironment' does not exist in the current context

[00:00:08.329] [N] Loaded 0 combat routine(s)
[00:00:08.336] [N] Could not find a routine fitting for your class. Please make sure you have a proper combat class routine in your Routines folder, and restart CopilotBuddy. Using default.
[00:00:08.337] [D] Loading built-in bots from assembly: CopilotBuddy
[00:00:08.360] [D] Found bot type: PartyBot.DiscoBot
[00:00:08.360] [N] New bot added: Party Bot
[00:00:08.360] [D] Loaded built-in bot: Party Bot
[00:00:08.360] [D] Found bot type: Bots.Quest.QuestBot
[00:00:08.360] [N] New bot added: Questing
[00:00:08.360] [D] Loaded built-in bot: Questing
[00:00:08.360] [D] Found bot type: Bots.Grind.LevelBot
[00:00:08.360] [N] New bot added: Grind
[00:00:08.360] [D] Loaded built-in bot: Grind
[00:00:08.360] [D] Found bot type: Bots.Gatherbuddy.GatherbuddyBot
[00:00:08.360] [N] New bot added: GatherBuddy
[00:00:08.360] [D] Loaded built-in bot: GatherBuddy
[00:00:08.361] [D] Found bot type: Bots.DungeonBuddy.DungeonBuddy
[00:00:08.362] [N] New bot added: DungeonBuddy
[00:00:08.362] [D] Loaded built-in bot: DungeonBuddy
[00:00:08.362] [D] Found bot type: Bots.BGBuddy.BGBuddy
[00:00:08.362] [N] New bot added: BGBuddy
[00:00:08.362] [D] Loaded built-in bot: BGBuddy
[00:00:08.362] [D] Built-in bot loading complete. 6 bots loaded.
[00:00:08.365] [N] Loading bots from: D:\World of Warcraft 3.3.5a\CB\Bots
[00:00:08.373] [N] Found 122 source files
[00:00:08.380] [N] Found 0 dll files
[00:00:08.380] [N] Compiling: CombatBot.cs
[00:00:08.725] [N] Compiled successfully: CombatBot.cs
[00:00:08.725] [N] Compiling directory: Auto Angler 2/ (23 files)
[00:00:08.979] [N] Compiled successfully: Auto Angler 2/
[00:00:08.979] [N] Compiling directory: LazyRaider/ (4 files)
[00:00:09.189] [N] Compiled successfully: LazyRaider/
[00:00:09.189] [N] Compiling directory: ProfessionBuddy/ (52 files)
[00:00:09.777] [N] Compiled successfully: ProfessionBuddy/
[00:00:09.777] [N] Compiling directory: Templar/ (27 files)
[00:00:10.078] [N] Compiled successfully: Templar/
[00:00:10.079] [N] Compiling directory: Tyrael/ (5 files)
[00:00:10.218] [N] Compiled successfully: Tyrael/
[00:00:10.218] [N] Compiling directory: WholesomeAutoQuest-master/ (10 files)
[00:00:10.674] [N] Compiled successfully: WholesomeAutoQuest-master/
[00:00:10.674] [N] ClassCollection contains 7 compiled bots
[00:00:10.674] [N] Adding bot: Combat Bot
[00:00:10.674] [N] New bot added: Combat Bot
[00:00:10.674] [N] Adding bot: AutoAngler
[00:00:10.674] [N] New bot added: AutoAngler
[00:00:10.674] [N] Adding bot: LazyRaider
[00:00:10.674] [N] New bot added: LazyRaider
[00:00:10.674] [N] Adding bot: ProfessionBuddy
[00:00:10.674] [N] New bot added: ProfessionBuddy
[00:00:10.674] [N] Adding bot: Templar
[00:00:10.674] [N] New bot added: Templar
[00:00:10.674] [N] Adding bot: Tyrael
[00:00:10.674] [N] New bot added: Tyrael
[00:00:10.674] [N] Adding bot: Wholesome Auto Quest
[00:00:10.674] [N] New bot added: Wholesome Auto Quest
[00:00:10.674] [N] Bot loading complete. 13 bots loaded.
[00:00:10.674] [N] Initializing Plugins...
[00:00:11.414] [D] [WeightSet] Selected weight set: Paladin-Holy
[00:00:12.687] [N] [DeathStallRecovery] Enabled. The bot will stop if corpse recovery makes no movement progress for 60 seconds.
[00:00:13.716] [D] Rarekiller: Loading config file: D:\World of Warcraft 3.3.5a\CB\Plugins\RareKiller\config\Rarekiller.config
[00:00:13.717] [D] Root element is missing.
[00:00:13.717] [N] Rarekiller: Continuing with Default Config Values
[00:00:13.718] [D] Rarekiller: Loading config file: D:\World of Warcraft 3.3.5a\CB\Plugins\RareKiller\config\Rarekiller.config
[00:00:13.718] [D] Root element is missing.
[00:00:13.718] [N] Rarekiller: Continuing with Default Config Values
[00:00:13.718] [N] Rare Mob Killer - Version 3.3 Loaded.
[00:00:13.718] [N] Rarekiller Part Tamer: I'm no Hunter. Deactivate the Tamer Part
[00:00:14.352] [N] [VendorRecovery] Enabled. Failed Sell/Repair vendors will be skipped after 35 seconds at the NPC.
[00:00:14.509] [N] Plugin loading complete. 16 plugins loaded.
[00:00:14.509] [N] Plugins refreshed successfully.
[00:00:14.511] [N] Changing current bot to: Wholesome Auto Quest
[00:00:14.524] [N] Auto-select botbase from /botname: Wholesome Auto Quest
[00:00:14.525] [N] Changing current bot to: Wholesome Auto Quest
[00:00:14.529] [D] [Settings] Saved all settings
[00:00:14.529] [N] Starting the bot.
[00:00:14.530] [N] Currently Using BotBase : Wholesome Auto Quest
[00:00:14.530] [N] Character is a level 25 BloodElf Paladin
[00:00:14.531] [N] Current zone is The Barrens
[00:00:14.545] [D] [WoWDb] Loaded 237 DBC tables
[00:00:14.545] [D] [WoWDb]   Key=235 (0x000000EB) Rows=1893
[00:00:14.545] [D] [WoWDb]   Key=236 (0x000000EC) Rows=7655
[00:00:14.545] [D] [WoWDb]   Key=237 (0x000000ED) Rows=86
[00:00:14.545] [D] [WoWDb]   Key=238 (0x000000EE) Rows=506
[00:00:14.545] [D] [WoWDb]   Key=239 (0x000000EF) Rows=291
[00:00:14.545] [D] [WoWDb] Lock DBC lookup: FOUND (rows=388)
[00:00:14.545] [D] [WoWDb] ClientDb.Lock enum value = 356 (0x00000164)
[00:00:14.546] [D] Loading profile from D:\World of Warcraft 3.3.5a\CB\Bots\WholesomeAutoQuest-master\WHOLESOME_AUTOQUESTER.xml
[00:00:14.598] [N] Profile loaded: WholesomeAQ - The Barrens
[00:00:14.599] [D] Selected sub-profile: WholesomeAQ - The Barrens (L1-80)
[00:00:14.802] [D] [WholesomeAQ] Navigation fingerprint unknown: provider or mesh-root stamp unavailable.
[00:00:15.354] [N] [QuestLog] Failed to read completed quest cache
[00:00:15.387] [D] [ProfileBatchManager] Batch reset for new profile session.
[00:00:15.388] [N] [Wholesome Auto Quest] Class Paladin → PullDistance set to 24
[00:00:15.390] [N] [Wholesome Auto Quest] Initial scheduler build.
[00:00:15.849] [D] [QuestRecovery] quest=747, stage=Objective, old=Eligible, new=Quarantined, reason=InvalidQuestData, episode=1, attempt=1, retry=4/9/2026 10:00:15 PM
[00:00:15.850] [D] [QuestRecovery] quest=747, stage=Objective, old=Eligible, new=Quarantined, reason=InvalidQuestData, episode=1, attempt=1, retry=4/9/2026 10:00:15 PM
[00:00:15.852] [D] [QuestRecovery] quest=867, stage=Objective, old=Quarantined, new=Quarantined, reason=InvalidQuestData, episode=1, attempt=1, retry=4/9/2026 10:00:15 PM
[00:00:15.854] [D] [QuestRecovery] quest=891, stage=Objective, old=Eligible, new=Quarantined, reason=InvalidQuestData, episode=1, attempt=1, retry=4/9/2026 10:00:15 PM
[00:00:15.854] [D] [QuestRecovery] quest=891, stage=Objective, old=Eligible, new=Quarantined, reason=InvalidQuestData, episode=1, attempt=1, retry=4/9/2026 10:00:15 PM
[00:00:15.855] [D] [QuestRecovery] quest=891, stage=Objective, old=Eligible, new=Quarantined, reason=InvalidQuestData, episode=1, attempt=1, retry=4/9/2026 10:00:15 PM
[00:00:15.855] [D] [QuestRecovery] quest=891, stage=Objective, old=Eligible, new=Quarantined, reason=InvalidQuestData, episode=1, attempt=1, retry=4/9/2026 10:00:15 PM
[00:00:15.858] [D] [QuestRecovery] quest=894, stage=TurnIn, old=Eligible, new=Quarantined, reason=InvalidQuestData, episode=1, attempt=1, retry=4/9/2026 10:00:15 PM
[00:00:15.858] [D] [QuestRecovery] quest=896, stage=Objective, old=Eligible, new=Quarantined, reason=InvalidQuestData, episode=1, attempt=1, retry=4/9/2026 10:00:15 PM
[00:00:15.858] [D] [QuestRecovery] quest=899, stage=Objective, old=Eligible, new=Quarantined, reason=InvalidQuestData, episode=1, attempt=1, retry=4/9/2026 10:00:15 PM
[00:00:15.858] [D] [QuestRecovery] quest=1062, stage=Objective, old=Eligible, new=Quarantined, reason=InvalidQuestData, episode=1, attempt=1, retry=4/9/2026 10:00:15 PM
[00:00:15.858] [D] [QuestRecovery] quest=3281, stage=Objective, old=Eligible, new=Quarantined, reason=InvalidQuestData, episode=1, attempt=1, retry=4/9/2026 10:00:15 PM
[00:00:15.858] [D] [QuestRecovery] quest=4921, stage=Objective, old=Eligible, new=Quarantined, reason=InvalidQuestData, episode=1, attempt=1, retry=4/9/2026 10:00:15 PM
[00:00:15.858] [D] [QuestRecovery] quest=6548, stage=Objective, old=Eligible, new=Quarantined, reason=InvalidQuestData, episode=1, attempt=1, retry=4/9/2026 10:00:15 PM
[00:00:15.858] [D] [QuestRecovery] quest=6548, stage=Objective, old=Eligible, new=Quarantined, reason=InvalidQuestData, episode=1, attempt=1, retry=4/9/2026 10:00:15 PM
[00:00:15.859] [D] [QuestRecovery] quest=8889, stage=Objective, old=Eligible, new=Quarantined, reason=InvalidQuestData, episode=1, attempt=1, retry=4/9/2026 10:00:15 PM
[00:00:15.859] [D] [QuestRecovery] quest=8889, stage=Objective, old=Eligible, new=Quarantined, reason=InvalidQuestData, episode=1, attempt=1, retry=4/9/2026 10:00:15 PM
[00:00:15.859] [D] [QuestRecovery] quest=8889, stage=Objective, old=Eligible, new=Quarantined, reason=InvalidQuestData, episode=1, attempt=1, retry=4/9/2026 10:00:15 PM
[00:00:15.866] [D] Activity: No eligible quest work; waiting for recovery context to change. completion-authority=unknown; deferred new pickup and prerequisite-negative scheduling. excluded quest=1062;stage=Objective;objective=0;reason=no-known-hotspots;retry=context-change. excluded quest=3281;stage=Objective;objective=0;reason=no-known-hotspots;retry=context-change. excluded quest=4921;stage=Objective;objective=0;reason=no-known-hotspots;retry=context-change. excluded quest=6548;stage=Objective;objective=0;reason=no-known-hotspots;retry=context-change. excluded quest=6548;stage=Objective;objective=1;reason=no-known-hotspots;retry=context-change. excluded quest=747;stage=Objective;objective=0;reason=no-known-hotspots;retry=context-change. excluded quest=747;stage=Objective;objective=1;reason=no-known-hotspots;retry=context-change. excluded quest=8487;stage=TurnIn;scope=QuestStage;retry=context-change;state=HalfOpen. excluded quest=867;stage=Objective;objective=0;reason=no-known-hotspots;retry=context-change. excluded quest=8889;stage=Objective;objective=0;reason=no-known-hotspots;retry=context-change. excluded quest=8889;stage=Objective;objective=1;reason=no-known-hotspots;retry=context-change. excluded quest=8889;stage=Objective;objective=2;reason=no-known-hotspots;retry=context-change. excluded quest=891;stage=Objective;objective=0;reason=no-known-hotspots;retry=context-change. excluded quest=891;stage=Objective;objective=1;reason=no-known-hotspots;retry=context-change. excluded quest=891;stage=Objective;objective=2;reason=no-known-hotspots;retry=context-change. excluded quest=891;stage=Objective;objective=3;reason=no-known-hotspots;retry=context-change. excluded quest=896;stage=Objective;objective=0;reason=no-known-hotspots;retry=context-change. excluded quest=9067;stage=Objective;scope=QuestStage;retry=context-change;state=HalfOpen. excluded quest=9157;stage=TurnIn;scope=QuestStage;retry=context-change;state=HalfOpen. Expanding scan radius from 250 to 500 yards before fallback.
[00:00:15.867] [N] [Wholesome Auto Quest] Started with quest data loaded.
[00:00:15.917] [N] [SpellDb] Loaded 49816 spells from Spells.bin
[00:00:15.959] [D] Setting CVars: autoSelfCast=1, autoLootDefault=1
[00:00:16.024] [D] Cleared POI
[00:00:16.032] [D] Refresh() called. LastCount=0, CurrentCount=33
[00:00:16.032] [N] Building spell book
[00:00:16.033] [D] Found 33 spells from LocalPlayer.KnownSpells
[00:00:16.033] [N] Adding Arcane Affinity
[00:00:16.034] [N] Adding Arcane Torrent
[00:00:16.034] [N] Adding Auto Attack
[00:00:16.035] [N] Adding Block
[00:00:16.035] [N] Adding Dodge
[00:00:16.036] [N] Adding Magic Resistance
[00:00:16.036] [N] Adding Parry
[00:00:16.037] [N] Adding Blessing of Wisdom
[00:00:16.038] [N] Adding Concentration Aura
[00:00:16.038] [N] Adding Consecration
[00:00:16.039] [N] Adding Exorcism
[00:00:16.039] [N] Adding Flash of Light
[00:00:16.040] [N] Adding Holy Light
[00:00:16.040] [N] Adding Lay on Hands
[00:00:16.041] [N] Adding Purify
[00:00:16.041] [N] Adding Seal of Righteousness
[00:00:16.042] [N] Adding Sense Undead
[00:00:16.043] [N] Adding Turn Evil
[00:00:16.043] [N] Adding Blessing of Kings
[00:00:16.044] [N] Adding Devotion Aura
[00:00:16.044] [N] Adding Divine Protection
[00:00:16.045] [N] Adding Hammer of Justice
[00:00:16.046] [N] Adding Hand of Freedom
[00:00:16.046] [N] Adding Hand of Protection
[00:00:16.047] [N] Adding Hand of Reckoning
[00:00:16.047] [N] Adding Righteous Defense
[00:00:16.048] [N] Adding Righteous Fury
[00:00:16.049] [N] Adding Seal of Justice
[00:00:16.049] [N] Adding Blessing of Might
[00:00:16.050] [N] Adding Judgement of Light
[00:00:16.051] [N] Adding Judgement of Wisdom
[00:00:16.051] [N] Adding Retribution Aura
[00:00:16.052] [N] Adding Seal of Command
[00:00:16.053] [N] Spell book built
[00:00:16.053] [D] [SpellManager] Initialize — subscribed to BotEvents.OnBotStart
[00:00:16.251] [D] [Talented] SelectMajorTalentTree called but not needed in WotLK 3.3.5a
[00:00:16.273] [N] Loading 1_31_35
[00:00:16.275] [N] Loading 1_31_36
[00:00:16.276] [N] Loading 1_31_37
[00:00:16.277] [N] Loading 1_32_35
[00:00:16.278] [N] Loading 1_32_36
[00:00:16.279] [N] Loading 1_32_37
[00:00:16.281] [N] Loading 1_33_35
[00:00:16.284] [N] Loading 1_33_36
[00:00:16.285] [N] Loading 1_33_37
[00:00:16.302] [D] Activity: No eligible quest work; idle until 2026-09-04T22:00:15.8413005Z. completion-authority=unknown; deferred new pickup and prerequisite-negative scheduling. excluded quest=1062;stage=Objective;scope=Objective;objective=0;retry=2026-09-04T22:00:15.8582131Z;state=Quarantined. excluded quest=3281;stage=Objective;scope=Objective;objective=0;retry=2026-09-04T22:00:15.8582972Z;state=Quarantined. excluded quest=4921;stage=Objective;scope=Objective;objective=0;retry=2026-09-04T22:00:15.8583467Z;state=Quarantined. excluded quest=6548;stage=Objective;scope=Objective;objective=0;retry=2026-09-04T22:00:15.8583903Z;state=Quarantined. excluded quest=6548;stage=Objective;scope=Objective;objective=1;retry=2026-09-04T22:00:15.8584177Z;state=Quarantined. excluded quest=747;stage=Objective;scope=Objective;objective=0;retry=2026-09-04T22:00:15.8413005Z;state=Quarantined. excluded quest=747;stage=Objective;scope=Objective;objective=1;retry=2026-09-04T22:00:15.8502392Z;state=Quarantined. excluded quest=8487;stage=TurnIn;scope=QuestStage;retry=context-change;state=HalfOpen. excluded quest=867;stage=Objective;scope=Objective;objective=0;retry=2026-09-04T22:00:15.8524737Z;state=Quarantined. excluded quest=8889;stage=Objective;scope=Objective;objective=0;retry=2026-09-04T22:00:15.8597312Z;state=Quarantined. excluded quest=8889;stage=Objective;scope=Objective;objective=1;retry=2026-09-04T22:00:15.8597732Z;state=Quarantined. excluded quest=8889;stage=Objective;scope=Objective;objective=2;retry=2026-09-04T22:00:15.8598028Z;state=Quarantined. excluded quest=891;stage=Objective;scope=Objective;objective=0;retry=2026-09-04T22:00:15.8549204Z;state=Quarantined. excluded quest=891;stage=Objective;scope=Objective;objective=1;retry=2026-09-04T22:00:15.8549774Z;state=Quarantined. excluded quest=891;stage=Objective;scope=Objective;objective=2;retry=2026-09-04T22:00:15.8550085Z;state=Quarantined. excluded quest=891;stage=Objective;scope=Objective;objective=3;retry=2026-09-04T22:00:15.8550338Z;state=Quarantined. excluded quest=894;stage=TurnIn;scope=NpcRelation;npc=4141;retry=2026-09-04T22:00:15.8580382Z;state=Quarantined. excluded quest=896;stage=Objective;scope=Objective;objective=0;retry=2026-09-04T22:00:15.8581404Z;state=Quarantined. excluded quest=9067;stage=Objective;scope=QuestStage;retry=context-change;state=HalfOpen. excluded quest=9157;stage=TurnIn;scope=QuestStage;retry=context-change;state=HalfOpen. Expanding scan radius from 500 to 750 yards before fallback.
[00:00:16.334] [D] Activity: No eligible quest work; idle until 2026-09-04T22:00:15.8413005Z. completion-authority=unknown; deferred new pickup and prerequisite-negative scheduling. excluded quest=1062;stage=Objective;scope=Objective;objective=0;retry=2026-09-04T22:00:15.8582131Z;state=Quarantined. excluded quest=3281;stage=Objective;scope=Objective;objective=0;retry=2026-09-04T22:00:15.8582972Z;state=Quarantined. excluded quest=4921;stage=Objective;scope=Objective;objective=0;retry=2026-09-04T22:00:15.8583467Z;state=Quarantined. excluded quest=6548;stage=Objective;scope=Objective;objective=0;retry=2026-09-04T22:00:15.8583903Z;state=Quarantined. excluded quest=6548;stage=Objective;scope=Objective;objective=1;retry=2026-09-04T22:00:15.8584177Z;state=Quarantined. excluded quest=747;stage=Objective;scope=Objective;objective=0;retry=2026-09-04T22:00:15.8413005Z;state=Quarantined. excluded quest=747;stage=Objective;scope=Objective;objective=1;retry=2026-09-04T22:00:15.8502392Z;state=Quarantined. excluded quest=8487;stage=TurnIn;scope=QuestStage;retry=context-change;state=HalfOpen. excluded quest=867;stage=Objective;scope=Objective;objective=0;retry=2026-09-04T22:00:15.8524737Z;state=Quarantined. excluded quest=8889;stage=Objective;scope=Objective;objective=0;retry=2026-09-04T22:00:15.8597312Z;state=Quarantined. excluded quest=8889;stage=Objective;scope=Objective;objective=1;retry=2026-09-04T22:00:15.8597732Z;state=Quarantined. excluded quest=8889;stage=Objective;scope=Objective;objective=2;retry=2026-09-04T22:00:15.8598028Z;state=Quarantined. excluded quest=891;stage=Objective;scope=Objective;objective=0;retry=2026-09-04T22:00:15.8549204Z;state=Quarantined. excluded quest=891;stage=Objective;scope=Objective;objective=1;retry=2026-09-04T22:00:15.8549774Z;state=Quarantined. excluded quest=891;stage=Objective;scope=Objective;objective=2;retry=2026-09-04T22:00:15.8550085Z;state=Quarantined. excluded quest=891;stage=Objective;scope=Objective;objective=3;retry=2026-09-04T22:00:15.8550338Z;state=Quarantined. excluded quest=894;stage=TurnIn;scope=NpcRelation;npc=4141;retry=2026-09-04T22:00:15.8580382Z;state=Quarantined. excluded quest=896;stage=Objective;scope=Objective;objective=0;retry=2026-09-04T22:00:15.8581404Z;state=Quarantined. excluded quest=9067;stage=Objective;scope=QuestStage;retry=context-change;state=HalfOpen. excluded quest=9157;stage=TurnIn;scope=QuestStage;retry=context-change;state=HalfOpen. Expanding scan radius from 750 to 1000 yards before fallback.
[00:00:16.426] [D] Activity: No eligible quest work; idle until 2026-09-04T22:00:15.8413005Z. completion-authority=unknown; deferred new pickup and prerequisite-negative scheduling. excluded quest=1062;stage=Objective;scope=Objective;objective=0;retry=2026-09-04T22:00:15.8582131Z;state=Quarantined. excluded quest=3281;stage=Objective;scope=Objective;objective=0;retry=2026-09-04T22:00:15.8582972Z;state=Quarantined. excluded quest=4921;stage=Objective;scope=Objective;objective=0;retry=2026-09-04T22:00:15.8583467Z;state=Quarantined. excluded quest=6548;stage=Objective;scope=Objective;objective=0;retry=2026-09-04T22:00:15.8583903Z;state=Quarantined. excluded quest=6548;stage=Objective;scope=Objective;objective=1;retry=2026-09-04T22:00:15.8584177Z;state=Quarantined. excluded quest=747;stage=Objective;scope=Objective;objective=0;retry=2026-09-04T22:00:15.8413005Z;state=Quarantined. excluded quest=747;stage=Objective;scope=Objective;objective=1;retry=2026-09-04T22:00:15.8502392Z;state=Quarantined. excluded quest=8487;stage=TurnIn;scope=QuestStage;retry=context-change;state=HalfOpen. excluded quest=867;stage=Objective;scope=Objective;objective=0;retry=2026-09-04T22:00:15.8524737Z;state=Quarantined. excluded quest=8889;stage=Objective;scope=Objective;objective=0;retry=2026-09-04T22:00:15.8597312Z;state=Quarantined. excluded quest=8889;stage=Objective;scope=Objective;objective=1;retry=2026-09-04T22:00:15.8597732Z;state=Quarantined. excluded quest=8889;stage=Objective;scope=Objective;objective=2;retry=2026-09-04T22:00:15.8598028Z;state=Quarantined. excluded quest=891;stage=Objective;scope=Objective;objective=0;retry=2026-09-04T22:00:15.8549204Z;state=Quarantined. excluded quest=891;stage=Objective;scope=Objective;objective=1;retry=2026-09-04T22:00:15.8549774Z;state=Quarantined. excluded quest=891;stage=Objective;scope=Objective;objective=2;retry=2026-09-04T22:00:15.8550085Z;state=Quarantined. excluded quest=891;stage=Objective;scope=Objective;objective=3;retry=2026-09-04T22:00:15.8550338Z;state=Quarantined. excluded quest=894;stage=TurnIn;scope=NpcRelation;npc=4141;retry=2026-09-04T22:00:15.8580382Z;state=Quarantined. excluded quest=896;stage=Objective;scope=Objective;objective=0;retry=2026-09-04T22:00:15.8581404Z;state=Quarantined. excluded quest=9067;stage=Objective;scope=QuestStage;retry=context-change;state=HalfOpen. excluded quest=9157;stage=TurnIn;scope=QuestStage;retry=context-change;state=HalfOpen. Expanding scan radius from 1000 to 1250 yards before fallback.
[00:00:16.524] [D] Activity: No eligible quest work; idle until 2026-09-04T22:00:15.8413005Z. completion-authority=unknown; deferred new pickup and prerequisite-negative scheduling. excluded quest=1062;stage=Objective;scope=Objective;objective=0;retry=2026-09-04T22:00:15.8582131Z;state=Quarantined. excluded quest=3281;stage=Objective;scope=Objective;objective=0;retry=2026-09-04T22:00:15.8582972Z;state=Quarantined. excluded quest=4921;stage=Objective;scope=Objective;objective=0;retry=2026-09-04T22:00:15.8583467Z;state=Quarantined. excluded quest=6548;stage=Objective;scope=Objective;objective=0;retry=2026-09-04T22:00:15.8583903Z;state=Quarantined. excluded quest=6548;stage=Objective;scope=Objective;objective=1;retry=2026-09-04T22:00:15.8584177Z;state=Quarantined. excluded quest=747;stage=Objective;scope=Objective;objective=0;retry=2026-09-04T22:00:15.8413005Z;state=Quarantined. excluded quest=747;stage=Objective;scope=Objective;objective=1;retry=2026-09-04T22:00:15.8502392Z;state=Quarantined. excluded quest=8487;stage=TurnIn;scope=QuestStage;retry=context-change;state=HalfOpen. excluded quest=867;stage=Objective;scope=Objective;objective=0;retry=2026-09-04T22:00:15.8524737Z;state=Quarantined. excluded quest=8889;stage=Objective;scope=Objective;objective=0;retry=2026-09-04T22:00:15.8597312Z;state=Quarantined. excluded quest=8889;stage=Objective;scope=Objective;objective=1;retry=2026-09-04T22:00:15.8597732Z;state=Quarantined. excluded quest=8889;stage=Objective;scope=Objective;objective=2;retry=2026-09-04T22:00:15.8598028Z;state=Quarantined. excluded quest=891;stage=Objective;scope=Objective;objective=0;retry=2026-09-04T22:00:15.8549204Z;state=Quarantined. excluded quest=891;stage=Objective;scope=Objective;objective=1;retry=2026-09-04T22:00:15.8549774Z;state=Quarantined. excluded quest=891;stage=Objective;scope=Objective;objective=2;retry=2026-09-04T22:00:15.8550085Z;state=Quarantined. excluded quest=891;stage=Objective;scope=Objective;objective=3;retry=2026-09-04T22:00:15.8550338Z;state=Quarantined. excluded quest=894;stage=TurnIn;scope=NpcRelation;npc=4141;retry=2026-09-04T22:00:15.8580382Z;state=Quarantined. excluded quest=896;stage=Objective;scope=Objective;objective=0;retry=2026-09-04T22:00:15.8581404Z;state=Quarantined. excluded quest=9067;stage=Objective;scope=QuestStage;retry=context-change;state=HalfOpen. excluded quest=9157;stage=TurnIn;scope=QuestStage;retry=context-change;state=HalfOpen. Expanding scan radius from 1250 to 1500 yards before fallback.
[00:00:16.593] [D] Activity: No eligible quest work; idle until 2026-09-04T22:00:15.8413005Z. completion-authority=unknown; deferred new pickup and prerequisite-negative scheduling. excluded quest=1062;stage=Objective;scope=Objective;objective=0;retry=2026-09-04T22:00:15.8582131Z;state=Quarantined. excluded quest=3281;stage=Objective;scope=Objective;objective=0;retry=2026-09-04T22:00:15.8582972Z;state=Quarantined. excluded quest=4921;stage=Objective;scope=Objective;objective=0;retry=2026-09-04T22:00:15.8583467Z;state=Quarantined. excluded quest=6548;stage=Objective;scope=Objective;objective=0;retry=2026-09-04T22:00:15.8583903Z;state=Quarantined. excluded quest=6548;stage=Objective;scope=Objective;objective=1;retry=2026-09-04T22:00:15.8584177Z;state=Quarantined. excluded quest=747;stage=Objective;scope=Objective;objective=0;retry=2026-09-04T22:00:15.8413005Z;state=Quarantined. excluded quest=747;stage=Objective;scope=Objective;objective=1;retry=2026-09-04T22:00:15.8502392Z;state=Quarantined. excluded quest=8487;stage=TurnIn;scope=QuestStage;retry=context-change;state=HalfOpen. excluded quest=867;stage=Objective;scope=Objective;objective=0;retry=2026-09-04T22:00:15.8524737Z;state=Quarantined. excluded quest=8889;stage=Objective;scope=Objective;objective=0;retry=2026-09-04T22:00:15.8597312Z;state=Quarantined. excluded quest=8889;stage=Objective;scope=Objective;objective=1;retry=2026-09-04T22:00:15.8597732Z;state=Quarantined. excluded quest=8889;stage=Objective;scope=Objective;objective=2;retry=2026-09-04T22:00:15.8598028Z;state=Quarantined. excluded quest=891;stage=Objective;scope=Objective;objective=0;retry=2026-09-04T22:00:15.8549204Z;state=Quarantined. excluded quest=891;stage=Objective;scope=Objective;objective=1;retry=2026-09-04T22:00:15.8549774Z;state=Quarantined. excluded quest=891;stage=Objective;scope=Objective;objective=2;retry=2026-09-04T22:00:15.8550085Z;state=Quarantined. excluded quest=891;stage=Objective;scope=Objective;objective=3;retry=2026-09-04T22:00:15.8550338Z;state=Quarantined. excluded quest=894;stage=TurnIn;scope=NpcRelation;npc=4141;retry=2026-09-04T22:00:15.8580382Z;state=Quarantined. excluded quest=896;stage=Objective;scope=Objective;objective=0;retry=2026-09-04T22:00:15.8581404Z;state=Quarantined. excluded quest=9067;stage=Objective;scope=QuestStage;retry=context-change;state=HalfOpen. excluded quest=9157;stage=TurnIn;scope=QuestStage;retry=context-change;state=HalfOpen. Expanding scan radius from 1500 to 1750 yards before fallback.
[00:00:16.693] [D] Activity: No eligible quest work; idle until 2026-09-04T22:00:15.8413005Z. completion-authority=unknown; deferred new pickup and prerequisite-negative scheduling. excluded quest=1062;stage=Objective;scope=Objective;objective=0;retry=2026-09-04T22:00:15.8582131Z;state=Quarantined. excluded quest=3281;stage=Objective;scope=Objective;objective=0;retry=2026-09-04T22:00:15.8582972Z;state=Quarantined. excluded quest=4921;stage=Objective;scope=Objective;objective=0;retry=2026-09-04T22:00:15.8583467Z;state=Quarantined. excluded quest=6548;stage=Objective;scope=Objective;objective=0;retry=2026-09-04T22:00:15.8583903Z;state=Quarantined. excluded quest=6548;stage=Objective;scope=Objective;objective=1;retry=2026-09-04T22:00:15.8584177Z;state=Quarantined. excluded quest=747;stage=Objective;scope=Objective;objective=0;retry=2026-09-04T22:00:15.8413005Z;state=Quarantined. excluded quest=747;stage=Objective;scope=Objective;objective=1;retry=2026-09-04T22:00:15.8502392Z;state=Quarantined. excluded quest=8487;stage=TurnIn;scope=QuestStage;retry=context-change;state=HalfOpen. excluded quest=867;stage=Objective;scope=Objective;objective=0;retry=2026-09-04T22:00:15.8524737Z;state=Quarantined. excluded quest=8889;stage=Objective;scope=Objective;objective=0;retry=2026-09-04T22:00:15.8597312Z;state=Quarantined. excluded quest=8889;stage=Objective;scope=Objective;objective=1;retry=2026-09-04T22:00:15.8597732Z;state=Quarantined. excluded quest=8889;stage=Objective;scope=Objective;objective=2;retry=2026-09-04T22:00:15.8598028Z;state=Quarantined. excluded quest=891;stage=Objective;scope=Objective;objective=0;retry=2026-09-04T22:00:15.8549204Z;state=Quarantined. excluded quest=891;stage=Objective;scope=Objective;objective=1;retry=2026-09-04T22:00:15.8549774Z;state=Quarantined. excluded quest=891;stage=Objective;scope=Objective;objective=2;retry=2026-09-04T22:00:15.8550085Z;state=Quarantined. excluded quest=891;stage=Objective;scope=Objective;objective=3;retry=2026-09-04T22:00:15.8550338Z;state=Quarantined. excluded quest=894;stage=TurnIn;scope=NpcRelation;npc=4141;retry=2026-09-04T22:00:15.8580382Z;state=Quarantined. excluded quest=896;stage=Objective;scope=Objective;objective=0;retry=2026-09-04T22:00:15.8581404Z;state=Quarantined. excluded quest=9067;stage=Objective;scope=QuestStage;retry=context-change;state=HalfOpen. excluded quest=9157;stage=TurnIn;scope=QuestStage;retry=context-change;state=HalfOpen. Expanding scan radius from 1750 to 2000 yards before fallback.
[00:00:16.796] [D] Activity: No eligible quest work; idle until 2026-09-04T22:00:15.8413005Z. completion-authority=unknown; deferred new pickup and prerequisite-negative scheduling. excluded quest=1062;stage=Objective;scope=Objective;objective=0;retry=2026-09-04T22:00:15.8582131Z;state=Quarantined. excluded quest=3281;stage=Objective;scope=Objective;objective=0;retry=2026-09-04T22:00:15.8582972Z;state=Quarantined. excluded quest=4921;stage=Objective;scope=Objective;objective=0;retry=2026-09-04T22:00:15.8583467Z;state=Quarantined. excluded quest=6548;stage=Objective;scope=Objective;objective=0;retry=2026-09-04T22:00:15.8583903Z;state=Quarantined. excluded quest=6548;stage=Objective;scope=Objective;objective=1;retry=2026-09-04T22:00:15.8584177Z;state=Quarantined. excluded quest=747;stage=Objective;scope=Objective;objective=0;retry=2026-09-04T22:00:15.8413005Z;state=Quarantined. excluded quest=747;stage=Objective;scope=Objective;objective=1;retry=2026-09-04T22:00:15.8502392Z;state=Quarantined. excluded quest=8487;stage=TurnIn;scope=QuestStage;retry=context-change;state=HalfOpen. excluded quest=867;stage=Objective;scope=Objective;objective=0;retry=2026-09-04T22:00:15.8524737Z;state=Quarantined. excluded quest=8889;stage=Objective;scope=Objective;objective=0;retry=2026-09-04T22:00:15.8597312Z;state=Quarantined. excluded quest=8889;stage=Objective;scope=Objective;objective=1;retry=2026-09-04T22:00:15.8597732Z;state=Quarantined. excluded quest=8889;stage=Objective;scope=Objective;objective=2;retry=2026-09-04T22:00:15.8598028Z;state=Quarantined. excluded quest=891;stage=Objective;scope=Objective;objective=0;retry=2026-09-04T22:00:15.8549204Z;state=Quarantined. excluded quest=891;stage=Objective;scope=Objective;objective=1;retry=2026-09-04T22:00:15.8549774Z;state=Quarantined. excluded quest=891;stage=Objective;scope=Objective;objective=2;retry=2026-09-04T22:00:15.8550085Z;state=Quarantined. excluded quest=891;stage=Objective;scope=Objective;objective=3;retry=2026-09-04T22:00:15.8550338Z;state=Quarantined. excluded quest=894;stage=TurnIn;scope=NpcRelation;npc=4141;retry=2026-09-04T22:00:15.8580382Z;state=Quarantined. excluded quest=896;stage=Objective;scope=Objective;objective=0;retry=2026-09-04T22:00:15.8581404Z;state=Quarantined. excluded quest=9067;stage=Objective;scope=QuestStage;retry=context-change;state=HalfOpen. excluded quest=9157;stage=TurnIn;scope=QuestStage;retry=context-change;state=HalfOpen. Expanding scan radius from 2000 to 2250 yards before fallback.
[00:00:16.862] [D] Activity: No eligible quest work; idle until 2026-09-04T22:00:15.8413005Z. completion-authority=unknown; deferred new pickup and prerequisite-negative scheduling. excluded quest=1062;stage=Objective;scope=Objective;objective=0;retry=2026-09-04T22:00:15.8582131Z;state=Quarantined. excluded quest=3281;stage=Objective;scope=Objective;objective=0;retry=2026-09-04T22:00:15.8582972Z;state=Quarantined. excluded quest=4921;stage=Objective;scope=Objective;objective=0;retry=2026-09-04T22:00:15.8583467Z;state=Quarantined. excluded quest=6548;stage=Objective;scope=Objective;objective=0;retry=2026-09-04T22:00:15.8583903Z;state=Quarantined. excluded quest=6548;stage=Objective;scope=Objective;objective=1;retry=2026-09-04T22:00:15.8584177Z;state=Quarantined. excluded quest=747;stage=Objective;scope=Objective;objective=0;retry=2026-09-04T22:00:15.8413005Z;state=Quarantined. excluded quest=747;stage=Objective;scope=Objective;objective=1;retry=2026-09-04T22:00:15.8502392Z;state=Quarantined. excluded quest=8487;stage=TurnIn;scope=QuestStage;retry=context-change;state=HalfOpen. excluded quest=867;stage=Objective;scope=Objective;objective=0;retry=2026-09-04T22:00:15.8524737Z;state=Quarantined. excluded quest=8889;stage=Objective;scope=Objective;objective=0;retry=2026-09-04T22:00:15.8597312Z;state=Quarantined. excluded quest=8889;stage=Objective;scope=Objective;objective=1;retry=2026-09-04T22:00:15.8597732Z;state=Quarantined. excluded quest=8889;stage=Objective;scope=Objective;objective=2;retry=2026-09-04T22:00:15.8598028Z;state=Quarantined. excluded quest=891;stage=Objective;scope=Objective;objective=0;retry=2026-09-04T22:00:15.8549204Z;state=Quarantined. excluded quest=891;stage=Objective;scope=Objective;objective=1;retry=2026-09-04T22:00:15.8549774Z;state=Quarantined. excluded quest=891;stage=Objective;scope=Objective;objective=2;retry=2026-09-04T22:00:15.8550085Z;state=Quarantined. excluded quest=891;stage=Objective;scope=Objective;objective=3;retry=2026-09-04T22:00:15.8550338Z;state=Quarantined. excluded quest=894;stage=TurnIn;scope=NpcRelation;npc=4141;retry=2026-09-04T22:00:15.8580382Z;state=Quarantined. excluded quest=896;stage=Objective;scope=Objective;objective=0;retry=2026-09-04T22:00:15.8581404Z;state=Quarantined. excluded quest=9067;stage=Objective;scope=QuestStage;retry=context-change;state=HalfOpen. excluded quest=9157;stage=TurnIn;scope=QuestStage;retry=context-change;state=HalfOpen. Expanding scan radius from 2250 to 2500 yards before fallback.
[00:00:16.962] [D] Activity: No eligible quest work; idle until 2026-09-04T22:00:15.8413005Z. completion-authority=unknown; deferred new pickup and prerequisite-negative scheduling. excluded quest=1062;stage=Objective;scope=Objective;objective=0;retry=2026-09-04T22:00:15.8582131Z;state=Quarantined. excluded quest=3281;stage=Objective;scope=Objective;objective=0;retry=2026-09-04T22:00:15.8582972Z;state=Quarantined. excluded quest=4921;stage=Objective;scope=Objective;objective=0;retry=2026-09-04T22:00:15.8583467Z;state=Quarantined. excluded quest=6548;stage=Objective;scope=Objective;objective=0;retry=2026-09-04T22:00:15.8583903Z;state=Quarantined. excluded quest=6548;stage=Objective;scope=Objective;objective=1;retry=2026-09-04T22:00:15.8584177Z;state=Quarantined. excluded quest=747;stage=Objective;scope=Objective;objective=0;retry=2026-09-04T22:00:15.8413005Z;state=Quarantined. excluded quest=747;stage=Objective;scope=Objective;objective=1;retry=2026-09-04T22:00:15.8502392Z;state=Quarantined. excluded quest=8487;stage=TurnIn;scope=QuestStage;retry=context-change;state=HalfOpen. excluded quest=867;stage=Objective;scope=Objective;objective=0;retry=2026-09-04T22:00:15.8524737Z;state=Quarantined. excluded quest=8889;stage=Objective;scope=Objective;objective=0;retry=2026-09-04T22:00:15.8597312Z;state=Quarantined. excluded quest=8889;stage=Objective;scope=Objective;objective=1;retry=2026-09-04T22:00:15.8597732Z;state=Quarantined. excluded quest=8889;stage=Objective;scope=Objective;objective=2;retry=2026-09-04T22:00:15.8598028Z;state=Quarantined. excluded quest=891;stage=Objective;scope=Objective;objective=0;retry=2026-09-04T22:00:15.8549204Z;state=Quarantined. excluded quest=891;stage=Objective;scope=Objective;objective=1;retry=2026-09-04T22:00:15.8549774Z;state=Quarantined. excluded quest=891;stage=Objective;scope=Objective;objective=2;retry=2026-09-04T22:00:15.8550085Z;state=Quarantined. excluded quest=891;stage=Objective;scope=Objective;objective=3;retry=2026-09-04T22:00:15.8550338Z;state=Quarantined. excluded quest=894;stage=TurnIn;scope=NpcRelation;npc=4141;retry=2026-09-04T22:00:15.8580382Z;state=Quarantined. excluded quest=896;stage=Objective;scope=Objective;objective=0;retry=2026-09-04T22:00:15.8581404Z;state=Quarantined. excluded quest=9067;stage=Objective;scope=QuestStage;retry=context-change;state=HalfOpen. excluded quest=9157;stage=TurnIn;scope=QuestStage;retry=context-change;state=HalfOpen. Expanding scan radius from 2500 to 2750 yards before fallback.
[00:00:17.063] [D] Activity: No eligible quest work; idle until 2026-09-04T22:00:15.8413005Z. completion-authority=unknown; deferred new pickup and prerequisite-negative scheduling. excluded quest=1062;stage=Objective;scope=Objective;objective=0;retry=2026-09-04T22:00:15.8582131Z;state=Quarantined. excluded quest=3281;stage=Objective;scope=Objective;objective=0;retry=2026-09-04T22:00:15.8582972Z;state=Quarantined. excluded quest=4921;stage=Objective;scope=Objective;objective=0;retry=2026-09-04T22:00:15.8583467Z;state=Quarantined. excluded quest=6548;stage=Objective;scope=Objective;objective=0;retry=2026-09-04T22:00:15.8583903Z;state=Quarantined. excluded quest=6548;stage=Objective;scope=Objective;objective=1;retry=2026-09-04T22:00:15.8584177Z;state=Quarantined. excluded quest=747;stage=Objective;scope=Objective;objective=0;retry=2026-09-04T22:00:15.8413005Z;state=Quarantined. excluded quest=747;stage=Objective;scope=Objective;objective=1;retry=2026-09-04T22:00:15.8502392Z;state=Quarantined. excluded quest=8487;stage=TurnIn;scope=QuestStage;retry=context-change;state=HalfOpen. excluded quest=867;stage=Objective;scope=Objective;objective=0;retry=2026-09-04T22:00:15.8524737Z;state=Quarantined. excluded quest=8889;stage=Objective;scope=Objective;objective=0;retry=2026-09-04T22:00:15.8597312Z;state=Quarantined. excluded quest=8889;stage=Objective;scope=Objective;objective=1;retry=2026-09-04T22:00:15.8597732Z;state=Quarantined. excluded quest=8889;stage=Objective;scope=Objective;objective=2;retry=2026-09-04T22:00:15.8598028Z;state=Quarantined. excluded quest=891;stage=Objective;scope=Objective;objective=0;retry=2026-09-04T22:00:15.8549204Z;state=Quarantined. excluded quest=891;stage=Objective;scope=Objective;objective=1;retry=2026-09-04T22:00:15.8549774Z;state=Quarantined. excluded quest=891;stage=Objective;scope=Objective;objective=2;retry=2026-09-04T22:00:15.8550085Z;state=Quarantined. excluded quest=891;stage=Objective;scope=Objective;objective=3;retry=2026-09-04T22:00:15.8550338Z;state=Quarantined. excluded quest=894;stage=TurnIn;scope=NpcRelation;npc=4141;retry=2026-09-04T22:00:15.8580382Z;state=Quarantined. excluded quest=896;stage=Objective;scope=Objective;objective=0;retry=2026-09-04T22:00:15.8581404Z;state=Quarantined. excluded quest=9067;stage=Objective;scope=QuestStage;retry=context-change;state=HalfOpen. excluded quest=9157;stage=TurnIn;scope=QuestStage;retry=context-change;state=HalfOpen. Expanding scan radius from 2750 to 3000 yards before fallback.
[00:00:17.161] [D] Activity: No eligible quest work; idle until 2026-09-04T22:00:15.8413005Z. completion-authority=unknown; deferred new pickup and prerequisite-negative scheduling. excluded quest=1062;stage=Objective;scope=Objective;objective=0;retry=2026-09-04T22:00:15.8582131Z;state=Quarantined. excluded quest=3281;stage=Objective;scope=Objective;objective=0;retry=2026-09-04T22:00:15.8582972Z;state=Quarantined. excluded quest=4921;stage=Objective;scope=Objective;objective=0;retry=2026-09-04T22:00:15.8583467Z;state=Quarantined. excluded quest=6548;stage=Objective;scope=Objective;objective=0;retry=2026-09-04T22:00:15.8583903Z;state=Quarantined. excluded quest=6548;stage=Objective;scope=Objective;objective=1;retry=2026-09-04T22:00:15.8584177Z;state=Quarantined. excluded quest=747;stage=Objective;scope=Objective;objective=0;retry=2026-09-04T22:00:15.8413005Z;state=Quarantined. excluded quest=747;stage=Objective;scope=Objective;objective=1;retry=2026-09-04T22:00:15.8502392Z;state=Quarantined. excluded quest=8487;stage=TurnIn;scope=QuestStage;retry=context-change;state=HalfOpen. excluded quest=867;stage=Objective;scope=Objective;objective=0;retry=2026-09-04T22:00:15.8524737Z;state=Quarantined. excluded quest=8889;stage=Objective;scope=Objective;objective=0;retry=2026-09-04T22:00:15.8597312Z;state=Quarantined. excluded quest=8889;stage=Objective;scope=Objective;objective=1;retry=2026-09-04T22:00:15.8597732Z;state=Quarantined. excluded quest=8889;stage=Objective;scope=Objective;objective=2;retry=2026-09-04T22:00:15.8598028Z;state=Quarantined. excluded quest=891;stage=Objective;scope=Objective;objective=0;retry=2026-09-04T22:00:15.8549204Z;state=Quarantined. excluded quest=891;stage=Objective;scope=Objective;objective=1;retry=2026-09-04T22:00:15.8549774Z;state=Quarantined. excluded quest=891;stage=Objective;scope=Objective;objective=2;retry=2026-09-04T22:00:15.8550085Z;state=Quarantined. excluded quest=891;stage=Objective;scope=Objective;objective=3;retry=2026-09-04T22:00:15.8550338Z;state=Quarantined. excluded quest=894;stage=TurnIn;scope=NpcRelation;npc=4141;retry=2026-09-04T22:00:15.8580382Z;state=Quarantined. excluded quest=896;stage=Objective;scope=Objective;objective=0;retry=2026-09-04T22:00:15.8581404Z;state=Quarantined. excluded quest=9067;stage=Objective;scope=QuestStage;retry=context-change;state=HalfOpen. excluded quest=9157;stage=TurnIn;scope=QuestStage;retry=context-change;state=HalfOpen. Expanding scan radius from 3000 to 3250 yards before fallback.
[00:00:17.229] [D] Activity: No eligible quest work; idle until 2026-09-04T22:00:15.8413005Z. completion-authority=unknown; deferred new pickup and prerequisite-negative scheduling. excluded quest=1062;stage=Objective;scope=Objective;objective=0;retry=2026-09-04T22:00:15.8582131Z;state=Quarantined. excluded quest=3281;stage=Objective;scope=Objective;objective=0;retry=2026-09-04T22:00:15.8582972Z;state=Quarantined. excluded quest=4921;stage=Objective;scope=Objective;objective=0;retry=2026-09-04T22:00:15.8583467Z;state=Quarantined. excluded quest=6548;stage=Objective;scope=Objective;objective=0;retry=2026-09-04T22:00:15.8583903Z;state=Quarantined. excluded quest=6548;stage=Objective;scope=Objective;objective=1;retry=2026-09-04T22:00:15.8584177Z;state=Quarantined. excluded quest=747;stage=Objective;scope=Objective;objective=0;retry=2026-09-04T22:00:15.8413005Z;state=Quarantined. excluded quest=747;stage=Objective;scope=Objective;objective=1;retry=2026-09-04T22:00:15.8502392Z;state=Quarantined. excluded quest=8487;stage=TurnIn;scope=QuestStage;retry=context-change;state=HalfOpen. excluded quest=867;stage=Objective;scope=Objective;objective=0;retry=2026-09-04T22:00:15.8524737Z;state=Quarantined. excluded quest=8889;stage=Objective;scope=Objective;objective=0;retry=2026-09-04T22:00:15.8597312Z;state=Quarantined. excluded quest=8889;stage=Objective;scope=Objective;objective=1;retry=2026-09-04T22:00:15.8597732Z;state=Quarantined. excluded quest=8889;stage=Objective;scope=Objective;objective=2;retry=2026-09-04T22:00:15.8598028Z;state=Quarantined. excluded quest=891;stage=Objective;scope=Objective;objective=0;retry=2026-09-04T22:00:15.8549204Z;state=Quarantined. excluded quest=891;stage=Objective;scope=Objective;objective=1;retry=2026-09-04T22:00:15.8549774Z;state=Quarantined. excluded quest=891;stage=Objective;scope=Objective;objective=2;retry=2026-09-04T22:00:15.8550085Z;state=Quarantined. excluded quest=891;stage=Objective;scope=Objective;objective=3;retry=2026-09-04T22:00:15.8550338Z;state=Quarantined. excluded quest=894;stage=TurnIn;scope=NpcRelation;npc=4141;retry=2026-09-04T22:00:15.8580382Z;state=Quarantined. excluded quest=896;stage=Objective;scope=Objective;objective=0;retry=2026-09-04T22:00:15.8581404Z;state=Quarantined. excluded quest=9067;stage=Objective;scope=QuestStage;retry=context-change;state=HalfOpen. excluded quest=9157;stage=TurnIn;scope=QuestStage;retry=context-change;state=HalfOpen. Expanding scan radius from 3250 to 3500 yards before fallback.
[00:00:17.330] [D] Activity: No eligible quest work; idle until 2026-09-04T22:00:15.8413005Z. completion-authority=unknown; deferred new pickup and prerequisite-negative scheduling. excluded quest=1062;stage=Objective;scope=Objective;objective=0;retry=2026-09-04T22:00:15.8582131Z;state=Quarantined. excluded quest=3281;stage=Objective;scope=Objective;objective=0;retry=2026-09-04T22:00:15.8582972Z;state=Quarantined. excluded quest=4921;stage=Objective;scope=Objective;objective=0;retry=2026-09-04T22:00:15.8583467Z;state=Quarantined. excluded quest=6548;stage=Objective;scope=Objective;objective=0;retry=2026-09-04T22:00:15.8583903Z;state=Quarantined. excluded quest=6548;stage=Objective;scope=Objective;objective=1;retry=2026-09-04T22:00:15.8584177Z;state=Quarantined. excluded quest=747;stage=Objective;scope=Objective;objective=0;retry=2026-09-04T22:00:15.8413005Z;state=Quarantined. excluded quest=747;stage=Objective;scope=Objective;objective=1;retry=2026-09-04T22:00:15.8502392Z;state=Quarantined. excluded quest=8487;stage=TurnIn;scope=QuestStage;retry=context-change;state=HalfOpen. excluded quest=867;stage=Objective;scope=Objective;objective=0;retry=2026-09-04T22:00:15.8524737Z;state=Quarantined. excluded quest=8889;stage=Objective;scope=Objective;objective=0;retry=2026-09-04T22:00:15.8597312Z;state=Quarantined. excluded quest=8889;stage=Objective;scope=Objective;objective=1;retry=2026-09-04T22:00:15.8597732Z;state=Quarantined. excluded quest=8889;stage=Objective;scope=Objective;objective=2;retry=2026-09-04T22:00:15.8598028Z;state=Quarantined. excluded quest=891;stage=Objective;scope=Objective;objective=0;retry=2026-09-04T22:00:15.8549204Z;state=Quarantined. excluded quest=891;stage=Objective;scope=Objective;objective=1;retry=2026-09-04T22:00:15.8549774Z;state=Quarantined. excluded quest=891;stage=Objective;scope=Objective;objective=2;retry=2026-09-04T22:00:15.8550085Z;state=Quarantined. excluded quest=891;stage=Objective;scope=Objective;objective=3;retry=2026-09-04T22:00:15.8550338Z;state=Quarantined. excluded quest=894;stage=TurnIn;scope=NpcRelation;npc=4141;retry=2026-09-04T22:00:15.8580382Z;state=Quarantined. excluded quest=896;stage=Objective;scope=Objective;objective=0;retry=2026-09-04T22:00:15.8581404Z;state=Quarantined. excluded quest=9067;stage=Objective;scope=QuestStage;retry=context-change;state=HalfOpen. excluded quest=9157;stage=TurnIn;scope=QuestStage;retry=context-change;state=HalfOpen. Expanding scan radius from 3500 to 3750 yards before fallback.
[00:00:17.436] [D] Activity: No eligible quest work; idle until 2026-09-04T22:00:15.8413005Z. completion-authority=unknown; deferred new pickup and prerequisite-negative scheduling. excluded quest=1062;stage=Objective;scope=Objective;objective=0;retry=2026-09-04T22:00:15.8582131Z;state=Quarantined. excluded quest=3281;stage=Objective;scope=Objective;objective=0;retry=2026-09-04T22:00:15.8582972Z;state=Quarantined. excluded quest=4921;stage=Objective;scope=Objective;objective=0;retry=2026-09-04T22:00:15.8583467Z;state=Quarantined. excluded quest=6548;stage=Objective;scope=Objective;objective=0;retry=2026-09-04T22:00:15.8583903Z;state=Quarantined. excluded quest=6548;stage=Objective;scope=Objective;objective=1;retry=2026-09-04T22:00:15.8584177Z;state=Quarantined. excluded quest=747;stage=Objective;scope=Objective;objective=0;retry=2026-09-04T22:00:15.8413005Z;state=Quarantined. excluded quest=747;stage=Objective;scope=Objective;objective=1;retry=2026-09-04T22:00:15.8502392Z;state=Quarantined. excluded quest=8487;stage=TurnIn;scope=QuestStage;retry=context-change;state=HalfOpen. excluded quest=867;stage=Objective;scope=Objective;objective=0;retry=2026-09-04T22:00:15.8524737Z;state=Quarantined. excluded quest=8889;stage=Objective;scope=Objective;objective=0;retry=2026-09-04T22:00:15.8597312Z;state=Quarantined. excluded quest=8889;stage=Objective;scope=Objective;objective=1;retry=2026-09-04T22:00:15.8597732Z;state=Quarantined. excluded quest=8889;stage=Objective;scope=Objective;objective=2;retry=2026-09-04T22:00:15.8598028Z;state=Quarantined. excluded quest=891;stage=Objective;scope=Objective;objective=0;retry=2026-09-04T22:00:15.8549204Z;state=Quarantined. excluded quest=891;stage=Objective;scope=Objective;objective=1;retry=2026-09-04T22:00:15.8549774Z;state=Quarantined. excluded quest=891;stage=Objective;scope=Objective;objective=2;retry=2026-09-04T22:00:15.8550085Z;state=Quarantined. excluded quest=891;stage=Objective;scope=Objective;objective=3;retry=2026-09-04T22:00:15.8550338Z;state=Quarantined. excluded quest=894;stage=TurnIn;scope=NpcRelation;npc=4141;retry=2026-09-04T22:00:15.8580382Z;state=Quarantined. excluded quest=896;stage=Objective;scope=Objective;objective=0;retry=2026-09-04T22:00:15.8581404Z;state=Quarantined. excluded quest=9067;stage=Objective;scope=QuestStage;retry=context-change;state=HalfOpen. excluded quest=9157;stage=TurnIn;scope=QuestStage;retry=context-change;state=HalfOpen. Expanding scan radius from 3750 to 4000 yards before fallback.
[00:00:17.530] [D] Activity: No eligible quest work; idle until 2026-09-04T22:00:15.8413005Z. completion-authority=unknown; deferred new pickup and prerequisite-negative scheduling. excluded quest=1062;stage=Objective;scope=Objective;objective=0;retry=2026-09-04T22:00:15.8582131Z;state=Quarantined. excluded quest=3281;stage=Objective;scope=Objective;objective=0;retry=2026-09-04T22:00:15.8582972Z;state=Quarantined. excluded quest=4921;stage=Objective;scope=Objective;objective=0;retry=2026-09-04T22:00:15.8583467Z;state=Quarantined. excluded quest=6548;stage=Objective;scope=Objective;objective=0;retry=2026-09-04T22:00:15.8583903Z;state=Quarantined. excluded quest=6548;stage=Objective;scope=Objective;objective=1;retry=2026-09-04T22:00:15.8584177Z;state=Quarantined. excluded quest=747;stage=Objective;scope=Objective;objective=0;retry=2026-09-04T22:00:15.8413005Z;state=Quarantined. excluded quest=747;stage=Objective;scope=Objective;objective=1;retry=2026-09-04T22:00:15.8502392Z;state=Quarantined. excluded quest=8487;stage=TurnIn;scope=QuestStage;retry=context-change;state=HalfOpen. excluded quest=867;stage=Objective;scope=Objective;objective=0;retry=2026-09-04T22:00:15.8524737Z;state=Quarantined. excluded quest=8889;stage=Objective;scope=Objective;objective=0;retry=2026-09-04T22:00:15.8597312Z;state=Quarantined. excluded quest=8889;stage=Objective;scope=Objective;objective=1;retry=2026-09-04T22:00:15.8597732Z;state=Quarantined. excluded quest=8889;stage=Objective;scope=Objective;objective=2;retry=2026-09-04T22:00:15.8598028Z;state=Quarantined. excluded quest=891;stage=Objective;scope=Objective;objective=0;retry=2026-09-04T22:00:15.8549204Z;state=Quarantined. excluded quest=891;stage=Objective;scope=Objective;objective=1;retry=2026-09-04T22:00:15.8549774Z;state=Quarantined. excluded quest=891;stage=Objective;scope=Objective;objective=2;retry=2026-09-04T22:00:15.8550085Z;state=Quarantined. excluded quest=891;stage=Objective;scope=Objective;objective=3;retry=2026-09-04T22:00:15.8550338Z;state=Quarantined. excluded quest=894;stage=TurnIn;scope=NpcRelation;npc=4141;retry=2026-09-04T22:00:15.8580382Z;state=Quarantined. excluded quest=896;stage=Objective;scope=Objective;objective=0;retry=2026-09-04T22:00:15.8581404Z;state=Quarantined. excluded quest=9067;stage=Objective;scope=QuestStage;retry=context-change;state=HalfOpen. excluded quest=9157;stage=TurnIn;scope=QuestStage;retry=context-change;state=HalfOpen.
[00:01:06.536] [N] [Wholesome Auto Quest] Bot running but not moving for 30s
