[15:32:32.565] [N] CopilotBuddy v1.6.6 started. Original HonorBuddy by Apoc, raphus, highvoltz, bobby53, xanathos, chinajade. Ported to WotLK 3.3.5a by Likon69.
[15:32:32.977] [N] Searching for WoW process...
[15:32:33.128] [N] Please wait a few seconds while CopilotBuddy initializes.
[15:32:33.128] [D] Using WoW with process ID 37940
[15:32:33.128] [D] Platform: x86
[15:32:33.128] [D] Executable Path: D:\World of Warcraft 3.3.5a\CB\
[15:32:33.158] [D] [ObjectManager] WoW build 12340 detected - OK
[15:32:33.160] [D] [ObjectManager] D3DDevicePtr = 0x00C5DF88
[15:32:33.160] [D] [ObjectManager] devicePtrAddr = 0x0532CBD0
[15:32:33.160] [D] [ObjectManager] device = 0x0A4FC900 (at 0x0533054C)
[15:32:33.160] [D] [ObjectManager] vtablePtr = 0x0A4FF85C
[15:32:33.160] [D] [ObjectManager] endSceneAddr = 0x643348F0 (at 0x0A4FF904)
[15:32:33.160] [D] [ObjectManager] D3D: Device=0x0A4FC900, VTable=0x0A4FF85C, EndScene=0x643348F0
[15:32:33.160] [D] [ObjectManager] Creating ExecutorRand...
[15:32:33.205] [D] [ObjectManager] ExecutorRand created, IsInitialized = True
[15:32:33.205] [D] [ObjectManager] EndScene hook succeeded
[15:32:33.210] [D] [ObjectManager] Initialized successfully
[15:32:33.212] [N] Attached to WoW with ID 37940
[15:32:33.214] [N] Character is a level 30 BloodElf Paladin
[15:32:33.215] [N] Current zone is Thousand Needles
[15:32:33.235] [D] [Settings] Loaded settings for character: Jeof
[15:32:33.236] [N] Initializing Combat Routines...
[15:32:33.239] [D] Looking for routines in: D:\World of Warcraft 3.3.5a\CB\Routines
[15:32:33.240] [D] Compiling Singular wotlk
[15:32:35.688] [N] Loaded routine: Singular Wotlk for class Paladin
[15:32:35.688] [N] Loaded 1 combat routine(s)
[15:32:35.695] [N] Chose Singular Wotlk as your combat class.
[15:32:35.695] [N] Confirmed Paladin as your class.
[15:32:35.696] [N] [Singular] Starting Singular v2.0.0.0
[15:32:35.696] [N] [Singular] Determining talent spec.
[15:32:36.287] [D] [Singular-DEBUG] [Talents] Best Tree: 18
[15:32:36.288] [N] [Singular] Current spec is  Retribution Paladin
[15:32:36.298] [D] [WoWDb] Loaded 237 DBC tables
[15:32:36.298] [D] [WoWDb]   Key=235 (0x000000EB) Rows=1893
[15:32:36.298] [D] [WoWDb]   Key=236 (0x000000EC) Rows=7655
[15:32:36.298] [D] [WoWDb]   Key=237 (0x000000ED) Rows=86
[15:32:36.298] [D] [WoWDb]   Key=238 (0x000000EE) Rows=506
[15:32:36.298] [D] [WoWDb]   Key=239 (0x000000EF) Rows=291
[15:32:36.298] [D] [WoWDb] Lock DBC lookup: FOUND (rows=388)
[15:32:36.298] [D] [WoWDb] ClientDb.Lock enum value = 356 (0x00000164)
[15:32:36.299] [D] [Singular-DEBUG] Creating Combat behavior.
[15:32:36.300] [N] [Singular] Building method list
[15:32:36.301] [N] [Singular] Added 459 methods
[15:32:36.303] [D] [Singular-DEBUG] CreateRetributionPaladinNormalPullAndCombat is a match!
[15:32:36.304] [N] [Singular]  Using CreateRetributionPaladinNormalPullAndCombat for Retribution Paladin - Combat (Priority: 0)
[15:32:36.315] [D] [Singular-DEBUG] Creating Pull behavior.
[15:32:36.316] [D] [Singular-DEBUG] CreateRetributionPaladinNormalPullAndCombat is a match!
[15:32:36.316] [N] [Singular]  Using CreateRetributionPaladinNormalPullAndCombat for Retribution Paladin - Pull (Priority: 0)
[15:32:36.318] [D] [Singular-DEBUG] Creating Rest behavior.
[15:32:36.319] [D] [Singular-DEBUG] CreateRetributionPaladinRest is a match!
[15:32:36.319] [N] [Singular]  Using CreateRetributionPaladinRest for Retribution Paladin - Rest (Priority: 0)
[15:32:36.321] [D] [Singular-DEBUG] Creating CombatBuffs behavior.
[15:32:36.322] [D] [Singular-DEBUG] Creating Heal behavior.
[15:32:36.323] [D] [Singular-DEBUG] CreateRetributionPaladinHeal is a match!
[15:32:36.323] [N] [Singular]  Using CreateRetributionPaladinHeal for Retribution Paladin - Heal (Priority: 0)
[15:32:36.323] [D] [Singular-DEBUG] CreateRetributionPaladinNormalPullAndCombat is a match!
[15:32:36.323] [N] [Singular]  Using CreateRetributionPaladinNormalPullAndCombat for Retribution Paladin - Heal (Priority: 0)
[15:32:36.324] [D] [Singular-DEBUG] Creating PullBuffs behavior.
[15:32:36.325] [D] [Singular-DEBUG] Creating PreCombatBuffs behavior.
[15:32:36.326] [D] [Singular-DEBUG] CreatePaladinPreCombatBuffs is a match!
[15:32:36.326] [N] [Singular]  Using CreatePaladinPreCombatBuffs for Retribution Paladin - PreCombatBuffs (Priority: 0)
[15:32:36.330] [N] [Singular] Behaviors created!
[15:32:36.344] [D] [Singular-DEBUG] Attached combat log
[15:32:36.344] [D] Routine initialized successfully
[15:32:36.346] [D] Loading built-in bots from assembly: CopilotBuddy
[15:32:36.369] [D] Found bot type: PartyBot.DiscoBot
[15:32:36.369] [N] New bot added: Party Bot
[15:32:36.369] [D] Loaded built-in bot: Party Bot
[15:32:36.369] [D] Found bot type: Bots.Quest.QuestBot
[15:32:36.369] [N] New bot added: Questing
[15:32:36.369] [D] Loaded built-in bot: Questing
[15:32:36.369] [D] Found bot type: Bots.Grind.LevelBot
[15:32:36.369] [N] New bot added: Grind
[15:32:36.369] [D] Loaded built-in bot: Grind
[15:32:36.369] [D] Found bot type: Bots.Gatherbuddy.GatherbuddyBot
[15:32:36.369] [N] New bot added: GatherBuddy
[15:32:36.369] [D] Loaded built-in bot: GatherBuddy
[15:32:36.369] [D] Found bot type: Bots.DungeonBuddy.DungeonBuddy
[15:32:36.370] [N] New bot added: DungeonBuddy
[15:32:36.370] [D] Loaded built-in bot: DungeonBuddy
[15:32:36.370] [D] Found bot type: Bots.BGBuddy.BGBuddy
[15:32:36.370] [N] New bot added: BGBuddy
[15:32:36.370] [D] Loaded built-in bot: BGBuddy
[15:32:36.370] [D] Built-in bot loading complete. 6 bots loaded.
[15:32:36.374] [N] Loading bots from: D:\World of Warcraft 3.3.5a\CB\Bots
[15:32:36.381] [N] Found 123 source files
[15:32:36.388] [N] Found 0 dll files
[15:32:36.388] [N] Compiling: CombatBot.cs
[15:32:36.575] [N] Compiled successfully: CombatBot.cs
[15:32:36.575] [N] Compiling directory: Auto Angler 2/ (23 files)
[15:32:36.899] [N] Compiled successfully: Auto Angler 2/
[15:32:36.899] [N] Compiling directory: LazyRaider/ (4 files)
[15:32:37.148] [N] Compiled successfully: LazyRaider/
[15:32:37.148] [N] Compiling directory: ProfessionBuddy/ (52 files)
[15:32:37.935] [N] Compiled successfully: ProfessionBuddy/
[15:32:37.935] [N] Compiling directory: Templar/ (27 files)
[15:32:38.346] [N] Compiled successfully: Templar/
[15:32:38.346] [N] Compiling directory: Tyrael/ (5 files)
[15:32:38.546] [N] Compiled successfully: Tyrael/
[15:32:38.546] [N] Compiling directory: WholesomeAutoQuest-master/ (11 files)
[15:32:39.180] [N] Compiled successfully: WholesomeAutoQuest-master/
[15:32:39.180] [N] ClassCollection contains 7 compiled bots
[15:32:39.180] [N] Adding bot: Combat Bot
[15:32:39.180] [N] New bot added: Combat Bot
[15:32:39.180] [N] Adding bot: AutoAngler
[15:32:39.180] [N] New bot added: AutoAngler
[15:32:39.180] [N] Adding bot: LazyRaider
[15:32:39.180] [N] New bot added: LazyRaider
[15:32:39.180] [N] Adding bot: ProfessionBuddy
[15:32:39.180] [N] New bot added: ProfessionBuddy
[15:32:39.180] [N] Adding bot: Templar
[15:32:39.180] [N] New bot added: Templar
[15:32:39.180] [N] Adding bot: Tyrael
[15:32:39.180] [N] New bot added: Tyrael
[15:32:39.180] [N] Adding bot: Wholesome Auto Quest
[15:32:39.180] [N] New bot added: Wholesome Auto Quest
[15:32:39.180] [N] Bot loading complete. 13 bots loaded.
[15:32:39.180] [N] Initializing Plugins...
[15:32:40.939] [N] [DeathStallRecovery] Enabled. The bot will stop if corpse recovery makes no movement progress for 60 seconds.
[15:32:41.828] [D] Rarekiller: Loading config file: D:\World of Warcraft 3.3.5a\CB\Plugins\RareKiller\config\Rarekiller.config
[15:32:41.829] [D] Root element is missing.
[15:32:41.829] [N] Rarekiller: Continuing with Default Config Values
[15:32:41.830] [D] Rarekiller: Loading config file: D:\World of Warcraft 3.3.5a\CB\Plugins\RareKiller\config\Rarekiller.config
[15:32:41.830] [D] Root element is missing.
[15:32:41.830] [N] Rarekiller: Continuing with Default Config Values
[15:32:41.830] [N] Rare Mob Killer - Version 3.3 Loaded.
[15:32:41.830] [N] Rarekiller Part Tamer: I'm no Hunter. Deactivate the Tamer Part
[15:32:42.417] [N] [VendorRecovery] Enabled. Failed Sell/Repair vendors will be skipped after 35 seconds at the NPC.
[15:32:42.606] [N] Plugin loading complete. 16 plugins loaded.
[15:32:42.606] [N] Plugins refreshed successfully.
[15:32:42.611] [N] Changing current bot to: Wholesome Auto Quest
[15:32:52.134] [D] [Settings] Saved all settings
[15:32:52.135] [N] Starting the bot.
[15:32:52.135] [N] Currently Using BotBase : Wholesome Auto Quest
[15:32:52.135] [N] Character is a level 30 BloodElf Paladin
[15:32:52.136] [N] Current zone is Thousand Needles
[15:32:52.137] [D] Loading profile from D:\World of Warcraft 3.3.5a\CB\Bots\WholesomeAutoQuest\WHOLESOME_AUTOQUESTER.xml
[15:32:52.278] [D] [QuestBehaviorHelper] Initialized with 264 assembly references
[15:32:52.278] [D] [QuestBehavior] Found file behavior: D:\World of Warcraft 3.3.5a\CB\Quest Behaviors\UseTransport.cs
[15:32:52.291] [D] [QuestBehavior] Found file behavior: D:\World of Warcraft 3.3.5a\CB\Quest Behaviors\UseTransport.cs
[15:32:52.311] [D] [CompileBatch] Compiling 4 entries...
[15:32:52.462] [D] [CompileBatch] Compiled successfully.
[15:32:52.466] [N] Profile loaded: WholesomeAQ - Thousand Needles
[15:32:52.467] [D] Selected sub-profile: WholesomeAQ - Thousand Needles (L1-80)
[15:32:52.703] [D] [WholesomeAQ] Navigation fingerprint unknown: provider or mesh-root stamp unavailable.
[15:32:52.843] [N] [VendorSafety] Skipping NPC 10380 for this session: Wholesome saved vendor blacklist. Trying the next suitable NPC.
[15:32:52.843] [N] [VendorSafety] Skipping NPC 3392 for this session: Wholesome saved vendor blacklist. Trying the next suitable NPC.
[15:32:52.844] [N] [VendorSafety] Skipping NPC 5848 for this session: Wholesome saved vendor blacklist. Trying the next suitable NPC.
[15:32:52.844] [N] [Wholesome Auto Quest] Loaded 3 blacklisted vendors
[15:32:53.307] [D] [QuestLog] Loaded 79 completed quests from Lua fallback
[15:32:53.340] [D] [ProfileBatchManager] Batch reset for new profile session.
[15:32:53.340] [N] [Wholesome Auto Quest] Class Paladin → PullDistance set to 24
[15:32:53.341] [N] [Wholesome Auto Quest] Initial scheduler build.
[15:32:54.078] [N] Loaded 0 global blackspots
[15:32:54.102] [D] Loading profile from D:\World of Warcraft 3.3.5a\CB\Bots\WholesomeAutoQuest\WHOLESOME_AUTOQUESTER.xml
[15:32:54.109] [D] [QuestBehavior] Found file behavior: D:\World of Warcraft 3.3.5a\CB\Quest Behaviors\UseTransport.cs
[15:32:54.110] [D] [QuestBehavior] Found file behavior: D:\World of Warcraft 3.3.5a\CB\Quest Behaviors\UseTransport.cs
[15:32:54.110] [D] [QuestBehavior] Found file behavior: D:\World of Warcraft 3.3.5a\CB\Quest Behaviors\UseTransport.cs
[15:32:54.111] [D] [CompileBatch] Compiling 6 entries...
[15:32:54.240] [D] [CompileBatch] Compiled successfully.
[15:32:54.240] [N] Profile loaded: WholesomeAQ - Thousand Needles
[15:32:54.273] [D] Selected sub-profile: WholesomeAQ - Thousand Needles (L1-80)
[15:32:54.273] [N] [Wholesome Auto Quest] Profile refreshed - Selected 1 quest work candidate(s). selected quest=4841;stage=Objective;state=Eligible. quest-log-full=25/25; deferred new pickups while retaining accepted quest work. excluded quest=1062;stage=TurnIn;npc=4049;reason=outside-scan-radius;retry=context-change excluded quest=1069;stage=Objective;objective=0;reason=outside-scan-radius;retry=context-change. excluded quest=1087;stage=Objective;objective=2;reason=outside-scan-radius;retry=context-change. excluded quest=1093;stage=Objective;scope=Objective;objective=0;retry=2026-09-11T07:58:16.6056183Z;state=HalfOpen. excluded quest=4921;stage=Objective;scope=QuestStage;retry=2026-09-11T07:58:16.6056183Z;state=HalfOpen. excluded quest=5147;stage=Objective;scope=Objective;objective=0;retry=2026-09-11T07:58:16.6056183Z;state=HalfOpen. excluded quest=6382;stage=TurnIn;npc=12696;reason=outside-scan-radius;retry=context-change excluded quest=6393;stage=Objective;scope=Objective;objective=0;retry=2026-09-11T07:58:16.6056183Z;state=HalfOpen. excluded quest=6441;stage=Objective;scope=Objective;objective=0;retry=2026-09-11T07:58:16.6056183Z;state=HalfOpen. excluded quest=6461;stage=TurnIn;npc=12816;reason=outside-scan-radius;retry=context-change excluded quest=6543;stage=Objective;scope=Objective;objective=0;retry=2026-09-11T07:58:16.6056183Z;state=HalfOpen. excluded quest=846;stage=Objective;scope=Objective;objective=0;retry=2026-09-11T12:58:16.6033605Z;state=Quarantined. excluded quest=846;stage=Objective;scope=Objective;objective=1;retry=2026-09-11T12:58:16.6078334Z;state=Quarantined. excluded quest=846;stage=Objective;scope=Objective;objective=2;retry=2026-09-11T12:58:16.6079054Z;state=Quarantined. excluded quest=8487;stage=TurnIn;scope=QuestStage;retry=2026-09-11T07:58:16.6056183Z;state=HalfOpen. excluded quest=867;stage=Objective;scope=Objective;objective=0;retry=2026-09-11T12:58:16.6097297Z;state=Quarantined. excluded quest=868;stage=TurnIn;npc=3428;reason=outside-scan-radius;retry=context-change excluded quest=879;stage=Objective;scope=Objective;objective=0;retry=2026-09-11T12:58:16.6158450Z;state=Quarantined. excluded quest=879;stage=Objective;scope=Objective;objective=1;retry=2026-09-11T12:58:16.6158941Z;state=Quarantined. excluded quest=879;stage=Objective;scope=Objective;objective=2;retry=2026-09-11T07:58:16.6056183Z;state=HalfOpen. excluded quest=8889;stage=Objective;objective=0;reason=outside-scan-radius;retry=context-change. excluded quest=8889;stage=Objective;objective=1;reason=outside-scan-radius;retry=context-change. excluded quest=8889;stage=Objective;objective=2;reason=outside-scan-radius;retry=context-change. excluded quest=891;stage=Objective;scope=QuestStage;retry=2026-09-11T07:58:16.6056183Z;state=HalfOpen. excluded quest=893;stage=Objective;scope=Objective;objective=0;retry=2026-09-11T07:58:16.6056183Z;state=HalfOpen. excluded quest=893;stage=Objective;scope=Objective;objective=1;retry=2026-09-11T07:58:16.6056183Z;state=HalfOpen. excluded quest=893;stage=Objective;scope=Objective;objective=2;retry=2026-09-11T07:58:16.6056183Z;state=HalfOpen. excluded quest=896;stage=Objective;scope=Objective;objective=0;retry=2026-09-11T07:58:16.6056183Z;state=HalfOpen. excluded quest=9067;stage=Objective;scope=Objective;objective=0;retry=2026-09-11T07:58:16.6056183Z;state=HalfOpen. excluded quest=9157;stage=TurnIn;scope=QuestStage;retry=2026-09-11T07:58:16.6056183Z;state=HalfOpen. excluded quest=9431;stage=Objective;scope=Objective;objective=0;retry=2026-09-11T07:58:16.6056183Z;state=HalfOpen.
[15:32:54.275] [N] [Wholesome Auto Quest] Started with quest data loaded.
[15:32:54.358] [N] [SpellDb] Loaded 49816 spells from Spells.bin
[15:32:54.406] [D] Setting CVars: autoSelfCast=1, autoLootDefault=1
[15:32:54.473] [D] Cleared POI
[15:32:54.481] [D] Refresh() called. LastCount=0, CurrentCount=34
[15:32:54.481] [N] Building spell book
[15:32:54.482] [D] Found 34 spells from LocalPlayer.KnownSpells
[15:32:54.482] [N] Adding Arcane Affinity
[15:32:54.482] [N] Adding Arcane Torrent
[15:32:54.482] [N] Adding Auto Attack
[15:32:54.483] [N] Adding Block
[15:32:54.483] [N] Adding Dodge
[15:32:54.483] [N] Adding Magic Resistance
[15:32:54.484] [N] Adding Parry
[15:32:54.484] [N] Adding Blessing of Wisdom
[15:32:54.484] [N] Adding Concentration Aura
[15:32:54.484] [N] Adding Consecration
[15:32:54.485] [N] Adding Exorcism
[15:32:54.485] [N] Adding Flash of Light
[15:32:54.485] [N] Adding Holy Light
[15:32:54.485] [N] Adding Lay on Hands
[15:32:54.486] [N] Adding Purify
[15:32:54.486] [N] Adding Seal of Righteousness
[15:32:54.486] [N] Adding Sense Undead
[15:32:54.487] [N] Adding Turn Evil
[15:32:54.487] [N] Adding Blessing of Kings
[15:32:54.487] [N] Adding Devotion Aura
[15:32:54.487] [N] Adding Divine Protection
[15:32:54.488] [N] Adding Hammer of Justice
[15:32:54.488] [N] Adding Hand of Freedom
[15:32:54.488] [N] Adding Hand of Protection
[15:32:54.489] [N] Adding Hand of Reckoning
[15:32:54.489] [N] Adding Hand of Salvation
[15:32:54.489] [N] Adding Righteous Defense
[15:32:54.489] [N] Adding Righteous Fury
[15:32:54.490] [N] Adding Seal of Justice
[15:32:54.490] [N] Adding Blessing of Might
[15:32:54.490] [N] Adding Judgement of Light
[15:32:54.491] [N] Adding Judgement of Wisdom
[15:32:54.498] [N] Adding Retribution Aura
[15:32:54.498] [N] Adding Seal of Command
[15:32:54.499] [N] Spell book built
[15:32:54.499] [D] [SpellManager] Initialize — subscribed to BotEvents.OnBotStart
[15:32:54.750] [D] [WeightSet] Selected weight set: Paladin-Retribution
[15:32:55.655] [D] [Pulse] Slow plugin: name=AutoEquip2 elapsed=1068ms
[15:32:55.689] [D] [Talented] SelectMajorTalentTree called but not needed in WotLK 3.3.5a
[15:32:55.709] [D] [Pulse] Slow plugin: name=Talented elapsed=53ms
[15:32:55.756] [D] [Pulse] Slow plugin: name=Tidy Bags 3 Reloaded elapsed=46ms
[15:32:55.762] [D] [Pulse] Slow shared pulse: total=1252ms movement=0 objects=1 lua=0 info=0 loot=16 targeting=55 events=1 plugins=1171 routine=6
[15:32:56.548] [D] [Blackspot] Area cost initialized: area 17 = 60x
[15:32:56.562] [D] [Nav] Loaded 9 mesh tiles for one path query
[15:32:56.567] [D] [If] Condition is true, executing If body
[15:32:56.588] [D] [If] Condition is true, executing If body
[15:32:56.627] [N] [QuestBehavior] Compiling: D:\World of Warcraft 3.3.5a\CB\Quest Behaviors\UseTransport.cs
[15:32:56.757] [N] [QuestBehavior] Successfully compiled: UseTransport.cs
[15:32:56.768] [N] [Code] Executing custom behavior: UseTransport
[15:32:56.770] [D] Goal: UseTransport: Freewind Post lower level
[15:32:56.771] [D] Activity: Moving to wait location
[15:32:56.772] [D] [UseTransport-v217(debug) @line 38]: Approaching wait location: player=(-5425.65, -2448.40, 89.28); wait2D=56.88; waitZ=0.21; pathPrecision=1.50; transport=(-5399.19, -2504.62, 89.02); startDistance=0.00; onTransport=False; usedTransport=False
[15:32:56.859] [D] [Pulse] Slow bot root: 505ms bot=Wholesome Auto Quest poi=None combat=False
[15:32:57.761] [D] [Pulse] Slow bot root: 200ms bot=Wholesome Auto Quest poi=None combat=False
[15:32:58.671] [D] [Pulse] Slow bot root: 201ms bot=Wholesome Auto Quest poi=None combat=False
[15:32:59.606] [D] [Pulse] Slow bot root: 200ms bot=Wholesome Auto Quest poi=None combat=False
[15:33:00.446] [D] [UseTransport-v217(debug) @line 38]: Approaching wait location: player=(-5396.12, -2475.07, 88.94); wait2D=17.09; waitZ=0.13; pathPrecision=1.68; transport=(-5399.19, -2504.62, 89.02); startDistance=0.00; onTransport=False; usedTransport=False
[15:33:00.512] [D] [Pulse] Slow bot root: 199ms bot=Wholesome Auto Quest poi=None combat=False
[15:33:01.381] [D] [Pulse] Slow bot root: 166ms bot=Wholesome Auto Quest poi=None combat=False
[15:33:02.219] [D] Stop and dismount.
[15:33:02.251] [D] Activity: Waiting for transport
[15:33:02.251] [D] [Pulse] Slow bot root: 169ms bot=Wholesome Auto Quest poi=None combat=False
[15:33:03.162] [N] [Singular] Casting Seal of Righteousness on Myself
[15:33:03.162] [D] Spell_C::CastSpell(21084, 0, 0x6000000007EAB80, 0)
[15:33:03.196] [D] [Pulse] Slow bot root: 238ms bot=Wholesome Auto Quest poi=None combat=False
[15:33:04.065] [D] Activity: Moving inside transport
[15:33:04.265] [D] [Pulse] Slow bot root: 334ms bot=Wholesome Auto Quest poi=None combat=False
[15:33:05.305] [D] [Pulse] Slow bot root: 302ms bot=Wholesome Auto Quest poi=None combat=False
[15:33:05.778] [D] [Pulse] Slow plugin: name=AutoEquip2 elapsed=434ms
[15:33:05.843] [D] [Pulse] Slow plugin: name=Tidy Bags 3 Reloaded elapsed=64ms
[15:33:05.844] [D] [Pulse] Slow shared pulse: total=539ms movement=0 objects=0 lua=1 info=0 loot=1 targeting=35 events=0 plugins=499 routine=0
[15:33:06.616] [N] Blacklisting Nyse for 5 minutes because we can't navigate to it.
[15:33:06.616] [D] Blacklisting F1300010DD0B9A95 for 00:05:00
[15:33:06.816] [D] [Pulse] Slow bot root: 368ms bot=Wholesome Auto Quest poi=None combat=False
[15:33:07.823] [D] [Pulse] Slow bot root: 304ms bot=Wholesome Auto Quest poi=None combat=False
[15:33:08.835] [D] [Pulse] Slow bot root: 301ms bot=Wholesome Auto Quest poi=None combat=False
[15:33:09.603] [D] Activity: Releasing from corpse
[15:33:09.603] [N] I died.
[15:33:09.669] [D] [Pulse] Slow bot root: 131ms bot=Wholesome Auto Quest poi=None combat=False
[15:33:09.669] [D] Flushing timed movement. Direction: JumpAscend
[15:33:09.773] [D] Cleared POI
[15:33:09.773] [N] [DeathStallRecovery] Death detected at (-5400.67, -2497.23, -44.89); monitoring corpse-recovery movement.
[15:33:10.139] [D] [Pulse] Slow bot root: 101ms bot=Wholesome Auto Quest poi=None combat=False
[15:33:10.442] [D] Activity: Moving to corpse
[15:33:10.643] [D] [Pulse] Slow bot root: 404ms bot=Wholesome Auto Quest poi=None combat=False
[15:33:11.109] [D] [Pulse] Slow bot root: 366ms bot=Wholesome Auto Quest poi=None combat=False
[15:33:11.610] [D] [Pulse] Slow bot root: 400ms bot=Wholesome Auto Quest poi=None combat=False
[15:33:12.081] [D] [Pulse] Slow bot root: 369ms bot=Wholesome Auto Quest poi=None combat=False
[15:33:12.589] [D] [Pulse] Slow bot root: 407ms bot=Wholesome Auto Quest poi=None combat=False
[15:33:13.057] [D] [Pulse] Slow bot root: 368ms bot=Wholesome Auto Quest poi=None combat=False
[15:33:13.530] [D] [Pulse] Slow bot root: 371ms bot=Wholesome Auto Quest poi=None combat=False
[15:33:13.997] [D] [Pulse] Slow bot root: 366ms bot=Wholesome Auto Quest poi=None combat=False
[15:33:14.500] [D] [Pulse] Slow bot root: 400ms bot=Wholesome Auto Quest poi=None combat=False
[15:33:14.969] [D] [Pulse] Slow bot root: 368ms bot=Wholesome Auto Quest poi=None combat=False
[15:33:15.437] [D] [Pulse] Slow bot root: 333ms bot=Wholesome Auto Quest poi=None combat=False
[15:33:15.908] [D] [Pulse] Slow bot root: 369ms bot=Wholesome Auto Quest poi=None combat=False
[15:33:16.010] [D] [Pulse] Slow plugin: name=Tidy Bags 3 Reloaded elapsed=62ms
[15:33:16.379] [D] [Pulse] Slow bot root: 368ms bot=Wholesome Auto Quest poi=None combat=False
[15:33:16.846] [D] [Pulse] Slow bot root: 364ms bot=Wholesome Auto Quest poi=None combat=False
[15:33:17.315] [D] [Pulse] Slow bot root: 369ms bot=Wholesome Auto Quest poi=None combat=False
[15:33:17.785] [D] [Pulse] Slow bot root: 367ms bot=Wholesome Auto Quest poi=None combat=False
[15:33:18.289] [D] [Pulse] Slow bot root: 402ms bot=Wholesome Auto Quest poi=None combat=False
[15:33:18.793] [D] [Pulse] Slow bot root: 402ms bot=Wholesome Auto Quest poi=None combat=False
[15:33:19.264] [D] [Pulse] Slow bot root: 369ms bot=Wholesome Auto Quest poi=None combat=False
[15:33:19.710] [D] [Pulse] Slow bot root: 346ms bot=Wholesome Auto Quest poi=None combat=False
[15:33:20.148] [D] [Pulse] Slow bot root: 336ms bot=Wholesome Auto Quest poi=None combat=False
[15:33:20.647] [D] [Pulse] Slow bot root: 366ms bot=Wholesome Auto Quest poi=None combat=False
[15:33:21.081] [D] [Pulse] Slow bot root: 334ms bot=Wholesome Auto Quest poi=None combat=False
[15:33:21.518] [D] [Pulse] Slow bot root: 337ms bot=Wholesome Auto Quest poi=None combat=False
[15:33:21.957] [D] [Pulse] Slow bot root: 337ms bot=Wholesome Auto Quest poi=None combat=False
[15:33:22.392] [D] [Pulse] Slow bot root: 335ms bot=Wholesome Auto Quest poi=None combat=False
[15:33:22.832] [D] [Pulse] Slow bot root: 336ms bot=Wholesome Auto Quest poi=None combat=False
[15:33:23.270] [D] [Pulse] Slow bot root: 336ms bot=Wholesome Auto Quest poi=None combat=False
[15:33:23.579] [N] There are 0 hostile mobs near our corpse.
[15:33:23.580] [D] Changed POI to: Type: Corpse, Name: Unknown, Guid: 0, Entry: 0, Location: (-5400.67, -2497.23, -44.89)
[15:33:23.707] [D] [Pulse] Slow bot root: 335ms bot=Wholesome Auto Quest poi=Corpse combat=False
[15:33:24.106] [D] [Pulse] Slow bot root: 297ms bot=Wholesome Auto Quest poi=Corpse combat=False
[15:33:24.510] [D] [Pulse] Slow bot root: 301ms bot=Wholesome Auto Quest poi=Corpse combat=False
[15:33:24.915] [D] [Pulse] Slow bot root: 304ms bot=Wholesome Auto Quest poi=Corpse combat=False
[15:33:25.283] [D] [Pulse] Slow bot root: 267ms bot=Wholesome Auto Quest poi=Corpse combat=False
[15:33:25.688] [D] [Pulse] Slow bot root: 270ms bot=Wholesome Auto Quest poi=Corpse combat=False
[15:33:26.058] [D] [Pulse] Slow bot root: 268ms bot=Wholesome Auto Quest poi=Corpse combat=False
[15:33:26.158] [D] [Pulse] Slow plugin: name=Tidy Bags 3 Reloaded elapsed=63ms
[15:33:26.428] [D] [Pulse] Slow bot root: 269ms bot=Wholesome Auto Quest poi=Corpse combat=False
[15:33:26.829] [D] [Pulse] Slow bot root: 300ms bot=Wholesome Auto Quest poi=Corpse combat=False
[15:33:27.200] [D] [Pulse] Slow bot root: 270ms bot=Wholesome Auto Quest poi=Corpse combat=False
[15:33:27.606] [D] [Pulse] Slow bot root: 302ms bot=Wholesome Auto Quest poi=Corpse combat=False
[15:33:27.974] [D] [Pulse] Slow bot root: 266ms bot=Wholesome Auto Quest poi=Corpse combat=False
[15:33:28.243] [D] Activity: Waiting for corpse recovery delay to expire
[15:33:28.243] [D] [Pulse] Slow bot root: 168ms bot=Wholesome Auto Quest poi=Corpse combat=False
[15:33:28.511] [D] [Pulse] Slow bot root: 168ms bot=Wholesome Auto Quest poi=Corpse combat=False
[15:33:28.779] [D] [Pulse] Slow bot root: 168ms bot=Wholesome Auto Quest poi=Corpse combat=False
[15:33:29.048] [D] [Pulse] Slow bot root: 168ms bot=Wholesome Auto Quest poi=Corpse combat=False
[15:33:29.316] [D] [Pulse] Slow bot root: 166ms bot=Wholesome Auto Quest poi=Corpse combat=False
[15:33:29.587] [D] [Pulse] Slow bot root: 171ms bot=Wholesome Auto Quest poi=Corpse combat=False
[15:33:29.849] [D] [Pulse] Slow bot root: 167ms bot=Wholesome Auto Quest poi=Corpse combat=False
[15:33:30.120] [D] [Pulse] Slow bot root: 169ms bot=Wholesome Auto Quest poi=Corpse combat=False
[15:33:30.388] [D] [Pulse] Slow bot root: 167ms bot=Wholesome Auto Quest poi=Corpse combat=False
[15:33:30.692] [D] [Pulse] Slow bot root: 167ms bot=Wholesome Auto Quest poi=Corpse combat=False
[15:33:30.960] [D] [Pulse] Slow bot root: 166ms bot=Wholesome Auto Quest poi=Corpse combat=False
[15:33:31.232] [D] [Pulse] Slow bot root: 169ms bot=Wholesome Auto Quest poi=Corpse combat=False
[15:33:31.499] [D] [Pulse] Slow bot root: 168ms bot=Wholesome Auto Quest poi=Corpse combat=False
[15:33:31.768] [D] [Pulse] Slow bot root: 167ms bot=Wholesome Auto Quest poi=Corpse combat=False
[15:33:32.036] [D] [Pulse] Slow bot root: 166ms bot=Wholesome Auto Quest poi=Corpse combat=False
[15:33:32.304] [D] [Pulse] Slow bot root: 165ms bot=Wholesome Auto Quest poi=Corpse combat=False
[15:33:32.572] [D] [Pulse] Slow bot root: 167ms bot=Wholesome Auto Quest poi=Corpse combat=False
[15:33:32.838] [D] [Pulse] Slow bot root: 163ms bot=Wholesome Auto Quest poi=Corpse combat=False
[15:33:33.105] [D] [Pulse] Slow bot root: 166ms bot=Wholesome Auto Quest poi=Corpse combat=False
[15:33:33.372] [D] [Pulse] Slow bot root: 165ms bot=Wholesome Auto Quest poi=Corpse combat=False
[15:33:33.675] [D] [Pulse] Slow bot root: 166ms bot=Wholesome Auto Quest poi=Corpse combat=False
[15:33:33.855] [N] Stopping the bot!
[15:33:33.857] [N] Bot stopping! Reason: User request
[15:33:33.858] [D] Exception in GetReturnValues: Thread was interrupted from a waiting state.
[15:33:33.912] [D] [Pulse] Slow bot root: 134ms bot=Wholesome Auto Quest poi=Corpse combat=False
[15:33:33.954] [D] Cleared POI
[15:33:33.956] [D] Worker thread exited cleanly
[15:38:18.759] [D] [Settings] Saved all settings
